2025-08-28 23:52:47 [scrapy.utils.log] INFO: Scrapy 2.13.3 started (bot: program_crawler)
2025-08-28 23:52:47 [scrapy.utils.log] INFO: Versions:
{'lxml': '6.0.0',
 'libxml2': '2.14.4',
 'cssselect': '1.3.0',
 'parsel': '1.10.0',
 'w3lib': '2.3.1',
 'Twisted': '25.5.0',
 'Python': '3.9.23 (main, Jun  5 2025, 13:40:20) - [GCC 11.2.0]',
 'pyOpenSSL': '25.1.0 (OpenSSL 3.5.1 1 Jul 2025)',
 'cryptography': '45.0.5',
 'Platform': 'Linux-5.15.0-144-generic-x86_64-with-glibc2.35'}
2025-08-28 23:52:47 [program_spider] INFO: 尝试加载CSV文件: /net/scratch/jingyang/GradPilot_DataBase/Crawl/urls_subject/电气电子/电气电子_2.csv
2025-08-28 23:52:47 [program_spider] INFO: 文件是否存在: True
2025-08-28 23:52:47 [program_spider] INFO: 
================================================================================
2025-08-28 23:52:47 [program_spider] INFO: 原始总项目数: 100
2025-08-28 23:52:47 [program_spider] INFO: 将要爬取 100 个项目
2025-08-28 23:52:47 [program_spider] INFO: 允许的域名: ['www.polyu.edu.hk', 'engineering.nyu.edu', 'engine.um.edu.my', 'www.kuleuven.be', 'onderwijsaanbod.kuleuven.be', 'iapse.dukekunshan.edu.cn', 'ece.duke.edu', 'pga.cityu-dg.edu.cn', 'www.cityu.edu.hk', 'www.ece.ucsd.edu', 'cockrell.utexas.edu', 'www.ece.utexas.edu', 'engineering.brown.edu', 'ece.illinois.edu', 'warwick.ac.uk', 'www.birmingham.ac.uk', 'www.uwa.edu.au', 'www.gla.ac.uk', 'www.ece.uw.edu', 'adelaideuni.edu.au', 'www.eecs.psu.edu', 'courses.leeds.ac.uk', 'www.southampton.ac.uk', 'engineering.purdue.edu', 'www.bu.edu', 'www.sheffield.ac.uk', 'www.durham.ac.uk', 'www.nottingham.ac.uk', 'graduate.northeastern.edu', 'www.qmul.ac.uk', 'engineering.wisc.edu', 'eceweb.rice.edu', 'www.ece.gatech.edu', 'www.rmit.edu.au', 'www.bath.ac.uk', 'eng.upm.edu.my', 'admission.usm.my', 'www.ncl.ac.uk', 'www.mq.edu.au', 'www.tue.nl', 'catalog.tamu.edu', 'viterbigradadmission.usc.edu', 'www.liverpool.ac.uk']
2025-08-28 23:52:47 [program_spider] INFO: 将按顺序逐个项目进行爬取
2025-08-28 23:52:47 [program_spider] INFO: ================================================================================
2025-08-28 23:52:47 [scrapy.addons] INFO: Enabled addons:
[]
2025-08-28 23:52:48 [scrapy.middleware] INFO: Enabled extensions:
['scrapy.extensions.corestats.CoreStats',
 'scrapy.extensions.memusage.MemoryUsage',
 'scrapy.extensions.logstats.LogStats',
 'scrapy.extensions.throttle.AutoThrottle']
2025-08-28 23:52:48 [scrapy.crawler] INFO: Overridden settings:
{'AUTOTHROTTLE_ENABLED': True,
 'AUTOTHROTTLE_MAX_DELAY': 6,
 'AUTOTHROTTLE_START_DELAY': 1,
 'AUTOTHROTTLE_TARGET_CONCURRENCY': 2.0,
 'BOT_NAME': 'program_crawler',
 'CONCURRENT_REQUESTS': 32,
 'DEPTH_LIMIT': 2,
 'DOWNLOAD_DELAY': 1,
 'DOWNLOAD_TIMEOUT': 30,
 'LOG_FILE': 'log/电气电子/电气电子_2_20250828_235247.log',
 'LOG_LEVEL': 'INFO',
 'NEWSPIDER_MODULE': 'program_crawler.spiders',
 'RANDOMIZE_DOWNLOAD_DELAY': 0.5,
 'RETRY_TIMES': 3,
 'SPIDER_MODULES': ['program_crawler.spiders'],
 'TELNETCONSOLE_ENABLED': False}
2025-08-28 23:52:48 [scrapy.middleware] INFO: Enabled downloader middlewares:
['scrapy.downloadermiddlewares.offsite.OffsiteMiddleware',
 'scrapy.downloadermiddlewares.httpauth.HttpAuthMiddleware',
 'scrapy.downloadermiddlewares.downloadtimeout.DownloadTimeoutMiddleware',
 'scrapy.downloadermiddlewares.defaultheaders.DefaultHeadersMiddleware',
 'program_crawler.middlewares.RandomUserAgentMiddleware',
 'program_crawler.middlewares.BrowserHeadersMiddleware',
 'scrapy.downloadermiddlewares.retry.RetryMiddleware',
 'scrapy.downloadermiddlewares.redirect.MetaRefreshMiddleware',
 'scrapy.downloadermiddlewares.httpcompression.HttpCompressionMiddleware',
 'scrapy.downloadermiddlewares.redirect.RedirectMiddleware',
 'scrapy.downloadermiddlewares.cookies.CookiesMiddleware',
 'scrapy.downloadermiddlewares.httpproxy.HttpProxyMiddleware',
 'scrapy.downloadermiddlewares.stats.DownloaderStats']
2025-08-28 23:52:48 [scrapy.middleware] INFO: Enabled spider middlewares:
['scrapy.spidermiddlewares.start.StartSpiderMiddleware',
 'scrapy.spidermiddlewares.httperror.HttpErrorMiddleware',
 'scrapy.spidermiddlewares.referer.RefererMiddleware',
 'scrapy.spidermiddlewares.urllength.UrlLengthMiddleware',
 'scrapy.spidermiddlewares.depth.DepthMiddleware']
2025-08-28 23:52:49 [scrapy.middleware] INFO: Enabled item pipelines:
['program_crawler.pipelines.JsonWriterPipeline']
2025-08-28 23:52:49 [scrapy.core.engine] INFO: Spider opened
2025-08-28 23:52:49 [py.warnings] WARNING: /home/jingyang22/.conda/envs/gp/lib/python3.9/site-packages/scrapy/core/spidermw.py:433: ScrapyDeprecationWarning: program_crawler.spiders.program_spider.ProgramSpider defines the deprecated start_requests() method. start_requests() has been deprecated in favor of a new method, start(), to support asynchronous code execution. start_requests() will stop being called in a future version of Scrapy. If you use Scrapy 2.13 or higher only, replace start_requests() with start(); note that start() is a coroutine (async def). If you need to maintain compatibility with lower Scrapy versions, when overriding start_requests() in a spider class, override start() as well; you can use super() to reuse the inherited start() implementation without copy-pasting. See the release notes of Scrapy 2.13 for details: https://docs.scrapy.org/en/2.13/news.html
  warn(

2025-08-28 23:52:49 [scrapy.extensions.logstats] INFO: Crawled 0 pages (at 0 pages/min), scraped 0 items (at 0 items/min)
2025-08-28 23:52:49 [program_spider] INFO: 
================================================================================
2025-08-28 23:52:49 [program_spider] INFO: 开始爬取项目 [1/100]
2025-08-28 23:52:49 [program_spider] INFO: 项目名称: 香港理工大学微电子技术与材料理学硕士
2025-08-28 23:52:49 [program_spider] INFO: 项目ID: 48ef3dd5-cd43-4e4c-9cac-568d8875f923
2025-08-28 23:52:49 [program_spider] INFO: 根URL: https://www.polyu.edu.hk/study/pg/tpg/2026/11044
2025-08-28 23:52:49 [program_spider] INFO: 剩余项目数: 99
2025-08-28 23:52:49 [program_spider] INFO: ================================================================================
2025-08-28 23:52:49 [program_spider] INFO: [48ef3dd5-cd43-4e4c-9cac-568d8875f923] 计数器变更: 0 -> 1, 操作: 启动根页面请求
2025-08-28 23:52:54 [program_spider] INFO: [48ef3dd5-cd43-4e4c-9cac-568d8875f923] 正在处理根页面 (已处理0个页面): https://www.polyu.edu.hk/study/pg/tpg/2026/11044
2025-08-28 23:52:54 [program_spider] INFO: [48ef3dd5-cd43-4e4c-9cac-568d8875f923] 页面总链接数: 41
2025-08-28 23:52:54 [program_spider] INFO: [48ef3dd5-cd43-4e4c-9cac-568d8875f923] 移除导航后链接数: 31 (移除了 0 个导航链接)
2025-08-28 23:52:54 [program_spider] INFO: [48ef3dd5-cd43-4e4c-9cac-568d8875f923] 有效链接数: 27, 关键词匹配数: 19, 最终提取数: 18
2025-08-28 23:52:54 [program_spider] INFO: [48ef3dd5-cd43-4e4c-9cac-568d8875f923] 页面 https://www.polyu.edu.hk/study/pg/tpg/2026/11044 (depth=0, is_root=True) 提取到 18 个链接
2025-08-28 23:52:54 [program_spider] INFO: [48ef3dd5-cd43-4e4c-9cac-568d8875f923] 爬取子链接: https://www.polyu.edu.hk/study/pg/taught-postgraduate/admission-requirements-tpg (锚文本: 'Admission Requirements', 匹配关键词: 'admission')
2025-08-28 23:52:54 [program_spider] INFO: [48ef3dd5-cd43-4e4c-9cac-568d8875f923] 爬取子链接: https://www.polyu.edu.hk/study/pg/taught-postgraduate/additional-supporting-documents-required-application-admissions-tpg (锚文本: 'Additional Supporting Documents Required for Application for Admissions', 匹配关键词: 'admission')
2025-08-28 23:52:54 [program_spider] INFO: [48ef3dd5-cd43-4e4c-9cac-568d8875f923] 爬取子链接: https://www.polyu.edu.hk/study/pg/taught-postgraduate/online-application-tpg (锚文本: 'Online Application', 匹配关键词: 'application')
2025-08-28 23:52:54 [program_spider] INFO: [48ef3dd5-cd43-4e4c-9cac-568d8875f923] 爬取子链接: https://www.polyu.edu.hk/study/pg/taught-postgraduate/student-visa-application-tpg (锚文本: 'Student Visa Application', 匹配关键词: 'application')
2025-08-28 23:52:54 [program_spider] INFO: [48ef3dd5-cd43-4e4c-9cac-568d8875f923] 爬取子链接: https://www.polyu.edu.hk/study/pg/taught-postgraduate/graduation-requirement-tpg (锚文本: 'Graduation Requirement', 匹配关键词: 'requirement')
2025-08-28 23:52:54 [program_spider] INFO: [48ef3dd5-cd43-4e4c-9cac-568d8875f923] 爬取子链接: https://www.polyu.edu.hk/study/pg/taught-postgraduate/re-admission-tpg (锚文本: 'Re-Admission', 匹配关键词: 'admission')
2025-08-28 23:52:54 [program_spider] INFO: [48ef3dd5-cd43-4e4c-9cac-568d8875f923] 爬取子链接: https://www.polyu.edu.hk/study/pg/taught-postgraduate/subject-based-admission-tpg (锚文本: 'Subject-based Admission', 匹配关键词: 'admission')
2025-08-28 23:52:54 [program_spider] INFO: [48ef3dd5-cd43-4e4c-9cac-568d8875f923] 爬取子链接: https://www.polyu.edu.hk/study/pg/taught-postgraduate/tuition-fees-tpg (锚文本: 'Tuition Fees', 匹配关键词: 'tuition')
2025-08-28 23:52:54 [program_spider] INFO: [48ef3dd5-cd43-4e4c-9cac-568d8875f923] 爬取子链接: https://www.polyu.edu.hk/study/pg/taught-postgraduate/financial-assistance-and-scholarships-tpg (锚文本: 'Financial Assistance and Scholarships', 匹配关键词: 'financial')
2025-08-28 23:52:54 [program_spider] INFO: [48ef3dd5-cd43-4e4c-9cac-568d8875f923] 爬取子链接: https://www.polyu.edu.hk/study/pg/taught-postgraduate/frequently-asked-questions-tpg (锚文本: 'FAQs', 匹配关键词: 'faqs')
2025-08-28 23:52:54 [program_spider] INFO: [48ef3dd5-cd43-4e4c-9cac-568d8875f923] 爬取子链接: https://www.polyu.edu.hk/study/pg/tpg/2026/12060-mft-mpt (锚文本: '12060 | Sept 2026 Entry

		

			Mixed Mode - 1 year (Full-time)2 years (Part-time)

		


Sustainable Technology for Carbon Neutrality - MSc - Master of Science 


碳中和可持續科技理學碩士學位


Local Application Deadline: 15 Oct 2025 (Early Round)
Non-Local Application Deadline: 15 Oct 2025 (Early Round)', 匹配关键词: 'deadline')
2025-08-28 23:52:54 [program_spider] INFO: [48ef3dd5-cd43-4e4c-9cac-568d8875f923] 爬取子链接: https://www.polyu.edu.hk/study/pg/tpg/2026/12062-mft-mpt (锚文本: '12062 | Sept 2026 Entry

		

			Mixed Mode - 1 year (Full-time)2 years (Part-time)

		


Biopharmaceutical Development and Commercialization - MSc - Master of Science 


生物醫藥研發及產業化理學碩士學位


Local Application Deadline: 15 Oct 2025 (Early Round)
Non-Local Application Deadline: 15 Oct 2025 (Early Round)', 匹配关键词: 'deadline')
2025-08-28 23:52:54 [program_spider] INFO: [48ef3dd5-cd43-4e4c-9cac-568d8875f923] 爬取子链接: https://www.polyu.edu.hk/study/pg/tpg/2026/15057-mft (锚文本: '15057 | Sept 2026 Entry

		

			Mixed Mode - 1 year

		


Global Food Safety Management and Risk Analysis - MSc - Master of Science 


環球食品安全管理及風險分析理學碩士學位


Local Application Deadline: 15 Oct 2025 (Early Round)
Non-Local Application Deadline: 15 Oct 2025 (Early Round)', 匹配关键词: 'deadline')
2025-08-28 23:52:54 [program_spider] INFO: [48ef3dd5-cd43-4e4c-9cac-568d8875f923] 爬取子链接: https://www.polyu.edu.hk/study/pg/tpg/2026/15058-mft (锚文本: '15058 | Sept 2026 Entry

		

			Mixed Mode - 1 year

		


Nutrition and Healthy Ageing - MSc - Master of Science 


營養與健康活齡理學碩士學位


Local Application Deadline: 15 Oct 2025 (Early Round)
Non-Local Application Deadline: 15 Oct 2025 (Early Round)', 匹配关键词: 'deadline')
2025-08-28 23:52:54 [program_spider] INFO: [48ef3dd5-cd43-4e4c-9cac-568d8875f923] 爬取子链接: https://www.polyu.edu.hk/study/pg/tpg/2026/15058-npf (锚文本: '15058 | Sept 2026 Entry

		

			Mixed Mode - 1 year

		


Nutrition and Healthy Ageing (Nutrition in Practice) - MSc - Master of Science 


營養與健康活齡理學碩士學位 (營養學實踐)


Local Application Deadline: 15 Oct 2025 (Early Round)
Non-Local Application Deadline: 15 Oct 2025 (Early Round)', 匹配关键词: 'deadline')
2025-08-28 23:52:54 [program_spider] INFO: [48ef3dd5-cd43-4e4c-9cac-568d8875f923] 爬取子链接: https://www.polyu.edu.hk/study/pg/tpg/2026/15059-dft (锚文本: '15059 | Sept 2026 Entry

		

			Mixed Mode - 3 years

		


Food Science and Management - Doctor - Doctor 


食品科學及管理博士學位


Local Application Deadline: 15 Oct 2025 (Early Round)
Non-Local Application Deadline: 15 Oct 2025 (Early Round)', 匹配关键词: 'deadline')
2025-08-28 23:52:54 [program_spider] INFO: [48ef3dd5-cd43-4e4c-9cac-568d8875f923] 爬取子链接: https://www.polyu.edu.hk/study/pg/tpg/2026/15060 (锚文本: '15060 | Sept 2026 Entry

		

			Full-time - 2 years

		


Dietetics - MSc - Master of Science 


營養治療理學碩士學位


Local Application Deadline: 15 Oct 2025 (Early Round)
Non-Local Application Deadline: 15 Oct 2025 (Early Round)', 匹配关键词: 'deadline')
2025-08-28 23:52:54 [program_spider] INFO: [48ef3dd5-cd43-4e4c-9cac-568d8875f923] 爬取子链接: https://www.polyu.edu.hk/study/pg/taught-postgraduate/programme-z-tpg (锚文本: 'Programme by A-Z', 匹配关键词: 'program')
2025-08-28 23:52:54 [program_spider] INFO: [48ef3dd5-cd43-4e4c-9cac-568d8875f923] 提取链接完成，去重前 18 个链接，去重后 18 个新请求（去重了 0 个重复链接）
2025-08-28 23:52:54 [program_spider] INFO: [48ef3dd5-cd43-4e4c-9cac-568d8875f923] 计数器变更: 1 -> 19, 操作: 添加18个子页面请求
2025-08-28 23:52:54 [program_spider] INFO: [48ef3dd5-cd43-4e4c-9cac-568d8875f923] 添加 18 个新请求，当前剩余: 18
2025-08-28 23:52:54 [program_spider] INFO: [48ef3dd5-cd43-4e4c-9cac-568d8875f923] 计数器变更: 19 -> 18, 操作: 完成页面解析
2025-08-28 23:52:55 [program_spider] INFO: [48ef3dd5-cd43-4e4c-9cac-568d8875f923] 正在处理子页面(深度1) (已处理1个页面): https://www.polyu.edu.hk/study/pg/taught-postgraduate/admission-requirements-tpg
2025-08-28 23:52:55 [program_spider] INFO: [48ef3dd5-cd43-4e4c-9cac-568d8875f923] 计数器变更: 18 -> 17, 操作: 完成页面解析
2025-08-28 23:53:01 [program_spider] INFO: [48ef3dd5-cd43-4e4c-9cac-568d8875f923] 正在处理子页面(深度1) (已处理2个页面): https://www.polyu.edu.hk/study/pg/tpg/2026/15060
2025-08-28 23:53:01 [program_spider] INFO: [48ef3dd5-cd43-4e4c-9cac-568d8875f923] 计数器变更: 17 -> 16, 操作: 完成页面解析
2025-08-28 23:53:02 [program_spider] INFO: [48ef3dd5-cd43-4e4c-9cac-568d8875f923] 正在处理子页面(深度1) (已处理3个页面): https://www.polyu.edu.hk/study/pg/tpg/2026/15059-dft
2025-08-28 23:53:02 [program_spider] INFO: [48ef3dd5-cd43-4e4c-9cac-568d8875f923] 计数器变更: 16 -> 15, 操作: 完成页面解析
2025-08-28 23:53:03 [program_spider] INFO: [48ef3dd5-cd43-4e4c-9cac-568d8875f923] 正在处理子页面(深度1) (已处理4个页面): https://www.polyu.edu.hk/study/pg/tpg/2026/15058-npf
2025-08-28 23:53:03 [program_spider] INFO: [48ef3dd5-cd43-4e4c-9cac-568d8875f923] 计数器变更: 15 -> 14, 操作: 完成页面解析
2025-08-28 23:53:05 [program_spider] INFO: [48ef3dd5-cd43-4e4c-9cac-568d8875f923] 正在处理子页面(深度1) (已处理5个页面): https://www.polyu.edu.hk/study/pg/tpg/2026/15058-mft
2025-08-28 23:53:05 [program_spider] INFO: [48ef3dd5-cd43-4e4c-9cac-568d8875f923] 计数器变更: 14 -> 13, 操作: 完成页面解析
2025-08-28 23:53:06 [program_spider] INFO: [48ef3dd5-cd43-4e4c-9cac-568d8875f923] 正在处理子页面(深度1) (已处理6个页面): https://www.polyu.edu.hk/study/pg/tpg/2026/15057-mft
2025-08-28 23:53:06 [program_spider] INFO: [48ef3dd5-cd43-4e4c-9cac-568d8875f923] 计数器变更: 13 -> 12, 操作: 完成页面解析
2025-08-28 23:53:06 [program_spider] INFO: [48ef3dd5-cd43-4e4c-9cac-568d8875f923] 正在处理子页面(深度1) (已处理7个页面): https://www.polyu.edu.hk/study/pg/tpg/2026/12060-mft-mpt
2025-08-28 23:53:06 [program_spider] INFO: [48ef3dd5-cd43-4e4c-9cac-568d8875f923] 计数器变更: 12 -> 11, 操作: 完成页面解析
2025-08-28 23:53:07 [program_spider] INFO: [48ef3dd5-cd43-4e4c-9cac-568d8875f923] 正在处理子页面(深度1) (已处理8个页面): https://www.polyu.edu.hk/study/pg/tpg/2026/12062-mft-mpt
2025-08-28 23:53:07 [program_spider] INFO: [48ef3dd5-cd43-4e4c-9cac-568d8875f923] 计数器变更: 11 -> 10, 操作: 完成页面解析
2025-08-28 23:53:07 [program_spider] INFO: [48ef3dd5-cd43-4e4c-9cac-568d8875f923] 正在处理子页面(深度1) (已处理9个页面): https://www.polyu.edu.hk/study/pg/taught-postgraduate/frequently-asked-questions-tpg
2025-08-28 23:53:07 [program_spider] INFO: [48ef3dd5-cd43-4e4c-9cac-568d8875f923] 计数器变更: 10 -> 9, 操作: 完成页面解析
2025-08-28 23:53:08 [program_spider] INFO: [48ef3dd5-cd43-4e4c-9cac-568d8875f923] 正在处理子页面(深度1) (已处理10个页面): https://www.polyu.edu.hk/study/pg/taught-postgraduate/financial-assistance-and-scholarships-tpg
2025-08-28 23:53:08 [program_spider] INFO: [48ef3dd5-cd43-4e4c-9cac-568d8875f923] 计数器变更: 9 -> 8, 操作: 完成页面解析
2025-08-28 23:53:09 [program_spider] INFO: [48ef3dd5-cd43-4e4c-9cac-568d8875f923] 正在处理子页面(深度1) (已处理11个页面): https://www.polyu.edu.hk/study/pg/taught-postgraduate/tuition-fees-tpg
2025-08-28 23:53:09 [program_spider] INFO: [48ef3dd5-cd43-4e4c-9cac-568d8875f923] 计数器变更: 8 -> 7, 操作: 完成页面解析
2025-08-28 23:53:11 [program_spider] INFO: [48ef3dd5-cd43-4e4c-9cac-568d8875f923] 正在处理子页面(深度1) (已处理12个页面): https://www.polyu.edu.hk/study/pg/taught-postgraduate/subject-based-admission-tpg
2025-08-28 23:53:11 [program_spider] INFO: [48ef3dd5-cd43-4e4c-9cac-568d8875f923] 计数器变更: 7 -> 6, 操作: 完成页面解析
2025-08-28 23:53:12 [program_spider] INFO: [48ef3dd5-cd43-4e4c-9cac-568d8875f923] 正在处理子页面(深度1) (已处理13个页面): https://www.polyu.edu.hk/study/pg/taught-postgraduate/re-admission-tpg
2025-08-28 23:53:12 [program_spider] INFO: [48ef3dd5-cd43-4e4c-9cac-568d8875f923] 计数器变更: 6 -> 5, 操作: 完成页面解析
2025-08-28 23:53:12 [program_spider] INFO: [48ef3dd5-cd43-4e4c-9cac-568d8875f923] 正在处理子页面(深度1) (已处理14个页面): https://www.polyu.edu.hk/study/pg/taught-postgraduate/graduation-requirement-tpg
2025-08-28 23:53:12 [program_spider] INFO: [48ef3dd5-cd43-4e4c-9cac-568d8875f923] 计数器变更: 5 -> 4, 操作: 完成页面解析
2025-08-28 23:53:14 [program_spider] INFO: [48ef3dd5-cd43-4e4c-9cac-568d8875f923] 正在处理子页面(深度1) (已处理15个页面): https://www.polyu.edu.hk/study/pg/taught-postgraduate/online-application-tpg
2025-08-28 23:53:14 [program_spider] INFO: [48ef3dd5-cd43-4e4c-9cac-568d8875f923] 计数器变更: 4 -> 3, 操作: 完成页面解析
2025-08-28 23:53:14 [program_spider] INFO: [48ef3dd5-cd43-4e4c-9cac-568d8875f923] 正在处理子页面(深度1) (已处理16个页面): https://www.polyu.edu.hk/study/pg/taught-postgraduate/student-visa-application-tpg
2025-08-28 23:53:14 [program_spider] INFO: [48ef3dd5-cd43-4e4c-9cac-568d8875f923] 计数器变更: 3 -> 2, 操作: 完成页面解析
2025-08-28 23:53:15 [program_spider] INFO: [48ef3dd5-cd43-4e4c-9cac-568d8875f923] 正在处理子页面(深度1) (已处理17个页面): https://www.polyu.edu.hk/study/pg/taught-postgraduate/additional-supporting-documents-required-appli...
2025-08-28 23:53:15 [program_spider] INFO: [48ef3dd5-cd43-4e4c-9cac-568d8875f923] 计数器变更: 2 -> 1, 操作: 完成页面解析
2025-08-28 23:53:16 [program_spider] INFO: [48ef3dd5-cd43-4e4c-9cac-568d8875f923] 正在处理子页面(深度1) (已处理18个页面): https://www.polyu.edu.hk/study/pg/taught-postgraduate/find-your-programmes-tpg
2025-08-28 23:53:16 [program_spider] INFO: [48ef3dd5-cd43-4e4c-9cac-568d8875f923] 计数器变更: 1 -> 0, 操作: 完成页面解析
2025-08-28 23:53:17 [program_spider] INFO: [48ef3dd5-cd43-4e4c-9cac-568d8875f923] 正在完成项目
2025-08-28 23:53:17 [program_spider] INFO: 
------------------------------------------------------------
2025-08-28 23:53:17 [program_spider] INFO: [48ef3dd5-cd43-4e4c-9cac-568d8875f923] 项目完成: 香港理工大学微电子技术与材料理学硕士
2025-08-28 23:53:17 [program_spider] INFO: [48ef3dd5-cd43-4e4c-9cac-568d8875f923]   - 总页数: 19
2025-08-28 23:53:17 [program_spider] INFO: [48ef3dd5-cd43-4e4c-9cac-568d8875f923]   - 成功页数: 19
2025-08-28 23:53:17 [program_spider] INFO: [48ef3dd5-cd43-4e4c-9cac-568d8875f923]   - 失败页数: 0
2025-08-28 23:53:17 [program_spider] INFO: [48ef3dd5-cd43-4e4c-9cac-568d8875f923]   - 成功率: 100.0%
2025-08-28 23:53:17 [program_spider] INFO: ------------------------------------------------------------
2025-08-28 23:53:17 [program_spider] INFO: [48ef3dd5-cd43-4e4c-9cac-568d8875f923] 仍有 99 个项目待爬，将在爬虫空闲时继续。
2025-08-28 23:53:17 [program_spider] INFO: 成功保存项目数据: output/电气电子/香港理工大学微电子技术与材料理学硕士_电气电子.json
2025-08-28 23:53:17 [program_spider] INFO: spider_idle 触发，调度下一个项目 …
2025-08-28 23:53:17 [program_spider] INFO: 
================================================================================
2025-08-28 23:53:17 [program_spider] INFO: 开始爬取项目 [2/100]
2025-08-28 23:53:17 [program_spider] INFO: 项目名称: 香港理工大学电动汽车理学硕士
2025-08-28 23:53:17 [program_spider] INFO: 项目ID: 2df2d0df-ef90-43df-a002-2aa320fa3554
2025-08-28 23:53:17 [program_spider] INFO: 根URL: https://www.polyu.edu.hk/study/pg/tpg/2026/46012-ev-evt
2025-08-28 23:53:17 [program_spider] INFO: 剩余项目数: 98
2025-08-28 23:53:17 [program_spider] INFO: ================================================================================
2025-08-28 23:53:17 [program_spider] INFO: [2df2d0df-ef90-43df-a002-2aa320fa3554] 计数器变更: 0 -> 1, 操作: 启动根页面请求
2025-08-28 23:53:19 [program_spider] INFO: [2df2d0df-ef90-43df-a002-2aa320fa3554] 正在处理根页面 (已处理0个页面): https://www.polyu.edu.hk/study/pg/tpg/2026/46012-ev-evt
2025-08-28 23:53:19 [program_spider] INFO: [2df2d0df-ef90-43df-a002-2aa320fa3554] 页面总链接数: 52
2025-08-28 23:53:19 [program_spider] INFO: [2df2d0df-ef90-43df-a002-2aa320fa3554] 移除导航后链接数: 42 (移除了 0 个导航链接)
2025-08-28 23:53:19 [program_spider] INFO: [2df2d0df-ef90-43df-a002-2aa320fa3554] 有效链接数: 38, 关键词匹配数: 29, 最终提取数: 28
2025-08-28 23:53:19 [program_spider] INFO: [2df2d0df-ef90-43df-a002-2aa320fa3554] 页面 https://www.polyu.edu.hk/study/pg/tpg/2026/46012-ev-evt (depth=0, is_root=True) 提取到 28 个链接
2025-08-28 23:53:19 [program_spider] INFO: [2df2d0df-ef90-43df-a002-2aa320fa3554] 爬取子链接: https://www.polyu.edu.hk/study/pg/taught-postgraduate/admission-requirements-tpg (锚文本: 'Admission Requirements', 匹配关键词: 'admission')
2025-08-28 23:53:19 [program_spider] INFO: [2df2d0df-ef90-43df-a002-2aa320fa3554] 爬取子链接: https://www.polyu.edu.hk/study/pg/taught-postgraduate/additional-supporting-documents-required-application-admissions-tpg (锚文本: 'Additional Supporting Documents Required for Application for Admissions', 匹配关键词: 'admission')
2025-08-28 23:53:19 [program_spider] INFO: [2df2d0df-ef90-43df-a002-2aa320fa3554] 爬取子链接: https://www.polyu.edu.hk/study/pg/taught-postgraduate/online-application-tpg (锚文本: 'Online Application', 匹配关键词: 'application')
2025-08-28 23:53:19 [program_spider] INFO: [2df2d0df-ef90-43df-a002-2aa320fa3554] 爬取子链接: https://www.polyu.edu.hk/study/pg/taught-postgraduate/student-visa-application-tpg (锚文本: 'Student Visa Application', 匹配关键词: 'application')
2025-08-28 23:53:19 [program_spider] INFO: [2df2d0df-ef90-43df-a002-2aa320fa3554] 爬取子链接: https://www.polyu.edu.hk/study/pg/taught-postgraduate/graduation-requirement-tpg (锚文本: 'Graduation Requirement', 匹配关键词: 'requirement')
2025-08-28 23:53:19 [program_spider] INFO: [2df2d0df-ef90-43df-a002-2aa320fa3554] 爬取子链接: https://www.polyu.edu.hk/study/pg/taught-postgraduate/re-admission-tpg (锚文本: 'Re-Admission', 匹配关键词: 'admission')
2025-08-28 23:53:19 [program_spider] INFO: [2df2d0df-ef90-43df-a002-2aa320fa3554] 爬取子链接: https://www.polyu.edu.hk/study/pg/taught-postgraduate/subject-based-admission-tpg (锚文本: 'Subject-based Admission', 匹配关键词: 'admission')
2025-08-28 23:53:19 [program_spider] INFO: [2df2d0df-ef90-43df-a002-2aa320fa3554] 爬取子链接: https://www.polyu.edu.hk/study/pg/taught-postgraduate/tuition-fees-tpg (锚文本: 'Tuition Fees', 匹配关键词: 'tuition')
2025-08-28 23:53:19 [program_spider] INFO: [2df2d0df-ef90-43df-a002-2aa320fa3554] 爬取子链接: https://www.polyu.edu.hk/study/pg/taught-postgraduate/financial-assistance-and-scholarships-tpg (锚文本: 'Financial Assistance and Scholarships', 匹配关键词: 'financial')
2025-08-28 23:53:19 [program_spider] INFO: [2df2d0df-ef90-43df-a002-2aa320fa3554] 爬取子链接: https://www.polyu.edu.hk/study/pg/taught-postgraduate/frequently-asked-questions-tpg (锚文本: 'FAQs', 匹配关键词: 'faqs')
2025-08-28 23:53:19 [program_spider] INFO: [2df2d0df-ef90-43df-a002-2aa320fa3554] 爬取子链接: https://www.polyu.edu.hk/study/pg/tpg/2026/05001-fd-pd (锚文本: '05001 | Sept 2026 Entry

		

			Mixed Mode - 3 years (Full-time)5 years (Part-time)
Candidates will be deregistered from the programme if they exceed the normal duration of the programme, unless approval is obtained from the relevant authority. 

		


Engineering Doctorate - EngD - Engineering Doctorate 


工程學博士學位


Local Application Deadline: 15 Oct 2025 (Early Round)
Non-Local Application Deadline: 15 Oct 2025 (Early Round)', 匹配关键词: 'program')
2025-08-28 23:53:19 [program_spider] INFO: [2df2d0df-ef90-43df-a002-2aa320fa3554] 爬取子链接: https://www.polyu.edu.hk/study/pg/tpg/2026/47002-bmf-bmp (锚文本: '47002 | Sept 2026 Entry

		

			Mixed Mode - 1 year (Full-time)2.5 years (Part-time)

		


Biomedical Engineering - MSc - Master of Science 


生物醫學工程理學碩士學位


Local Application Deadline: 15 Oct 2025 (Early Round)
Non-Local Application Deadline: 15 Oct 2025 (Early Round)', 匹配关键词: 'deadline')
2025-08-28 23:53:19 [program_spider] INFO: [2df2d0df-ef90-43df-a002-2aa320fa3554] 爬取子链接: https://www.polyu.edu.hk/study/pg/tpg/2026/47005-stf-stp (锚文本: '47005 | Sept 2026 Entry

		

			Mixed Mode - 1.5 years (Full-time)2.5 years (Part-time)

		


Sports Technology and Management - MSc - Master of Science 


體育科技與管理理學碩士學位


Local Application Deadline: 15 Oct 2025 (Early Round)
Non-Local Application Deadline: 15 Oct 2025 (Early Round)', 匹配关键词: 'deadline')
2025-08-28 23:53:19 [program_spider] INFO: [2df2d0df-ef90-43df-a002-2aa320fa3554] 爬取子链接: https://www.polyu.edu.hk/study/pg/tpg/2026/45100-mt-mtt (锚文本: '45100 | Sept 2026 Entry

		

			Mixed Mode - 1.5 years (Full-time) 2.5 years (Part-time)

		


Knowledge and Technology Management - MSc - Master of Science 


知識及科技管理理學碩士學位


Local Application Deadline: 15 Oct 2025 (Early Round)
Non-Local Application Deadline: 15 Oct 2025 (Early Round)', 匹配关键词: 'deadline')
2025-08-28 23:53:19 [program_spider] INFO: [2df2d0df-ef90-43df-a002-2aa320fa3554] 爬取子链接: https://www.polyu.edu.hk/study/pg/tpg/2026/45100-smf-smp (锚文本: '45100 | Sept 2026 Entry

		

			Mixed Mode - 1.5 years (Full-time)2.5 years (Part-time)

		


Smart Manufacturing - MSc - Master of Science 


智能製造理學碩士學位


Local Application Deadline: 15 Oct 2025 (Early Round)
Non-Local Application Deadline: 15 Oct 2025 (Early Round)', 匹配关键词: 'deadline')
2025-08-28 23:53:19 [program_spider] INFO: [2df2d0df-ef90-43df-a002-2aa320fa3554] 爬取子链接: https://www.polyu.edu.hk/study/pg/tpg/2026/45100-mls-ml (锚文本: '45100 | Sept 2026 Entry

		

			Mixed Mode - 1.5 years (Full-time) 2.5 years (Part-time)

		


Industrial Logistics Systems  - MSc - Master of Science 


工業物流系統理學碩士學位


Local Application Deadline: 15 Oct 2025 (Early Round)
Non-Local Application Deadline: 15 Oct 2025 (Early Round)', 匹配关键词: 'deadline')
2025-08-28 23:53:19 [program_spider] INFO: [2df2d0df-ef90-43df-a002-2aa320fa3554] 爬取子链接: https://www.polyu.edu.hk/study/pg/tpg/2026/45080-sfm-sfp-sqm-sqp (锚文本: '45080 | Sept 2026 Entry

		

			Mixed Mode - 1.5 years (Full-time)3 years (Part-time)

		


Supply Chain and Logistics Management - MSc/PgD - Master of Science/Postgraduate Diploma 


供應鏈與物流管理理學碩士學位/深造文憑



(Offered under the Integrated Graduate Development Scheme. For application arrangements, please refer to https://www.polyu.edu.hk/igds)', 匹配关键词: 'application')
2025-08-28 23:53:19 [program_spider] INFO: [2df2d0df-ef90-43df-a002-2aa320fa3554] 爬取子链接: https://www.polyu.edu.hk/study/pg/tpg/2026/45080-efm-efd-eqm-eqp (锚文本: '45080 | Sept 2026 Entry

		

			Mixed Mode - 1.5 years (Full-time)3 years (Part-time)

		


Engineering Business Management - MSc/PgD - Master of Science/Postgraduate Diploma 


工程商業管理理學碩士學位/深造文憑



(Offered under the Integrated Graduate Development Scheme. For application arrangements, please refer to https://www.polyu.edu.hk/igds)', 匹配关键词: 'application')
2025-08-28 23:53:19 [program_spider] INFO: [2df2d0df-ef90-43df-a002-2aa320fa3554] 爬取子链接: https://www.polyu.edu.hk/study/pg/tpg/2026/43100-me-met (锚文本: '43100 | Sept 2026 Entry

		

			Mixed Mode - 1.5 years (Full-time)2.5 years (Part-time)

		


Mechanical Engineering - MSc - Master of Science 


機械工程學理學碩士學位


Local Application Deadline: 15 Oct 2025 (Early Round)
Non-Local Application Deadline: 15 Oct 2025 (Early Round)', 匹配关键词: 'deadline')
2025-08-28 23:53:19 [program_spider] INFO: [2df2d0df-ef90-43df-a002-2aa320fa3554] 爬取子链接: https://www.polyu.edu.hk/study/pg/tpg/2026/43101-ir-irt (锚文本: '43101 | Sept 2026 Entry

		

			Mixed Mode - 1.5 years (Full-time)2.5 years (Part-time)

		


Intelligent Robotics Engineering - MSc - Master of Science 


智能機械人工程學理學碩士學位


Local Application Deadline: 15 Oct 2025 (Early Round)
Non-Local Application Deadline: 15 Oct 2025 (Early Round)

(This programme is offered subject to approval)', 匹配关键词: 'program')
2025-08-28 23:53:19 [program_spider] INFO: [2df2d0df-ef90-43df-a002-2aa320fa3554] 爬取子链接: https://www.polyu.edu.hk/study/pg/tpg/2026/43102-se-set (锚文本: '43102 | Sept 2026 Entry

		

			Mixed Mode - 1.5 years (Full-time)2.5 years (Part-time)

		


Sustainable Energy - MSc - Master of Science 


可持續能源理學碩士學位


Local Application Deadline: 15 Oct 2025 (Early Round)
Non-Local Application Deadline: 15 Oct 2025 (Early Round)', 匹配关键词: 'deadline')
2025-08-28 23:53:19 [program_spider] INFO: [2df2d0df-ef90-43df-a002-2aa320fa3554] 爬取子链接: https://www.polyu.edu.hk/study/pg/tpg/2026/48006-amf-amp (锚文本: '48006 | Sept 2026 Entry

		

			Mixed Mode - 1.5 years (Full-time)2.5 years (Part-time)

		


Aerospace Engineering - MSc - Master of Science 


航空航天工程學理學碩士學位


Local Application Deadline: 15 Oct 2025 (Early Round)
Non-Local Application Deadline: 15 Oct 2025 (Early Round)', 匹配关键词: 'deadline')
2025-08-28 23:53:19 [program_spider] INFO: [2df2d0df-ef90-43df-a002-2aa320fa3554] 爬取子链接: https://www.polyu.edu.hk/study/pg/tpg/2026/48005-omf-omp (锚文本: '48005 | Sept 2026 Entry

		

			Mixed Mode - 1.5 years (Full-time)2.5 years (Part-time)

		


Aviation Engineering and Operations Management - MSc - Master of Science 


民航工程與營運管理學理學碩士學位


Local Application Deadline: 15 Oct 2025 (Early Round)
Non-Local Application Deadline: 15 Oct 2025 (Early Round)', 匹配关键词: 'deadline')
2025-08-28 23:53:19 [program_spider] INFO: [2df2d0df-ef90-43df-a002-2aa320fa3554] 爬取子链接: https://www.polyu.edu.hk/study/pg/tpg/2026/48007-lmf-lmp (锚文本: '48007 | Sept 2026 Entry

		

			Mixed Mode - 1.5 years (Full-time)2.5 years (Part-time)

		


Low-altitude Economy - MSc - Master of Science 


低空經濟理學碩士學位


Local Application Deadline: 15 Oct 2025 (Early Round)
Non-Local Application Deadline: 15 Oct 2025 (Early Round)', 匹配关键词: 'deadline')
2025-08-28 23:53:19 [program_spider] INFO: [2df2d0df-ef90-43df-a002-2aa320fa3554] 爬取子链接: https://www.polyu.edu.hk/study/pg/tpg/2026/46011-eie-eit (锚文本: '46011 | Sept 2026 Entry

		

			Mixed Mode - 1.5 years (Full-time)2.5 years (Part-time)

		


Electronic and Information Engineering - MSc - Master of Science 


電子及資訊工程學理學碩士學位


Local Application Deadline: 15 Oct 2025 (Early Round)
Non-Local Application Deadline: 15 Oct 2025 (Early Round)', 匹配关键词: 'deadline')
2025-08-28 23:53:19 [program_spider] INFO: [2df2d0df-ef90-43df-a002-2aa320fa3554] 爬取子链接: https://www.polyu.edu.hk/study/pg/tpg/2026/46013-mq-mqt (锚文本: '46013 | Sept 2026 Entry

		

			Mixed Mode - 1 year (Full-time)2.5 years (Part-time)

		


Microelectronics and Quantum Systems Engineering - MSc - Master of Science 


微電子及量子系統工程理學碩士學位


Local Application Deadline: 15 Oct 2025 (Early Round)
Non-Local Application Deadline: 15 Oct 2025 (Early Round)', 匹配关键词: 'deadline')
2025-08-28 23:53:19 [program_spider] INFO: [2df2d0df-ef90-43df-a002-2aa320fa3554] 爬取子链接: https://www.polyu.edu.hk/study/pg/tpg/2026/46010-ee-eet (锚文本: '46010 | Sept 2026 Entry

		

			Mixed Mode - 1.5 years (Full-time)2.5 years (Part-time)

		


Electrical Engineering - MSc - Master of Science 


電機工程學理學碩士學位


Local Application Deadline: 15 Oct 2025 (Early Round)
Non-Local Application Deadline: 15 Oct 2025 (Early Round)', 匹配关键词: 'deadline')
2025-08-28 23:53:19 [program_spider] INFO: [2df2d0df-ef90-43df-a002-2aa320fa3554] 爬取子链接: https://www.polyu.edu.hk/study/pg/taught-postgraduate/programme-z-tpg (锚文本: 'Programme by A-Z', 匹配关键词: 'program')
2025-08-28 23:53:19 [program_spider] INFO: [2df2d0df-ef90-43df-a002-2aa320fa3554] 提取链接完成，去重前 28 个链接，去重后 28 个新请求（去重了 0 个重复链接）
2025-08-28 23:53:19 [program_spider] INFO: [2df2d0df-ef90-43df-a002-2aa320fa3554] 计数器变更: 1 -> 29, 操作: 添加28个子页面请求
2025-08-28 23:53:19 [program_spider] INFO: [2df2d0df-ef90-43df-a002-2aa320fa3554] 添加 28 个新请求，当前剩余: 28
2025-08-28 23:53:19 [program_spider] INFO: [2df2d0df-ef90-43df-a002-2aa320fa3554] 计数器变更: 29 -> 28, 操作: 完成页面解析
2025-08-28 23:53:19 [program_spider] INFO: [2df2d0df-ef90-43df-a002-2aa320fa3554] 正在处理子页面(深度1) (已处理1个页面): https://www.polyu.edu.hk/study/pg/taught-postgraduate/admission-requirements-tpg
2025-08-28 23:53:20 [program_spider] INFO: [2df2d0df-ef90-43df-a002-2aa320fa3554] 计数器变更: 28 -> 27, 操作: 完成页面解析
2025-08-28 23:53:23 [program_spider] INFO: [2df2d0df-ef90-43df-a002-2aa320fa3554] 正在处理子页面(深度1) (已处理2个页面): https://www.polyu.edu.hk/study/pg/tpg/2026/46010-ee-eet
2025-08-28 23:53:23 [program_spider] INFO: [2df2d0df-ef90-43df-a002-2aa320fa3554] 计数器变更: 27 -> 26, 操作: 完成页面解析
2025-08-28 23:53:24 [program_spider] INFO: [2df2d0df-ef90-43df-a002-2aa320fa3554] 正在处理子页面(深度1) (已处理3个页面): https://www.polyu.edu.hk/study/pg/tpg/2026/46013-mq-mqt
2025-08-28 23:53:24 [program_spider] INFO: [2df2d0df-ef90-43df-a002-2aa320fa3554] 计数器变更: 26 -> 25, 操作: 完成页面解析
2025-08-28 23:53:25 [program_spider] INFO: [2df2d0df-ef90-43df-a002-2aa320fa3554] 正在处理子页面(深度1) (已处理4个页面): https://www.polyu.edu.hk/study/pg/tpg/2026/46011-eie-eit
2025-08-28 23:53:25 [program_spider] INFO: [2df2d0df-ef90-43df-a002-2aa320fa3554] 计数器变更: 25 -> 24, 操作: 完成页面解析
2025-08-28 23:53:26 [program_spider] INFO: [2df2d0df-ef90-43df-a002-2aa320fa3554] 正在处理子页面(深度1) (已处理5个页面): https://www.polyu.edu.hk/study/pg/tpg/2026/48005-omf-omp
2025-08-28 23:53:26 [program_spider] INFO: [2df2d0df-ef90-43df-a002-2aa320fa3554] 计数器变更: 24 -> 23, 操作: 完成页面解析
2025-08-28 23:53:26 [program_spider] INFO: [2df2d0df-ef90-43df-a002-2aa320fa3554] 正在处理子页面(深度1) (已处理6个页面): https://www.polyu.edu.hk/study/pg/tpg/2026/48007-lmf-lmp
2025-08-28 23:53:26 [program_spider] INFO: [2df2d0df-ef90-43df-a002-2aa320fa3554] 计数器变更: 23 -> 22, 操作: 完成页面解析
2025-08-28 23:53:27 [program_spider] INFO: [2df2d0df-ef90-43df-a002-2aa320fa3554] 正在处理子页面(深度1) (已处理7个页面): https://www.polyu.edu.hk/study/pg/tpg/2026/48006-amf-amp
2025-08-28 23:53:27 [program_spider] INFO: [2df2d0df-ef90-43df-a002-2aa320fa3554] 计数器变更: 22 -> 21, 操作: 完成页面解析
2025-08-28 23:53:28 [program_spider] INFO: [2df2d0df-ef90-43df-a002-2aa320fa3554] 正在处理子页面(深度1) (已处理8个页面): https://www.polyu.edu.hk/study/pg/tpg/2026/43102-se-set
2025-08-28 23:53:28 [program_spider] INFO: [2df2d0df-ef90-43df-a002-2aa320fa3554] 计数器变更: 21 -> 20, 操作: 完成页面解析
2025-08-28 23:53:29 [program_spider] INFO: [2df2d0df-ef90-43df-a002-2aa320fa3554] 正在处理子页面(深度1) (已处理9个页面): https://www.polyu.edu.hk/study/pg/tpg/2026/43101-ir-irt
2025-08-28 23:53:29 [program_spider] INFO: [2df2d0df-ef90-43df-a002-2aa320fa3554] 计数器变更: 20 -> 19, 操作: 完成页面解析
2025-08-28 23:53:31 [program_spider] INFO: [2df2d0df-ef90-43df-a002-2aa320fa3554] 正在处理子页面(深度1) (已处理10个页面): https://www.polyu.edu.hk/study/pg/tpg/2026/45080-efm-efd-eqm-eqp
2025-08-28 23:53:31 [program_spider] INFO: [2df2d0df-ef90-43df-a002-2aa320fa3554] 计数器变更: 19 -> 18, 操作: 完成页面解析
2025-08-28 23:53:31 [program_spider] INFO: [2df2d0df-ef90-43df-a002-2aa320fa3554] 正在处理子页面(深度1) (已处理11个页面): https://www.polyu.edu.hk/study/pg/tpg/2026/43100-me-met
2025-08-28 23:53:31 [program_spider] INFO: [2df2d0df-ef90-43df-a002-2aa320fa3554] 计数器变更: 18 -> 17, 操作: 完成页面解析
2025-08-28 23:53:32 [program_spider] INFO: [2df2d0df-ef90-43df-a002-2aa320fa3554] 正在处理子页面(深度1) (已处理12个页面): https://www.polyu.edu.hk/study/pg/tpg/2026/45080-sfm-sfp-sqm-sqp
2025-08-28 23:53:32 [program_spider] INFO: [2df2d0df-ef90-43df-a002-2aa320fa3554] 计数器变更: 17 -> 16, 操作: 完成页面解析
2025-08-28 23:53:34 [program_spider] INFO: [2df2d0df-ef90-43df-a002-2aa320fa3554] 正在处理子页面(深度1) (已处理13个页面): https://www.polyu.edu.hk/study/pg/tpg/2026/45100-smf-smp
2025-08-28 23:53:34 [program_spider] INFO: [2df2d0df-ef90-43df-a002-2aa320fa3554] 计数器变更: 16 -> 15, 操作: 完成页面解析
2025-08-28 23:53:34 [program_spider] INFO: [2df2d0df-ef90-43df-a002-2aa320fa3554] 正在处理子页面(深度1) (已处理14个页面): https://www.polyu.edu.hk/study/pg/tpg/2026/45100-mls-ml
2025-08-28 23:53:34 [program_spider] INFO: [2df2d0df-ef90-43df-a002-2aa320fa3554] 计数器变更: 15 -> 14, 操作: 完成页面解析
2025-08-28 23:53:36 [program_spider] INFO: [2df2d0df-ef90-43df-a002-2aa320fa3554] 正在处理子页面(深度1) (已处理15个页面): https://www.polyu.edu.hk/study/pg/tpg/2026/47005-stf-stp
2025-08-28 23:53:36 [program_spider] INFO: [2df2d0df-ef90-43df-a002-2aa320fa3554] 计数器变更: 14 -> 13, 操作: 完成页面解析
2025-08-28 23:53:36 [program_spider] INFO: [2df2d0df-ef90-43df-a002-2aa320fa3554] 正在处理子页面(深度1) (已处理16个页面): https://www.polyu.edu.hk/study/pg/tpg/2026/45100-mt-mtt
2025-08-28 23:53:36 [program_spider] INFO: [2df2d0df-ef90-43df-a002-2aa320fa3554] 计数器变更: 13 -> 12, 操作: 完成页面解析
2025-08-28 23:53:38 [program_spider] INFO: [2df2d0df-ef90-43df-a002-2aa320fa3554] 正在处理子页面(深度1) (已处理17个页面): https://www.polyu.edu.hk/study/pg/tpg/2026/47002-bmf-bmp
2025-08-28 23:53:38 [program_spider] INFO: [2df2d0df-ef90-43df-a002-2aa320fa3554] 计数器变更: 12 -> 11, 操作: 完成页面解析
2025-08-28 23:53:39 [program_spider] INFO: [2df2d0df-ef90-43df-a002-2aa320fa3554] 正在处理子页面(深度1) (已处理18个页面): https://www.polyu.edu.hk/study/pg/taught-postgraduate/frequently-asked-questions-tpg
2025-08-28 23:53:39 [program_spider] INFO: [2df2d0df-ef90-43df-a002-2aa320fa3554] 计数器变更: 11 -> 10, 操作: 完成页面解析
2025-08-28 23:53:39 [program_spider] INFO: [2df2d0df-ef90-43df-a002-2aa320fa3554] 正在处理子页面(深度1) (已处理19个页面): https://www.polyu.edu.hk/study/pg/tpg/2026/05001-fd-pd
2025-08-28 23:53:39 [program_spider] INFO: [2df2d0df-ef90-43df-a002-2aa320fa3554] 计数器变更: 10 -> 9, 操作: 完成页面解析
2025-08-28 23:53:40 [program_spider] INFO: [2df2d0df-ef90-43df-a002-2aa320fa3554] 正在处理子页面(深度1) (已处理20个页面): https://www.polyu.edu.hk/study/pg/taught-postgraduate/financial-assistance-and-scholarships-tpg
2025-08-28 23:53:40 [program_spider] INFO: [2df2d0df-ef90-43df-a002-2aa320fa3554] 计数器变更: 9 -> 8, 操作: 完成页面解析
2025-08-28 23:53:41 [program_spider] INFO: [2df2d0df-ef90-43df-a002-2aa320fa3554] 正在处理子页面(深度1) (已处理21个页面): https://www.polyu.edu.hk/study/pg/taught-postgraduate/tuition-fees-tpg
2025-08-28 23:53:41 [program_spider] INFO: [2df2d0df-ef90-43df-a002-2aa320fa3554] 计数器变更: 8 -> 7, 操作: 完成页面解析
2025-08-28 23:53:42 [program_spider] INFO: [2df2d0df-ef90-43df-a002-2aa320fa3554] 正在处理子页面(深度1) (已处理22个页面): https://www.polyu.edu.hk/study/pg/taught-postgraduate/subject-based-admission-tpg
2025-08-28 23:53:42 [program_spider] INFO: [2df2d0df-ef90-43df-a002-2aa320fa3554] 计数器变更: 7 -> 6, 操作: 完成页面解析
2025-08-28 23:53:43 [program_spider] INFO: [2df2d0df-ef90-43df-a002-2aa320fa3554] 正在处理子页面(深度1) (已处理23个页面): https://www.polyu.edu.hk/study/pg/taught-postgraduate/re-admission-tpg
2025-08-28 23:53:43 [program_spider] INFO: [2df2d0df-ef90-43df-a002-2aa320fa3554] 计数器变更: 6 -> 5, 操作: 完成页面解析
2025-08-28 23:53:44 [program_spider] INFO: [2df2d0df-ef90-43df-a002-2aa320fa3554] 正在处理子页面(深度1) (已处理24个页面): https://www.polyu.edu.hk/study/pg/taught-postgraduate/graduation-requirement-tpg
2025-08-28 23:53:44 [program_spider] INFO: [2df2d0df-ef90-43df-a002-2aa320fa3554] 计数器变更: 5 -> 4, 操作: 完成页面解析
2025-08-28 23:53:45 [program_spider] INFO: [2df2d0df-ef90-43df-a002-2aa320fa3554] 正在处理子页面(深度1) (已处理25个页面): https://www.polyu.edu.hk/study/pg/taught-postgraduate/student-visa-application-tpg
2025-08-28 23:53:45 [program_spider] INFO: [2df2d0df-ef90-43df-a002-2aa320fa3554] 计数器变更: 4 -> 3, 操作: 完成页面解析
2025-08-28 23:53:46 [program_spider] INFO: [2df2d0df-ef90-43df-a002-2aa320fa3554] 正在处理子页面(深度1) (已处理26个页面): https://www.polyu.edu.hk/study/pg/taught-postgraduate/online-application-tpg
2025-08-28 23:53:46 [program_spider] INFO: [2df2d0df-ef90-43df-a002-2aa320fa3554] 计数器变更: 3 -> 2, 操作: 完成页面解析
2025-08-28 23:53:47 [program_spider] INFO: [2df2d0df-ef90-43df-a002-2aa320fa3554] 正在处理子页面(深度1) (已处理27个页面): https://www.polyu.edu.hk/study/pg/taught-postgraduate/additional-supporting-documents-required-appli...
2025-08-28 23:53:47 [program_spider] INFO: [2df2d0df-ef90-43df-a002-2aa320fa3554] 计数器变更: 2 -> 1, 操作: 完成页面解析
2025-08-28 23:53:48 [program_spider] INFO: [2df2d0df-ef90-43df-a002-2aa320fa3554] 正在处理子页面(深度1) (已处理28个页面): https://www.polyu.edu.hk/study/pg/taught-postgraduate/find-your-programmes-tpg
2025-08-28 23:53:48 [program_spider] INFO: [2df2d0df-ef90-43df-a002-2aa320fa3554] 计数器变更: 1 -> 0, 操作: 完成页面解析
2025-08-28 23:53:49 [program_spider] INFO: [2df2d0df-ef90-43df-a002-2aa320fa3554] 正在完成项目
2025-08-28 23:53:49 [program_spider] INFO: 
------------------------------------------------------------
2025-08-28 23:53:49 [program_spider] INFO: [2df2d0df-ef90-43df-a002-2aa320fa3554] 项目完成: 香港理工大学电动汽车理学硕士
2025-08-28 23:53:49 [program_spider] INFO: [2df2d0df-ef90-43df-a002-2aa320fa3554]   - 总页数: 29
2025-08-28 23:53:49 [program_spider] INFO: [2df2d0df-ef90-43df-a002-2aa320fa3554]   - 成功页数: 29
2025-08-28 23:53:49 [program_spider] INFO: [2df2d0df-ef90-43df-a002-2aa320fa3554]   - 失败页数: 0
2025-08-28 23:53:49 [program_spider] INFO: [2df2d0df-ef90-43df-a002-2aa320fa3554]   - 成功率: 100.0%
2025-08-28 23:53:49 [program_spider] INFO: ------------------------------------------------------------
2025-08-28 23:53:49 [program_spider] INFO: [2df2d0df-ef90-43df-a002-2aa320fa3554] 仍有 98 个项目待爬，将在爬虫空闲时继续。
2025-08-28 23:53:49 [program_spider] INFO: 成功保存项目数据: output/电气电子/香港理工大学电动汽车理学硕士_电气电子.json
2025-08-28 23:53:49 [program_spider] INFO: spider_idle 触发，调度下一个项目 …
2025-08-28 23:53:49 [program_spider] INFO: 
================================================================================
2025-08-28 23:53:49 [program_spider] INFO: 开始爬取项目 [3/100]
2025-08-28 23:53:49 [program_spider] INFO: 项目名称: 香港理工大学微电子与量子系统工程理学硕士
2025-08-28 23:53:49 [program_spider] INFO: 项目ID: af9d0aa6-c4d6-4815-a806-f978f4db9a3a
2025-08-28 23:53:49 [program_spider] INFO: 根URL: https://www.polyu.edu.hk/study/pg/tpg/2026/46013-mq-mqt
2025-08-28 23:53:49 [program_spider] INFO: 剩余项目数: 97
2025-08-28 23:53:49 [program_spider] INFO: ================================================================================
2025-08-28 23:53:49 [program_spider] INFO: [af9d0aa6-c4d6-4815-a806-f978f4db9a3a] 计数器变更: 0 -> 1, 操作: 启动根页面请求
2025-08-28 23:53:49 [scrapy.extensions.logstats] INFO: Crawled 48 pages (at 48 pages/min), scraped 2 items (at 2 items/min)
2025-08-28 23:53:49 [program_spider] INFO: [af9d0aa6-c4d6-4815-a806-f978f4db9a3a] 正在处理根页面 (已处理0个页面): https://www.polyu.edu.hk/study/pg/tpg/2026/46013-mq-mqt
2025-08-28 23:53:49 [program_spider] INFO: [af9d0aa6-c4d6-4815-a806-f978f4db9a3a] 页面总链接数: 52
2025-08-28 23:53:49 [program_spider] INFO: [af9d0aa6-c4d6-4815-a806-f978f4db9a3a] 移除导航后链接数: 42 (移除了 0 个导航链接)
2025-08-28 23:53:49 [program_spider] INFO: [af9d0aa6-c4d6-4815-a806-f978f4db9a3a] 有效链接数: 38, 关键词匹配数: 29, 最终提取数: 28
2025-08-28 23:53:49 [program_spider] INFO: [af9d0aa6-c4d6-4815-a806-f978f4db9a3a] 页面 https://www.polyu.edu.hk/study/pg/tpg/2026/46013-mq-mqt (depth=0, is_root=True) 提取到 28 个链接
2025-08-28 23:53:49 [program_spider] INFO: [af9d0aa6-c4d6-4815-a806-f978f4db9a3a] 爬取子链接: https://www.polyu.edu.hk/study/pg/taught-postgraduate/admission-requirements-tpg (锚文本: 'Admission Requirements', 匹配关键词: 'admission')
2025-08-28 23:53:49 [program_spider] INFO: [af9d0aa6-c4d6-4815-a806-f978f4db9a3a] 爬取子链接: https://www.polyu.edu.hk/study/pg/taught-postgraduate/additional-supporting-documents-required-application-admissions-tpg (锚文本: 'Additional Supporting Documents Required for Application for Admissions', 匹配关键词: 'admission')
2025-08-28 23:53:49 [program_spider] INFO: [af9d0aa6-c4d6-4815-a806-f978f4db9a3a] 爬取子链接: https://www.polyu.edu.hk/study/pg/taught-postgraduate/online-application-tpg (锚文本: 'Online Application', 匹配关键词: 'application')
2025-08-28 23:53:49 [program_spider] INFO: [af9d0aa6-c4d6-4815-a806-f978f4db9a3a] 爬取子链接: https://www.polyu.edu.hk/study/pg/taught-postgraduate/student-visa-application-tpg (锚文本: 'Student Visa Application', 匹配关键词: 'application')
2025-08-28 23:53:49 [program_spider] INFO: [af9d0aa6-c4d6-4815-a806-f978f4db9a3a] 爬取子链接: https://www.polyu.edu.hk/study/pg/taught-postgraduate/graduation-requirement-tpg (锚文本: 'Graduation Requirement', 匹配关键词: 'requirement')
2025-08-28 23:53:49 [program_spider] INFO: [af9d0aa6-c4d6-4815-a806-f978f4db9a3a] 爬取子链接: https://www.polyu.edu.hk/study/pg/taught-postgraduate/re-admission-tpg (锚文本: 'Re-Admission', 匹配关键词: 'admission')
2025-08-28 23:53:49 [program_spider] INFO: [af9d0aa6-c4d6-4815-a806-f978f4db9a3a] 爬取子链接: https://www.polyu.edu.hk/study/pg/taught-postgraduate/subject-based-admission-tpg (锚文本: 'Subject-based Admission', 匹配关键词: 'admission')
2025-08-28 23:53:49 [program_spider] INFO: [af9d0aa6-c4d6-4815-a806-f978f4db9a3a] 爬取子链接: https://www.polyu.edu.hk/study/pg/taught-postgraduate/tuition-fees-tpg (锚文本: 'Tuition Fees', 匹配关键词: 'tuition')
2025-08-28 23:53:49 [program_spider] INFO: [af9d0aa6-c4d6-4815-a806-f978f4db9a3a] 爬取子链接: https://www.polyu.edu.hk/study/pg/taught-postgraduate/financial-assistance-and-scholarships-tpg (锚文本: 'Financial Assistance and Scholarships', 匹配关键词: 'financial')
2025-08-28 23:53:49 [program_spider] INFO: [af9d0aa6-c4d6-4815-a806-f978f4db9a3a] 爬取子链接: https://www.polyu.edu.hk/study/pg/taught-postgraduate/frequently-asked-questions-tpg (锚文本: 'FAQs', 匹配关键词: 'faqs')
2025-08-28 23:53:49 [program_spider] INFO: [af9d0aa6-c4d6-4815-a806-f978f4db9a3a] 爬取子链接: https://www.polyu.edu.hk/study/pg/tpg/2026/05001-fd-pd (锚文本: '05001 | Sept 2026 Entry

		

			Mixed Mode - 3 years (Full-time)5 years (Part-time)
Candidates will be deregistered from the programme if they exceed the normal duration of the programme, unless approval is obtained from the relevant authority. 

		


Engineering Doctorate - EngD - Engineering Doctorate 


工程學博士學位


Local Application Deadline: 15 Oct 2025 (Early Round)
Non-Local Application Deadline: 15 Oct 2025 (Early Round)', 匹配关键词: 'program')
2025-08-28 23:53:49 [program_spider] INFO: [af9d0aa6-c4d6-4815-a806-f978f4db9a3a] 爬取子链接: https://www.polyu.edu.hk/study/pg/tpg/2026/47002-bmf-bmp (锚文本: '47002 | Sept 2026 Entry

		

			Mixed Mode - 1 year (Full-time)2.5 years (Part-time)

		


Biomedical Engineering - MSc - Master of Science 


生物醫學工程理學碩士學位


Local Application Deadline: 15 Oct 2025 (Early Round)
Non-Local Application Deadline: 15 Oct 2025 (Early Round)', 匹配关键词: 'deadline')
2025-08-28 23:53:49 [program_spider] INFO: [af9d0aa6-c4d6-4815-a806-f978f4db9a3a] 爬取子链接: https://www.polyu.edu.hk/study/pg/tpg/2026/47005-stf-stp (锚文本: '47005 | Sept 2026 Entry

		

			Mixed Mode - 1.5 years (Full-time)2.5 years (Part-time)

		


Sports Technology and Management - MSc - Master of Science 


體育科技與管理理學碩士學位


Local Application Deadline: 15 Oct 2025 (Early Round)
Non-Local Application Deadline: 15 Oct 2025 (Early Round)', 匹配关键词: 'deadline')
2025-08-28 23:53:49 [program_spider] INFO: [af9d0aa6-c4d6-4815-a806-f978f4db9a3a] 爬取子链接: https://www.polyu.edu.hk/study/pg/tpg/2026/45100-mt-mtt (锚文本: '45100 | Sept 2026 Entry

		

			Mixed Mode - 1.5 years (Full-time) 2.5 years (Part-time)

		


Knowledge and Technology Management - MSc - Master of Science 


知識及科技管理理學碩士學位


Local Application Deadline: 15 Oct 2025 (Early Round)
Non-Local Application Deadline: 15 Oct 2025 (Early Round)', 匹配关键词: 'deadline')
2025-08-28 23:53:49 [program_spider] INFO: [af9d0aa6-c4d6-4815-a806-f978f4db9a3a] 爬取子链接: https://www.polyu.edu.hk/study/pg/tpg/2026/45100-smf-smp (锚文本: '45100 | Sept 2026 Entry

		

			Mixed Mode - 1.5 years (Full-time)2.5 years (Part-time)

		


Smart Manufacturing - MSc - Master of Science 


智能製造理學碩士學位


Local Application Deadline: 15 Oct 2025 (Early Round)
Non-Local Application Deadline: 15 Oct 2025 (Early Round)', 匹配关键词: 'deadline')
2025-08-28 23:53:49 [program_spider] INFO: [af9d0aa6-c4d6-4815-a806-f978f4db9a3a] 爬取子链接: https://www.polyu.edu.hk/study/pg/tpg/2026/45100-mls-ml (锚文本: '45100 | Sept 2026 Entry

		

			Mixed Mode - 1.5 years (Full-time) 2.5 years (Part-time)

		


Industrial Logistics Systems  - MSc - Master of Science 


工業物流系統理學碩士學位


Local Application Deadline: 15 Oct 2025 (Early Round)
Non-Local Application Deadline: 15 Oct 2025 (Early Round)', 匹配关键词: 'deadline')
2025-08-28 23:53:49 [program_spider] INFO: [af9d0aa6-c4d6-4815-a806-f978f4db9a3a] 爬取子链接: https://www.polyu.edu.hk/study/pg/tpg/2026/45080-sfm-sfp-sqm-sqp (锚文本: '45080 | Sept 2026 Entry

		

			Mixed Mode - 1.5 years (Full-time)3 years (Part-time)

		


Supply Chain and Logistics Management - MSc/PgD - Master of Science/Postgraduate Diploma 


供應鏈與物流管理理學碩士學位/深造文憑



(Offered under the Integrated Graduate Development Scheme. For application arrangements, please refer to https://www.polyu.edu.hk/igds)', 匹配关键词: 'application')
2025-08-28 23:53:49 [program_spider] INFO: [af9d0aa6-c4d6-4815-a806-f978f4db9a3a] 爬取子链接: https://www.polyu.edu.hk/study/pg/tpg/2026/45080-efm-efd-eqm-eqp (锚文本: '45080 | Sept 2026 Entry

		

			Mixed Mode - 1.5 years (Full-time)3 years (Part-time)

		


Engineering Business Management - MSc/PgD - Master of Science/Postgraduate Diploma 


工程商業管理理學碩士學位/深造文憑



(Offered under the Integrated Graduate Development Scheme. For application arrangements, please refer to https://www.polyu.edu.hk/igds)', 匹配关键词: 'application')
2025-08-28 23:53:49 [program_spider] INFO: [af9d0aa6-c4d6-4815-a806-f978f4db9a3a] 爬取子链接: https://www.polyu.edu.hk/study/pg/tpg/2026/43100-me-met (锚文本: '43100 | Sept 2026 Entry

		

			Mixed Mode - 1.5 years (Full-time)2.5 years (Part-time)

		


Mechanical Engineering - MSc - Master of Science 


機械工程學理學碩士學位


Local Application Deadline: 15 Oct 2025 (Early Round)
Non-Local Application Deadline: 15 Oct 2025 (Early Round)', 匹配关键词: 'deadline')
2025-08-28 23:53:49 [program_spider] INFO: [af9d0aa6-c4d6-4815-a806-f978f4db9a3a] 爬取子链接: https://www.polyu.edu.hk/study/pg/tpg/2026/43101-ir-irt (锚文本: '43101 | Sept 2026 Entry

		

			Mixed Mode - 1.5 years (Full-time)2.5 years (Part-time)

		


Intelligent Robotics Engineering - MSc - Master of Science 


智能機械人工程學理學碩士學位


Local Application Deadline: 15 Oct 2025 (Early Round)
Non-Local Application Deadline: 15 Oct 2025 (Early Round)

(This programme is offered subject to approval)', 匹配关键词: 'program')
2025-08-28 23:53:49 [program_spider] INFO: [af9d0aa6-c4d6-4815-a806-f978f4db9a3a] 爬取子链接: https://www.polyu.edu.hk/study/pg/tpg/2026/43102-se-set (锚文本: '43102 | Sept 2026 Entry

		

			Mixed Mode - 1.5 years (Full-time)2.5 years (Part-time)

		


Sustainable Energy - MSc - Master of Science 


可持續能源理學碩士學位


Local Application Deadline: 15 Oct 2025 (Early Round)
Non-Local Application Deadline: 15 Oct 2025 (Early Round)', 匹配关键词: 'deadline')
2025-08-28 23:53:49 [program_spider] INFO: [af9d0aa6-c4d6-4815-a806-f978f4db9a3a] 爬取子链接: https://www.polyu.edu.hk/study/pg/tpg/2026/48006-amf-amp (锚文本: '48006 | Sept 2026 Entry

		

			Mixed Mode - 1.5 years (Full-time)2.5 years (Part-time)

		


Aerospace Engineering - MSc - Master of Science 


航空航天工程學理學碩士學位


Local Application Deadline: 15 Oct 2025 (Early Round)
Non-Local Application Deadline: 15 Oct 2025 (Early Round)', 匹配关键词: 'deadline')
2025-08-28 23:53:49 [program_spider] INFO: [af9d0aa6-c4d6-4815-a806-f978f4db9a3a] 爬取子链接: https://www.polyu.edu.hk/study/pg/tpg/2026/48005-omf-omp (锚文本: '48005 | Sept 2026 Entry

		

			Mixed Mode - 1.5 years (Full-time)2.5 years (Part-time)

		


Aviation Engineering and Operations Management - MSc - Master of Science 


民航工程與營運管理學理學碩士學位


Local Application Deadline: 15 Oct 2025 (Early Round)
Non-Local Application Deadline: 15 Oct 2025 (Early Round)', 匹配关键词: 'deadline')
2025-08-28 23:53:49 [program_spider] INFO: [af9d0aa6-c4d6-4815-a806-f978f4db9a3a] 爬取子链接: https://www.polyu.edu.hk/study/pg/tpg/2026/48007-lmf-lmp (锚文本: '48007 | Sept 2026 Entry

		

			Mixed Mode - 1.5 years (Full-time)2.5 years (Part-time)

		


Low-altitude Economy - MSc - Master of Science 


低空經濟理學碩士學位


Local Application Deadline: 15 Oct 2025 (Early Round)
Non-Local Application Deadline: 15 Oct 2025 (Early Round)', 匹配关键词: 'deadline')
2025-08-28 23:53:49 [program_spider] INFO: [af9d0aa6-c4d6-4815-a806-f978f4db9a3a] 爬取子链接: https://www.polyu.edu.hk/study/pg/tpg/2026/46011-eie-eit (锚文本: '46011 | Sept 2026 Entry

		

			Mixed Mode - 1.5 years (Full-time)2.5 years (Part-time)

		


Electronic and Information Engineering - MSc - Master of Science 


電子及資訊工程學理學碩士學位


Local Application Deadline: 15 Oct 2025 (Early Round)
Non-Local Application Deadline: 15 Oct 2025 (Early Round)', 匹配关键词: 'deadline')
2025-08-28 23:53:49 [program_spider] INFO: [af9d0aa6-c4d6-4815-a806-f978f4db9a3a] 爬取子链接: https://www.polyu.edu.hk/study/pg/tpg/2026/46012-ev-evt (锚文本: '46012 | Sept 2026 Entry

		

			Mixed Mode - 1.5 years (Full-time)2.5 years (Part-time)

		


Electric Vehicles - MSc - Master of Science 


電動汽車理學碩士學位


Local Application Deadline: 15 Oct 2025 (Early Round)
Non-Local Application Deadline: 15 Oct 2025 (Early Round)', 匹配关键词: 'deadline')
2025-08-28 23:53:49 [program_spider] INFO: [af9d0aa6-c4d6-4815-a806-f978f4db9a3a] 爬取子链接: https://www.polyu.edu.hk/study/pg/tpg/2026/46010-ee-eet (锚文本: '46010 | Sept 2026 Entry

		

			Mixed Mode - 1.5 years (Full-time)2.5 years (Part-time)

		


Electrical Engineering - MSc - Master of Science 


電機工程學理學碩士學位


Local Application Deadline: 15 Oct 2025 (Early Round)
Non-Local Application Deadline: 15 Oct 2025 (Early Round)', 匹配关键词: 'deadline')
2025-08-28 23:53:49 [program_spider] INFO: [af9d0aa6-c4d6-4815-a806-f978f4db9a3a] 爬取子链接: https://www.polyu.edu.hk/study/pg/taught-postgraduate/programme-z-tpg (锚文本: 'Programme by A-Z', 匹配关键词: 'program')
2025-08-28 23:53:49 [program_spider] INFO: [af9d0aa6-c4d6-4815-a806-f978f4db9a3a] 提取链接完成，去重前 28 个链接，去重后 28 个新请求（去重了 0 个重复链接）
2025-08-28 23:53:49 [program_spider] INFO: [af9d0aa6-c4d6-4815-a806-f978f4db9a3a] 计数器变更: 1 -> 29, 操作: 添加28个子页面请求
2025-08-28 23:53:49 [program_spider] INFO: [af9d0aa6-c4d6-4815-a806-f978f4db9a3a] 添加 28 个新请求，当前剩余: 28
2025-08-28 23:53:49 [program_spider] INFO: [af9d0aa6-c4d6-4815-a806-f978f4db9a3a] 计数器变更: 29 -> 28, 操作: 完成页面解析
2025-08-28 23:53:50 [program_spider] INFO: [af9d0aa6-c4d6-4815-a806-f978f4db9a3a] 正在处理子页面(深度1) (已处理1个页面): https://www.polyu.edu.hk/study/pg/taught-postgraduate/admission-requirements-tpg
2025-08-28 23:53:50 [program_spider] INFO: [af9d0aa6-c4d6-4815-a806-f978f4db9a3a] 计数器变更: 28 -> 27, 操作: 完成页面解析
2025-08-28 23:53:52 [program_spider] INFO: [af9d0aa6-c4d6-4815-a806-f978f4db9a3a] 正在处理子页面(深度1) (已处理2个页面): https://www.polyu.edu.hk/study/pg/tpg/2026/46010-ee-eet
2025-08-28 23:53:52 [program_spider] INFO: [af9d0aa6-c4d6-4815-a806-f978f4db9a3a] 计数器变更: 27 -> 26, 操作: 完成页面解析
2025-08-28 23:53:53 [program_spider] INFO: [af9d0aa6-c4d6-4815-a806-f978f4db9a3a] 正在处理子页面(深度1) (已处理3个页面): https://www.polyu.edu.hk/study/pg/tpg/2026/46012-ev-evt
2025-08-28 23:53:53 [program_spider] INFO: [af9d0aa6-c4d6-4815-a806-f978f4db9a3a] 计数器变更: 26 -> 25, 操作: 完成页面解析
2025-08-28 23:53:54 [program_spider] INFO: [af9d0aa6-c4d6-4815-a806-f978f4db9a3a] 正在处理子页面(深度1) (已处理4个页面): https://www.polyu.edu.hk/study/pg/tpg/2026/46011-eie-eit
2025-08-28 23:53:54 [program_spider] INFO: [af9d0aa6-c4d6-4815-a806-f978f4db9a3a] 计数器变更: 25 -> 24, 操作: 完成页面解析
2025-08-28 23:53:55 [program_spider] INFO: [af9d0aa6-c4d6-4815-a806-f978f4db9a3a] 正在处理子页面(深度1) (已处理5个页面): https://www.polyu.edu.hk/study/pg/tpg/2026/48007-lmf-lmp
2025-08-28 23:53:55 [program_spider] INFO: [af9d0aa6-c4d6-4815-a806-f978f4db9a3a] 计数器变更: 24 -> 23, 操作: 完成页面解析
2025-08-28 23:53:56 [program_spider] INFO: [af9d0aa6-c4d6-4815-a806-f978f4db9a3a] 正在处理子页面(深度1) (已处理6个页面): https://www.polyu.edu.hk/study/pg/tpg/2026/48005-omf-omp
2025-08-28 23:53:56 [program_spider] INFO: [af9d0aa6-c4d6-4815-a806-f978f4db9a3a] 计数器变更: 23 -> 22, 操作: 完成页面解析
2025-08-28 23:53:57 [program_spider] INFO: [af9d0aa6-c4d6-4815-a806-f978f4db9a3a] 正在处理子页面(深度1) (已处理7个页面): https://www.polyu.edu.hk/study/pg/tpg/2026/48006-amf-amp
2025-08-28 23:53:57 [program_spider] INFO: [af9d0aa6-c4d6-4815-a806-f978f4db9a3a] 计数器变更: 22 -> 21, 操作: 完成页面解析
2025-08-28 23:53:58 [program_spider] INFO: [af9d0aa6-c4d6-4815-a806-f978f4db9a3a] 正在处理子页面(深度1) (已处理8个页面): https://www.polyu.edu.hk/study/pg/tpg/2026/43102-se-set
2025-08-28 23:53:58 [program_spider] INFO: [af9d0aa6-c4d6-4815-a806-f978f4db9a3a] 计数器变更: 21 -> 20, 操作: 完成页面解析
2025-08-28 23:53:59 [program_spider] INFO: [af9d0aa6-c4d6-4815-a806-f978f4db9a3a] 正在处理子页面(深度1) (已处理9个页面): https://www.polyu.edu.hk/study/pg/tpg/2026/43101-ir-irt
2025-08-28 23:53:59 [program_spider] INFO: [af9d0aa6-c4d6-4815-a806-f978f4db9a3a] 计数器变更: 20 -> 19, 操作: 完成页面解析
2025-08-28 23:54:00 [program_spider] INFO: [af9d0aa6-c4d6-4815-a806-f978f4db9a3a] 正在处理子页面(深度1) (已处理10个页面): https://www.polyu.edu.hk/study/pg/tpg/2026/43100-me-met
2025-08-28 23:54:00 [program_spider] INFO: [af9d0aa6-c4d6-4815-a806-f978f4db9a3a] 计数器变更: 19 -> 18, 操作: 完成页面解析
2025-08-28 23:54:01 [program_spider] INFO: [af9d0aa6-c4d6-4815-a806-f978f4db9a3a] 正在处理子页面(深度1) (已处理11个页面): https://www.polyu.edu.hk/study/pg/tpg/2026/45080-efm-efd-eqm-eqp
2025-08-28 23:54:01 [program_spider] INFO: [af9d0aa6-c4d6-4815-a806-f978f4db9a3a] 计数器变更: 18 -> 17, 操作: 完成页面解析
2025-08-28 23:54:02 [program_spider] INFO: [af9d0aa6-c4d6-4815-a806-f978f4db9a3a] 正在处理子页面(深度1) (已处理12个页面): https://www.polyu.edu.hk/study/pg/tpg/2026/45080-sfm-sfp-sqm-sqp
2025-08-28 23:54:02 [program_spider] INFO: [af9d0aa6-c4d6-4815-a806-f978f4db9a3a] 计数器变更: 17 -> 16, 操作: 完成页面解析
2025-08-28 23:54:03 [program_spider] INFO: [af9d0aa6-c4d6-4815-a806-f978f4db9a3a] 正在处理子页面(深度1) (已处理13个页面): https://www.polyu.edu.hk/study/pg/tpg/2026/45100-mls-ml
2025-08-28 23:54:03 [program_spider] INFO: [af9d0aa6-c4d6-4815-a806-f978f4db9a3a] 计数器变更: 16 -> 15, 操作: 完成页面解析
2025-08-28 23:54:04 [program_spider] INFO: [af9d0aa6-c4d6-4815-a806-f978f4db9a3a] 正在处理子页面(深度1) (已处理14个页面): https://www.polyu.edu.hk/study/pg/tpg/2026/45100-smf-smp
2025-08-28 23:54:04 [program_spider] INFO: [af9d0aa6-c4d6-4815-a806-f978f4db9a3a] 计数器变更: 15 -> 14, 操作: 完成页面解析
2025-08-28 23:54:05 [program_spider] INFO: [af9d0aa6-c4d6-4815-a806-f978f4db9a3a] 正在处理子页面(深度1) (已处理15个页面): https://www.polyu.edu.hk/study/pg/tpg/2026/45100-mt-mtt
2025-08-28 23:54:05 [program_spider] INFO: [af9d0aa6-c4d6-4815-a806-f978f4db9a3a] 计数器变更: 14 -> 13, 操作: 完成页面解析
2025-08-28 23:54:06 [program_spider] INFO: [af9d0aa6-c4d6-4815-a806-f978f4db9a3a] 正在处理子页面(深度1) (已处理16个页面): https://www.polyu.edu.hk/study/pg/tpg/2026/47005-stf-stp
2025-08-28 23:54:06 [program_spider] INFO: [af9d0aa6-c4d6-4815-a806-f978f4db9a3a] 计数器变更: 13 -> 12, 操作: 完成页面解析
2025-08-28 23:54:07 [program_spider] INFO: [af9d0aa6-c4d6-4815-a806-f978f4db9a3a] 正在处理子页面(深度1) (已处理17个页面): https://www.polyu.edu.hk/study/pg/tpg/2026/47002-bmf-bmp
2025-08-28 23:54:07 [program_spider] INFO: [af9d0aa6-c4d6-4815-a806-f978f4db9a3a] 计数器变更: 12 -> 11, 操作: 完成页面解析
2025-08-28 23:54:08 [program_spider] INFO: [af9d0aa6-c4d6-4815-a806-f978f4db9a3a] 正在处理子页面(深度1) (已处理18个页面): https://www.polyu.edu.hk/study/pg/tpg/2026/05001-fd-pd
2025-08-28 23:54:08 [program_spider] INFO: [af9d0aa6-c4d6-4815-a806-f978f4db9a3a] 计数器变更: 11 -> 10, 操作: 完成页面解析
2025-08-28 23:54:09 [program_spider] INFO: [af9d0aa6-c4d6-4815-a806-f978f4db9a3a] 正在处理子页面(深度1) (已处理19个页面): https://www.polyu.edu.hk/study/pg/taught-postgraduate/frequently-asked-questions-tpg
2025-08-28 23:54:09 [program_spider] INFO: [af9d0aa6-c4d6-4815-a806-f978f4db9a3a] 计数器变更: 10 -> 9, 操作: 完成页面解析
2025-08-28 23:54:10 [program_spider] INFO: [af9d0aa6-c4d6-4815-a806-f978f4db9a3a] 正在处理子页面(深度1) (已处理20个页面): https://www.polyu.edu.hk/study/pg/taught-postgraduate/financial-assistance-and-scholarships-tpg
2025-08-28 23:54:10 [program_spider] INFO: [af9d0aa6-c4d6-4815-a806-f978f4db9a3a] 计数器变更: 9 -> 8, 操作: 完成页面解析
2025-08-28 23:54:11 [program_spider] INFO: [af9d0aa6-c4d6-4815-a806-f978f4db9a3a] 正在处理子页面(深度1) (已处理21个页面): https://www.polyu.edu.hk/study/pg/taught-postgraduate/tuition-fees-tpg
2025-08-28 23:54:11 [program_spider] INFO: [af9d0aa6-c4d6-4815-a806-f978f4db9a3a] 计数器变更: 8 -> 7, 操作: 完成页面解析
2025-08-28 23:54:12 [program_spider] INFO: [af9d0aa6-c4d6-4815-a806-f978f4db9a3a] 正在处理子页面(深度1) (已处理22个页面): https://www.polyu.edu.hk/study/pg/taught-postgraduate/subject-based-admission-tpg
2025-08-28 23:54:12 [program_spider] INFO: [af9d0aa6-c4d6-4815-a806-f978f4db9a3a] 计数器变更: 7 -> 6, 操作: 完成页面解析
2025-08-28 23:54:13 [program_spider] INFO: [af9d0aa6-c4d6-4815-a806-f978f4db9a3a] 正在处理子页面(深度1) (已处理23个页面): https://www.polyu.edu.hk/study/pg/taught-postgraduate/re-admission-tpg
2025-08-28 23:54:13 [program_spider] INFO: [af9d0aa6-c4d6-4815-a806-f978f4db9a3a] 计数器变更: 6 -> 5, 操作: 完成页面解析
2025-08-28 23:54:14 [program_spider] INFO: [af9d0aa6-c4d6-4815-a806-f978f4db9a3a] 正在处理子页面(深度1) (已处理24个页面): https://www.polyu.edu.hk/study/pg/taught-postgraduate/graduation-requirement-tpg
2025-08-28 23:54:14 [program_spider] INFO: [af9d0aa6-c4d6-4815-a806-f978f4db9a3a] 计数器变更: 5 -> 4, 操作: 完成页面解析
2025-08-28 23:54:15 [program_spider] INFO: [af9d0aa6-c4d6-4815-a806-f978f4db9a3a] 正在处理子页面(深度1) (已处理25个页面): https://www.polyu.edu.hk/study/pg/taught-postgraduate/student-visa-application-tpg
2025-08-28 23:54:15 [program_spider] INFO: [af9d0aa6-c4d6-4815-a806-f978f4db9a3a] 计数器变更: 4 -> 3, 操作: 完成页面解析
2025-08-28 23:54:16 [program_spider] INFO: [af9d0aa6-c4d6-4815-a806-f978f4db9a3a] 正在处理子页面(深度1) (已处理26个页面): https://www.polyu.edu.hk/study/pg/taught-postgraduate/online-application-tpg
2025-08-28 23:54:16 [program_spider] INFO: [af9d0aa6-c4d6-4815-a806-f978f4db9a3a] 计数器变更: 3 -> 2, 操作: 完成页面解析
2025-08-28 23:54:17 [program_spider] INFO: [af9d0aa6-c4d6-4815-a806-f978f4db9a3a] 正在处理子页面(深度1) (已处理27个页面): https://www.polyu.edu.hk/study/pg/taught-postgraduate/additional-supporting-documents-required-appli...
2025-08-28 23:54:17 [program_spider] INFO: [af9d0aa6-c4d6-4815-a806-f978f4db9a3a] 计数器变更: 2 -> 1, 操作: 完成页面解析
2025-08-28 23:54:18 [program_spider] INFO: [af9d0aa6-c4d6-4815-a806-f978f4db9a3a] 正在处理子页面(深度1) (已处理28个页面): https://www.polyu.edu.hk/study/pg/taught-postgraduate/find-your-programmes-tpg
2025-08-28 23:54:18 [program_spider] INFO: [af9d0aa6-c4d6-4815-a806-f978f4db9a3a] 计数器变更: 1 -> 0, 操作: 完成页面解析
