2025-08-28 23:52:47 [scrapy.utils.log] INFO: Scrapy 2.13.3 started (bot: program_crawler)
2025-08-28 23:52:47 [scrapy.utils.log] INFO: Versions:
{'lxml': '6.0.0',
 'libxml2': '2.14.4',
 'cssselect': '1.3.0',
 'parsel': '1.10.0',
 'w3lib': '2.3.1',
 'Twisted': '25.5.0',
 'Python': '3.9.23 (main, Jun  5 2025, 13:40:20) - [GCC 11.2.0]',
 'pyOpenSSL': '25.1.0 (OpenSSL 3.5.1 1 Jul 2025)',
 'cryptography': '45.0.5',
 'Platform': 'Linux-5.15.0-144-generic-x86_64-with-glibc2.35'}
2025-08-28 23:52:47 [program_spider] INFO: 尝试加载CSV文件: /net/scratch/jingyang/GradPilot_DataBase/Crawl/urls_subject/交通运输/交通运输_urls.csv
2025-08-28 23:52:47 [program_spider] INFO: 文件是否存在: True
2025-08-28 23:52:47 [program_spider] INFO: 
================================================================================
2025-08-28 23:52:47 [program_spider] INFO: 原始总项目数: 46
2025-08-28 23:52:47 [program_spider] INFO: 将要爬取 46 个项目
2025-08-28 23:52:47 [program_spider] INFO: 允许的域名: ['www.imperial.ac.uk', 'cde.nus.edu.sg', 'www.ucl.ac.uk', 'portal.hku.hk', 'www.ntu.edu.sg', 'ce.berkeley.edu', 'www.unsw.edu.au', 'www.ed.tum.de', '', 'tum-asia.edu.sg', 'www.sydney.edu.au', 'www.manchester.ac.uk', 'www.monash.edu', 'fytgs.hkust-gz.edu.cn', 'www.cee.ucla.edu', 'www.tudelft.nl', 'www.polyu.edu.hk', 'engineering.nyu.edu', 'engine.um.edu.my', 'onderwijsaanbod.kuleuven.be', 'www.birmingham.ac.uk', 'www.gla.ac.uk', 'courses.leeds.ac.uk', 'www.southampton.ac.uk', 'www.ucdavis.edu', 'eng.upm.edu.my', 'www.ncl.ac.uk', 'www.tue.nl', 'builtsurvey.utm.my', 'civil.utm.my', 'www.cardiff.ac.uk']
2025-08-28 23:52:47 [program_spider] INFO: 将按顺序逐个项目进行爬取
2025-08-28 23:52:47 [program_spider] INFO: ================================================================================
2025-08-28 23:52:47 [scrapy.addons] INFO: Enabled addons:
[]
2025-08-28 23:52:48 [scrapy.middleware] INFO: Enabled extensions:
['scrapy.extensions.corestats.CoreStats',
 'scrapy.extensions.memusage.MemoryUsage',
 'scrapy.extensions.logstats.LogStats',
 'scrapy.extensions.throttle.AutoThrottle']
2025-08-28 23:52:48 [scrapy.crawler] INFO: Overridden settings:
{'AUTOTHROTTLE_ENABLED': True,
 'AUTOTHROTTLE_MAX_DELAY': 6,
 'AUTOTHROTTLE_START_DELAY': 1,
 'AUTOTHROTTLE_TARGET_CONCURRENCY': 2.0,
 'BOT_NAME': 'program_crawler',
 'CONCURRENT_REQUESTS': 32,
 'DEPTH_LIMIT': 2,
 'DOWNLOAD_DELAY': 1,
 'DOWNLOAD_TIMEOUT': 30,
 'LOG_FILE': 'log/交通运输/交通运输_urls_20250828_235247.log',
 'LOG_LEVEL': 'INFO',
 'NEWSPIDER_MODULE': 'program_crawler.spiders',
 'RANDOMIZE_DOWNLOAD_DELAY': 0.5,
 'RETRY_TIMES': 3,
 'SPIDER_MODULES': ['program_crawler.spiders'],
 'TELNETCONSOLE_ENABLED': False}
2025-08-28 23:52:48 [scrapy.middleware] INFO: Enabled downloader middlewares:
['scrapy.downloadermiddlewares.offsite.OffsiteMiddleware',
 'scrapy.downloadermiddlewares.httpauth.HttpAuthMiddleware',
 'scrapy.downloadermiddlewares.downloadtimeout.DownloadTimeoutMiddleware',
 'scrapy.downloadermiddlewares.defaultheaders.DefaultHeadersMiddleware',
 'program_crawler.middlewares.RandomUserAgentMiddleware',
 'program_crawler.middlewares.BrowserHeadersMiddleware',
 'scrapy.downloadermiddlewares.retry.RetryMiddleware',
 'scrapy.downloadermiddlewares.redirect.MetaRefreshMiddleware',
 'scrapy.downloadermiddlewares.httpcompression.HttpCompressionMiddleware',
 'scrapy.downloadermiddlewares.redirect.RedirectMiddleware',
 'scrapy.downloadermiddlewares.cookies.CookiesMiddleware',
 'scrapy.downloadermiddlewares.httpproxy.HttpProxyMiddleware',
 'scrapy.downloadermiddlewares.stats.DownloaderStats']
2025-08-28 23:52:48 [scrapy.middleware] INFO: Enabled spider middlewares:
['scrapy.spidermiddlewares.start.StartSpiderMiddleware',
 'scrapy.spidermiddlewares.httperror.HttpErrorMiddleware',
 'scrapy.spidermiddlewares.referer.RefererMiddleware',
 'scrapy.spidermiddlewares.urllength.UrlLengthMiddleware',
 'scrapy.spidermiddlewares.depth.DepthMiddleware']
2025-08-28 23:52:49 [scrapy.middleware] INFO: Enabled item pipelines:
['program_crawler.pipelines.JsonWriterPipeline']
2025-08-28 23:52:49 [scrapy.core.engine] INFO: Spider opened
2025-08-28 23:52:49 [py.warnings] WARNING: /home/jingyang22/.conda/envs/gp/lib/python3.9/site-packages/scrapy/core/spidermw.py:433: ScrapyDeprecationWarning: program_crawler.spiders.program_spider.ProgramSpider defines the deprecated start_requests() method. start_requests() has been deprecated in favor of a new method, start(), to support asynchronous code execution. start_requests() will stop being called in a future version of Scrapy. If you use Scrapy 2.13 or higher only, replace start_requests() with start(); note that start() is a coroutine (async def). If you need to maintain compatibility with lower Scrapy versions, when overriding start_requests() in a spider class, override start() as well; you can use super() to reuse the inherited start() implementation without copy-pasting. See the release notes of Scrapy 2.13 for details: https://docs.scrapy.org/en/2.13/news.html
  warn(

2025-08-28 23:52:49 [scrapy.extensions.logstats] INFO: Crawled 0 pages (at 0 pages/min), scraped 0 items (at 0 items/min)
2025-08-28 23:52:49 [program_spider] INFO: 
================================================================================
2025-08-28 23:52:49 [program_spider] INFO: 开始爬取项目 [1/46]
2025-08-28 23:52:49 [program_spider] INFO: 项目名称: 帝国理工学院数据科学的运输理学硕士
2025-08-28 23:52:49 [program_spider] INFO: 项目ID: b6c2d7ac-1b61-42fa-97e6-693e47934efb
2025-08-28 23:52:49 [program_spider] INFO: 根URL: https://www.imperial.ac.uk/study/courses/postgraduate-taught/transport-data-science/
2025-08-28 23:52:49 [program_spider] INFO: 剩余项目数: 45
2025-08-28 23:52:49 [program_spider] INFO: ================================================================================
2025-08-28 23:52:49 [program_spider] INFO: [b6c2d7ac-1b61-42fa-97e6-693e47934efb] 计数器变更: 0 -> 1, 操作: 启动根页面请求
2025-08-28 23:52:50 [program_spider] INFO: [b6c2d7ac-1b61-42fa-97e6-693e47934efb] 正在处理根页面 (已处理0个页面): https://www.imperial.ac.uk/study/courses/postgraduate-taught/transport-data-science/
2025-08-28 23:52:50 [program_spider] INFO: [b6c2d7ac-1b61-42fa-97e6-693e47934efb] 页面总链接数: 38
2025-08-28 23:52:50 [program_spider] INFO: [b6c2d7ac-1b61-42fa-97e6-693e47934efb] 移除导航后链接数: 38 (移除了 0 个导航链接)
2025-08-28 23:52:50 [program_spider] INFO: [b6c2d7ac-1b61-42fa-97e6-693e47934efb] 有效链接数: 28, 关键词匹配数: 13, 最终提取数: 11
2025-08-28 23:52:50 [program_spider] INFO: [b6c2d7ac-1b61-42fa-97e6-693e47934efb] 页面 https://www.imperial.ac.uk/study/courses/postgraduate-taught/transport-data-science/ (depth=0, is_root=True) 提取到 11 个链接
2025-08-28 23:52:50 [program_spider] INFO: [b6c2d7ac-1b61-42fa-97e6-693e47934efb] 爬取子链接: https://www.imperial.ac.uk/study/courses/compare/ (锚文本: 'Course compare
0', 匹配关键词: 'course')
2025-08-28 23:52:50 [program_spider] INFO: [b6c2d7ac-1b61-42fa-97e6-693e47934efb] 爬取子链接: https://myimperial.powerappsportals.com/ (锚文本: 'Apply now', 匹配关键词: 'apply')
2025-08-28 23:52:50 [program_spider] INFO: [b6c2d7ac-1b61-42fa-97e6-693e47934efb] 爬取子链接: https://www.imperial.ac.uk/study/courses/postgraduate-taught/transport-data-science/?addCourse=1280838 (锚文本: 'Add to course compare', 匹配关键词: 'course')
2025-08-28 23:52:50 [program_spider] INFO: [b6c2d7ac-1b61-42fa-97e6-693e47934efb] 爬取子链接: https://www.imperial.ac.uk/study/apply/course-changes/ (锚文本: 'potential course changes', 匹配关键词: 'course')
2025-08-28 23:52:50 [program_spider] INFO: [b6c2d7ac-1b61-42fa-97e6-693e47934efb] 爬取子链接: https://www.imperial.ac.uk/study/apply/english-language/ (锚文本: 'English language requirements', 匹配关键词: 'requirement')
2025-08-28 23:52:50 [program_spider] INFO: [b6c2d7ac-1b61-42fa-97e6-693e47934efb] 爬取子链接: https://www.imperial.ac.uk/study/apply/contact/ (锚文本: 'relevant admissions team', 匹配关键词: 'admission')
2025-08-28 23:52:50 [program_spider] INFO: [b6c2d7ac-1b61-42fa-97e6-693e47934efb] 爬取子链接: https://www.imperial.ac.uk/study/apply/postgraduate-taught/application-process/deadlines/ (锚文本: 'Learn more about application rounds for Master's courses', 匹配关键词: 'course')
2025-08-28 23:52:50 [program_spider] INFO: [b6c2d7ac-1b61-42fa-97e6-693e47934efb] 爬取子链接: https://www.imperial.ac.uk/study/apply/postgraduate-taught/application-process/application-fee/ (锚文本: 'Read full details about the application fee and waiver', 匹配关键词: 'application')
2025-08-28 23:52:50 [program_spider] INFO: [b6c2d7ac-1b61-42fa-97e6-693e47934efb] 爬取子链接: https://www.imperial.ac.uk/study/apply/postgraduate-taught/application-process/ (锚文本: 'how to apply for a Master's course', 匹配关键词: 'course')
2025-08-28 23:52:50 [program_spider] INFO: [b6c2d7ac-1b61-42fa-97e6-693e47934efb] 爬取子链接: https://www.imperial.ac.uk/study/fees-and-funding/tuition-fees/payment-terms/ (锚文本: 'tuition fees payment terms', 匹配关键词: 'tuition')
2025-08-28 23:52:50 [program_spider] INFO: [b6c2d7ac-1b61-42fa-97e6-693e47934efb] 爬取子链接: https://www.imperial.ac.uk/staff/tools-and-reference/quality-assurance-enhancement/programme-information/programme-specifications/ (锚文本: 'Programme specifications', 匹配关键词: 'program')
2025-08-28 23:52:50 [program_spider] INFO: [b6c2d7ac-1b61-42fa-97e6-693e47934efb] 提取链接完成，去重前 11 个链接，去重后 11 个新请求（去重了 0 个重复链接）
2025-08-28 23:52:50 [program_spider] INFO: [b6c2d7ac-1b61-42fa-97e6-693e47934efb] 计数器变更: 1 -> 12, 操作: 添加11个子页面请求
2025-08-28 23:52:50 [program_spider] INFO: [b6c2d7ac-1b61-42fa-97e6-693e47934efb] 添加 11 个新请求，当前剩余: 11
2025-08-28 23:52:50 [program_spider] INFO: [b6c2d7ac-1b61-42fa-97e6-693e47934efb] 计数器变更: 12 -> 11, 操作: 完成页面解析
2025-08-28 23:52:50 [program_spider] INFO: [b6c2d7ac-1b61-42fa-97e6-693e47934efb] 正在处理子页面(深度1) (已处理1个页面): https://www.imperial.ac.uk/study/courses/compare/
2025-08-28 23:52:50 [program_spider] INFO: [b6c2d7ac-1b61-42fa-97e6-693e47934efb] 计数器变更: 11 -> 10, 操作: 完成页面解析
2025-08-28 23:52:51 [program_spider] INFO: [b6c2d7ac-1b61-42fa-97e6-693e47934efb] 正在处理子页面(深度1) (已处理2个页面): https://myimperial.powerappsportals.com/
2025-08-28 23:52:51 [program_spider] INFO: [b6c2d7ac-1b61-42fa-97e6-693e47934efb] 计数器变更: 10 -> 9, 操作: 完成页面解析
2025-08-28 23:52:51 [program_spider] INFO: [b6c2d7ac-1b61-42fa-97e6-693e47934efb] 正在处理子页面(深度1) (已处理3个页面): https://www.imperial.ac.uk/staff/tools-and-reference/quality-assurance-enhancement/programme-informa...
2025-08-28 23:52:51 [program_spider] INFO: [b6c2d7ac-1b61-42fa-97e6-693e47934efb] 计数器变更: 9 -> 8, 操作: 完成页面解析
2025-08-28 23:52:52 [program_spider] INFO: [b6c2d7ac-1b61-42fa-97e6-693e47934efb] 正在处理子页面(深度1) (已处理4个页面): https://www.imperial.ac.uk/study/fees-and-funding/tuition-fees/payment-terms/
2025-08-28 23:52:52 [program_spider] INFO: [b6c2d7ac-1b61-42fa-97e6-693e47934efb] 计数器变更: 8 -> 7, 操作: 完成页面解析
2025-08-28 23:52:53 [program_spider] INFO: [b6c2d7ac-1b61-42fa-97e6-693e47934efb] 正在处理子页面(深度1) (已处理5个页面): https://www.imperial.ac.uk/study/apply/postgraduate-taught/application-process/
2025-08-28 23:52:53 [program_spider] INFO: [b6c2d7ac-1b61-42fa-97e6-693e47934efb] 计数器变更: 7 -> 6, 操作: 完成页面解析
2025-08-28 23:52:54 [program_spider] INFO: [b6c2d7ac-1b61-42fa-97e6-693e47934efb] 正在处理子页面(深度1) (已处理6个页面): https://www.imperial.ac.uk/study/apply/postgraduate-taught/application-process/application-fee/
2025-08-28 23:52:54 [program_spider] INFO: [b6c2d7ac-1b61-42fa-97e6-693e47934efb] 计数器变更: 6 -> 5, 操作: 完成页面解析
2025-08-28 23:52:55 [program_spider] INFO: [b6c2d7ac-1b61-42fa-97e6-693e47934efb] 正在处理子页面(深度1) (已处理7个页面): https://www.imperial.ac.uk/study/apply/postgraduate-taught/application-process/deadlines/
2025-08-28 23:52:55 [program_spider] INFO: [b6c2d7ac-1b61-42fa-97e6-693e47934efb] 计数器变更: 5 -> 4, 操作: 完成页面解析
2025-08-28 23:52:56 [program_spider] INFO: [b6c2d7ac-1b61-42fa-97e6-693e47934efb] 正在处理子页面(深度1) (已处理8个页面): https://www.imperial.ac.uk/study/apply/contact/
2025-08-28 23:52:56 [program_spider] INFO: [b6c2d7ac-1b61-42fa-97e6-693e47934efb] 计数器变更: 4 -> 3, 操作: 完成页面解析
2025-08-28 23:52:57 [program_spider] INFO: [b6c2d7ac-1b61-42fa-97e6-693e47934efb] 正在处理子页面(深度1) (已处理9个页面): https://www.imperial.ac.uk/study/apply/english-language/
2025-08-28 23:52:57 [program_spider] INFO: [b6c2d7ac-1b61-42fa-97e6-693e47934efb] 计数器变更: 3 -> 2, 操作: 完成页面解析
2025-08-28 23:52:58 [program_spider] INFO: [b6c2d7ac-1b61-42fa-97e6-693e47934efb] 正在处理子页面(深度1) (已处理10个页面): https://www.imperial.ac.uk/study/apply/course-changes/
2025-08-28 23:52:58 [program_spider] INFO: [b6c2d7ac-1b61-42fa-97e6-693e47934efb] 计数器变更: 2 -> 1, 操作: 完成页面解析
2025-08-28 23:52:59 [program_spider] INFO: [b6c2d7ac-1b61-42fa-97e6-693e47934efb] 正在处理子页面(深度1) (已处理11个页面): https://www.imperial.ac.uk/study/courses/postgraduate-taught/transport-data-science/?addCourse=12808...
2025-08-28 23:52:59 [program_spider] INFO: [b6c2d7ac-1b61-42fa-97e6-693e47934efb] 计数器变更: 1 -> 0, 操作: 完成页面解析
2025-08-28 23:53:00 [program_spider] INFO: [b6c2d7ac-1b61-42fa-97e6-693e47934efb] 正在完成项目
2025-08-28 23:53:00 [program_spider] INFO: 
------------------------------------------------------------
2025-08-28 23:53:00 [program_spider] INFO: [b6c2d7ac-1b61-42fa-97e6-693e47934efb] 项目完成: 帝国理工学院数据科学的运输理学硕士
2025-08-28 23:53:00 [program_spider] INFO: [b6c2d7ac-1b61-42fa-97e6-693e47934efb]   - 总页数: 12
2025-08-28 23:53:00 [program_spider] INFO: [b6c2d7ac-1b61-42fa-97e6-693e47934efb]   - 成功页数: 12
2025-08-28 23:53:00 [program_spider] INFO: [b6c2d7ac-1b61-42fa-97e6-693e47934efb]   - 失败页数: 0
2025-08-28 23:53:00 [program_spider] INFO: [b6c2d7ac-1b61-42fa-97e6-693e47934efb]   - 成功率: 100.0%
2025-08-28 23:53:00 [program_spider] INFO: ------------------------------------------------------------
2025-08-28 23:53:00 [program_spider] INFO: [b6c2d7ac-1b61-42fa-97e6-693e47934efb] 仍有 45 个项目待爬，将在爬虫空闲时继续。
2025-08-28 23:53:00 [program_spider] INFO: 成功保存项目数据: output/交通运输/帝国理工学院数据科学的运输理学硕士_交通运输.json
2025-08-28 23:53:00 [program_spider] INFO: spider_idle 触发，调度下一个项目 …
2025-08-28 23:53:00 [program_spider] INFO: 
================================================================================
2025-08-28 23:53:00 [program_spider] INFO: 开始爬取项目 [2/46]
2025-08-28 23:53:00 [program_spider] INFO: 项目名称: 帝国理工学院运输理学硕士
2025-08-28 23:53:00 [program_spider] INFO: 项目ID: fbeffc76-252a-489b-b60d-db43ae2339f5
2025-08-28 23:53:00 [program_spider] INFO: 根URL: https://www.imperial.ac.uk/study/courses/postgraduate-taught/transport/
2025-08-28 23:53:00 [program_spider] INFO: 剩余项目数: 44
2025-08-28 23:53:00 [program_spider] INFO: ================================================================================
2025-08-28 23:53:00 [program_spider] INFO: [fbeffc76-252a-489b-b60d-db43ae2339f5] 计数器变更: 0 -> 1, 操作: 启动根页面请求
2025-08-28 23:53:01 [program_spider] INFO: [fbeffc76-252a-489b-b60d-db43ae2339f5] 正在处理根页面 (已处理0个页面): https://www.imperial.ac.uk/study/courses/postgraduate-taught/transport/
2025-08-28 23:53:01 [program_spider] INFO: [fbeffc76-252a-489b-b60d-db43ae2339f5] 页面总链接数: 38
2025-08-28 23:53:01 [program_spider] INFO: [fbeffc76-252a-489b-b60d-db43ae2339f5] 移除导航后链接数: 38 (移除了 0 个导航链接)
2025-08-28 23:53:01 [program_spider] INFO: [fbeffc76-252a-489b-b60d-db43ae2339f5] 有效链接数: 28, 关键词匹配数: 13, 最终提取数: 11
2025-08-28 23:53:01 [program_spider] INFO: [fbeffc76-252a-489b-b60d-db43ae2339f5] 页面 https://www.imperial.ac.uk/study/courses/postgraduate-taught/transport/ (depth=0, is_root=True) 提取到 11 个链接
2025-08-28 23:53:01 [program_spider] INFO: [fbeffc76-252a-489b-b60d-db43ae2339f5] 爬取子链接: https://www.imperial.ac.uk/study/courses/compare/ (锚文本: 'Course compare
0', 匹配关键词: 'course')
2025-08-28 23:53:01 [program_spider] INFO: [fbeffc76-252a-489b-b60d-db43ae2339f5] 爬取子链接: https://myimperial.powerappsportals.com/ (锚文本: 'Apply now', 匹配关键词: 'apply')
2025-08-28 23:53:01 [program_spider] INFO: [fbeffc76-252a-489b-b60d-db43ae2339f5] 爬取子链接: https://www.imperial.ac.uk/study/courses/postgraduate-taught/transport/?addCourse=1194025 (锚文本: 'Add to course compare', 匹配关键词: 'course')
2025-08-28 23:53:01 [program_spider] INFO: [fbeffc76-252a-489b-b60d-db43ae2339f5] 爬取子链接: https://www.imperial.ac.uk/study/apply/course-changes/ (锚文本: 'potential course changes', 匹配关键词: 'course')
2025-08-28 23:53:01 [program_spider] INFO: [fbeffc76-252a-489b-b60d-db43ae2339f5] 爬取子链接: https://www.imperial.ac.uk/study/apply/english-language/ (锚文本: 'English language requirements', 匹配关键词: 'requirement')
2025-08-28 23:53:01 [program_spider] INFO: [fbeffc76-252a-489b-b60d-db43ae2339f5] 爬取子链接: https://www.imperial.ac.uk/study/apply/contact/ (锚文本: 'relevant admissions team', 匹配关键词: 'admission')
2025-08-28 23:53:01 [program_spider] INFO: [fbeffc76-252a-489b-b60d-db43ae2339f5] 爬取子链接: https://www.imperial.ac.uk/study/apply/postgraduate-taught/application-process/deadlines/ (锚文本: 'Learn more about application rounds for Master's courses', 匹配关键词: 'course')
2025-08-28 23:53:01 [program_spider] INFO: [fbeffc76-252a-489b-b60d-db43ae2339f5] 爬取子链接: https://www.imperial.ac.uk/study/apply/postgraduate-taught/application-process/application-fee/ (锚文本: 'Read full details about the application fee and waiver', 匹配关键词: 'application')
2025-08-28 23:53:01 [program_spider] INFO: [fbeffc76-252a-489b-b60d-db43ae2339f5] 爬取子链接: https://www.imperial.ac.uk/study/apply/postgraduate-taught/application-process/ (锚文本: 'how to apply for a Master's course', 匹配关键词: 'course')
2025-08-28 23:53:01 [program_spider] INFO: [fbeffc76-252a-489b-b60d-db43ae2339f5] 爬取子链接: https://www.imperial.ac.uk/study/fees-and-funding/tuition-fees/payment-terms/ (锚文本: 'tuition fees payment terms', 匹配关键词: 'tuition')
2025-08-28 23:53:01 [program_spider] INFO: [fbeffc76-252a-489b-b60d-db43ae2339f5] 爬取子链接: https://www.imperial.ac.uk/staff/tools-and-reference/quality-assurance-enhancement/programme-information/programme-specifications/ (锚文本: 'Programme specifications', 匹配关键词: 'program')
2025-08-28 23:53:01 [program_spider] INFO: [fbeffc76-252a-489b-b60d-db43ae2339f5] 提取链接完成，去重前 11 个链接，去重后 11 个新请求（去重了 0 个重复链接）
2025-08-28 23:53:01 [program_spider] INFO: [fbeffc76-252a-489b-b60d-db43ae2339f5] 计数器变更: 1 -> 12, 操作: 添加11个子页面请求
2025-08-28 23:53:01 [program_spider] INFO: [fbeffc76-252a-489b-b60d-db43ae2339f5] 添加 11 个新请求，当前剩余: 11
2025-08-28 23:53:01 [program_spider] INFO: [fbeffc76-252a-489b-b60d-db43ae2339f5] 计数器变更: 12 -> 11, 操作: 完成页面解析
2025-08-28 23:53:01 [program_spider] INFO: [fbeffc76-252a-489b-b60d-db43ae2339f5] 正在处理子页面(深度1) (已处理1个页面): https://myimperial.powerappsportals.com/
2025-08-28 23:53:01 [program_spider] INFO: [fbeffc76-252a-489b-b60d-db43ae2339f5] 计数器变更: 11 -> 10, 操作: 完成页面解析
2025-08-28 23:53:02 [program_spider] INFO: [fbeffc76-252a-489b-b60d-db43ae2339f5] 正在处理子页面(深度1) (已处理2个页面): https://www.imperial.ac.uk/study/courses/compare/
2025-08-28 23:53:02 [program_spider] INFO: [fbeffc76-252a-489b-b60d-db43ae2339f5] 计数器变更: 10 -> 9, 操作: 完成页面解析
2025-08-28 23:53:03 [program_spider] INFO: [fbeffc76-252a-489b-b60d-db43ae2339f5] 正在处理子页面(深度1) (已处理3个页面): https://www.imperial.ac.uk/staff/tools-and-reference/quality-assurance-enhancement/programme-informa...
2025-08-28 23:53:03 [program_spider] INFO: [fbeffc76-252a-489b-b60d-db43ae2339f5] 计数器变更: 9 -> 8, 操作: 完成页面解析
2025-08-28 23:53:04 [program_spider] INFO: [fbeffc76-252a-489b-b60d-db43ae2339f5] 正在处理子页面(深度1) (已处理4个页面): https://www.imperial.ac.uk/study/fees-and-funding/tuition-fees/payment-terms/
2025-08-28 23:53:04 [program_spider] INFO: [fbeffc76-252a-489b-b60d-db43ae2339f5] 计数器变更: 8 -> 7, 操作: 完成页面解析
2025-08-28 23:53:05 [program_spider] INFO: [fbeffc76-252a-489b-b60d-db43ae2339f5] 正在处理子页面(深度1) (已处理5个页面): https://www.imperial.ac.uk/study/apply/postgraduate-taught/application-process/
2025-08-28 23:53:05 [program_spider] INFO: [fbeffc76-252a-489b-b60d-db43ae2339f5] 计数器变更: 7 -> 6, 操作: 完成页面解析
2025-08-28 23:53:06 [program_spider] INFO: [fbeffc76-252a-489b-b60d-db43ae2339f5] 正在处理子页面(深度1) (已处理6个页面): https://www.imperial.ac.uk/study/apply/postgraduate-taught/application-process/application-fee/
2025-08-28 23:53:06 [program_spider] INFO: [fbeffc76-252a-489b-b60d-db43ae2339f5] 计数器变更: 6 -> 5, 操作: 完成页面解析
2025-08-28 23:53:07 [program_spider] INFO: [fbeffc76-252a-489b-b60d-db43ae2339f5] 正在处理子页面(深度1) (已处理7个页面): https://www.imperial.ac.uk/study/apply/postgraduate-taught/application-process/deadlines/
2025-08-28 23:53:07 [program_spider] INFO: [fbeffc76-252a-489b-b60d-db43ae2339f5] 计数器变更: 5 -> 4, 操作: 完成页面解析
2025-08-28 23:53:08 [program_spider] INFO: [fbeffc76-252a-489b-b60d-db43ae2339f5] 正在处理子页面(深度1) (已处理8个页面): https://www.imperial.ac.uk/study/apply/contact/
2025-08-28 23:53:08 [program_spider] INFO: [fbeffc76-252a-489b-b60d-db43ae2339f5] 计数器变更: 4 -> 3, 操作: 完成页面解析
2025-08-28 23:53:09 [program_spider] INFO: [fbeffc76-252a-489b-b60d-db43ae2339f5] 正在处理子页面(深度1) (已处理9个页面): https://www.imperial.ac.uk/study/apply/english-language/
2025-08-28 23:53:09 [program_spider] INFO: [fbeffc76-252a-489b-b60d-db43ae2339f5] 计数器变更: 3 -> 2, 操作: 完成页面解析
2025-08-28 23:53:10 [program_spider] INFO: [fbeffc76-252a-489b-b60d-db43ae2339f5] 正在处理子页面(深度1) (已处理10个页面): https://www.imperial.ac.uk/study/apply/course-changes/
2025-08-28 23:53:10 [program_spider] INFO: [fbeffc76-252a-489b-b60d-db43ae2339f5] 计数器变更: 2 -> 1, 操作: 完成页面解析
2025-08-28 23:53:11 [program_spider] INFO: [fbeffc76-252a-489b-b60d-db43ae2339f5] 正在处理子页面(深度1) (已处理11个页面): https://www.imperial.ac.uk/study/courses/postgraduate-taught/transport/?addCourse=1194025
2025-08-28 23:53:11 [program_spider] INFO: [fbeffc76-252a-489b-b60d-db43ae2339f5] 计数器变更: 1 -> 0, 操作: 完成页面解析
2025-08-28 23:53:12 [program_spider] INFO: [fbeffc76-252a-489b-b60d-db43ae2339f5] 正在完成项目
2025-08-28 23:53:12 [program_spider] INFO: 
------------------------------------------------------------
2025-08-28 23:53:12 [program_spider] INFO: [fbeffc76-252a-489b-b60d-db43ae2339f5] 项目完成: 帝国理工学院运输理学硕士
2025-08-28 23:53:12 [program_spider] INFO: [fbeffc76-252a-489b-b60d-db43ae2339f5]   - 总页数: 12
2025-08-28 23:53:12 [program_spider] INFO: [fbeffc76-252a-489b-b60d-db43ae2339f5]   - 成功页数: 12
2025-08-28 23:53:12 [program_spider] INFO: [fbeffc76-252a-489b-b60d-db43ae2339f5]   - 失败页数: 0
2025-08-28 23:53:12 [program_spider] INFO: [fbeffc76-252a-489b-b60d-db43ae2339f5]   - 成功率: 100.0%
2025-08-28 23:53:12 [program_spider] INFO: ------------------------------------------------------------
2025-08-28 23:53:12 [program_spider] INFO: [fbeffc76-252a-489b-b60d-db43ae2339f5] 仍有 44 个项目待爬，将在爬虫空闲时继续。
2025-08-28 23:53:12 [program_spider] INFO: 成功保存项目数据: output/交通运输/帝国理工学院运输理学硕士_交通运输.json
2025-08-28 23:53:12 [program_spider] INFO: spider_idle 触发，调度下一个项目 …
2025-08-28 23:53:12 [program_spider] INFO: 
================================================================================
2025-08-28 23:53:12 [program_spider] INFO: 开始爬取项目 [3/46]
2025-08-28 23:53:12 [program_spider] INFO: 项目名称: 新加坡国立大学海事技术与管理理学硕士
2025-08-28 23:53:12 [program_spider] INFO: 项目ID: cdbb5594-5c45-474c-9f93-6faec0dc8716
2025-08-28 23:53:12 [program_spider] INFO: 根URL: https://cde.nus.edu.sg/isem/graduate/coursework/masters-of-science-maritime-technology-management-programme/
2025-08-28 23:53:12 [program_spider] INFO: 剩余项目数: 43
2025-08-28 23:53:12 [program_spider] INFO: ================================================================================
2025-08-28 23:53:12 [program_spider] INFO: [cdbb5594-5c45-474c-9f93-6faec0dc8716] 计数器变更: 0 -> 1, 操作: 启动根页面请求
2025-08-28 23:53:12 [program_spider] INFO: [cdbb5594-5c45-474c-9f93-6faec0dc8716] 正在处理根页面 (已处理0个页面): https://cde.nus.edu.sg/isem/graduate/coursework/masters-of-science-maritime-technology-management-pr...
2025-08-28 23:53:12 [program_spider] INFO: [cdbb5594-5c45-474c-9f93-6faec0dc8716] 页面总链接数: 0
2025-08-28 23:53:12 [program_spider] INFO: [cdbb5594-5c45-474c-9f93-6faec0dc8716] 移除导航后链接数: 0 (移除了 0 个导航链接)
2025-08-28 23:53:12 [program_spider] INFO: [cdbb5594-5c45-474c-9f93-6faec0dc8716] 有效链接数: 0, 关键词匹配数: 0, 最终提取数: 0
2025-08-28 23:53:12 [program_spider] WARNING: [cdbb5594-5c45-474c-9f93-6faec0dc8716] 页面 https://cde.nus.edu.sg/isem/graduate/coursework/masters-of-science-maritime-technology-management-programme/ (depth=0, is_root=True) 没有提取到任何符合条件的链接
2025-08-28 23:53:12 [program_spider] INFO: [cdbb5594-5c45-474c-9f93-6faec0dc8716] 提取链接完成，去重前 0 个链接，去重后 0 个新请求（去重了 0 个重复链接）
2025-08-28 23:53:12 [program_spider] INFO: [cdbb5594-5c45-474c-9f93-6faec0dc8716] 计数器变更: 1 -> 0, 操作: 完成页面解析
2025-08-28 23:53:13 [program_spider] INFO: [cdbb5594-5c45-474c-9f93-6faec0dc8716] 正在完成项目
2025-08-28 23:53:13 [program_spider] INFO: 
------------------------------------------------------------
2025-08-28 23:53:13 [program_spider] INFO: [cdbb5594-5c45-474c-9f93-6faec0dc8716] 项目完成: 新加坡国立大学海事技术与管理理学硕士
2025-08-28 23:53:13 [program_spider] INFO: [cdbb5594-5c45-474c-9f93-6faec0dc8716]   - 总页数: 1
2025-08-28 23:53:13 [program_spider] INFO: [cdbb5594-5c45-474c-9f93-6faec0dc8716]   - 成功页数: 1
2025-08-28 23:53:13 [program_spider] INFO: [cdbb5594-5c45-474c-9f93-6faec0dc8716]   - 失败页数: 0
2025-08-28 23:53:13 [program_spider] INFO: [cdbb5594-5c45-474c-9f93-6faec0dc8716]   - 成功率: 100.0%
2025-08-28 23:53:13 [program_spider] INFO: ------------------------------------------------------------
2025-08-28 23:53:13 [program_spider] INFO: [cdbb5594-5c45-474c-9f93-6faec0dc8716] 仍有 43 个项目待爬，将在爬虫空闲时继续。
2025-08-28 23:53:13 [program_spider] INFO: 成功保存项目数据: output/交通运输/新加坡国立大学海事技术与管理理学硕士_交通运输.json
2025-08-28 23:53:13 [program_spider] INFO: spider_idle 触发，调度下一个项目 …
2025-08-28 23:53:13 [program_spider] INFO: 
================================================================================
2025-08-28 23:53:13 [program_spider] INFO: 开始爬取项目 [4/46]
2025-08-28 23:53:13 [program_spider] INFO: 项目名称: 伦敦大学学院土木工程（交通）理学硕士
2025-08-28 23:53:13 [program_spider] INFO: 项目ID: 067cd58e-056a-4233-a159-4d979a1a55cf
2025-08-28 23:53:13 [program_spider] INFO: 根URL: https://www.ucl.ac.uk/prospective-students/graduate/taught-degrees/civil-engineering-transport-msc
2025-08-28 23:53:13 [program_spider] INFO: 剩余项目数: 42
2025-08-28 23:53:13 [program_spider] INFO: ================================================================================
2025-08-28 23:53:13 [program_spider] INFO: [067cd58e-056a-4233-a159-4d979a1a55cf] 计数器变更: 0 -> 1, 操作: 启动根页面请求
2025-08-28 23:53:13 [program_spider] INFO: [067cd58e-056a-4233-a159-4d979a1a55cf] 正在处理根页面 (已处理0个页面): https://www.ucl.ac.uk/prospective-students/graduate/taught-degrees/civil-engineering-transport-msc
2025-08-28 23:53:13 [program_spider] INFO: [067cd58e-056a-4233-a159-4d979a1a55cf] 页面总链接数: 78
2025-08-28 23:53:13 [program_spider] INFO: [067cd58e-056a-4233-a159-4d979a1a55cf] 移除导航后链接数: 78 (移除了 0 个导航链接)
2025-08-28 23:53:13 [program_spider] INFO: [067cd58e-056a-4233-a159-4d979a1a55cf] 有效链接数: 76, 关键词匹配数: 22, 最终提取数: 21
2025-08-28 23:53:13 [program_spider] INFO: [067cd58e-056a-4233-a159-4d979a1a55cf] 页面 https://www.ucl.ac.uk/prospective-students/graduate/taught-degrees/civil-engineering-transport-msc (depth=0, is_root=True) 提取到 21 个链接
2025-08-28 23:53:13 [program_spider] INFO: [067cd58e-056a-4233-a159-4d979a1a55cf] 爬取子链接: https://www.ucl.ac.uk/prospective-students/graduate/taught-degrees/civil-engineering-transport-msc/2025 (锚文本: 'If you require details of the previous year's programme, Civil Engineering (with Transport) MSc (2025/26), click here', 匹配关键词: 'program')
2025-08-28 23:53:13 [program_spider] INFO: [067cd58e-056a-4233-a159-4d979a1a55cf] 爬取子链接: https://www.ucl.ac.uk/languages-international-education/preparation-courses (锚文本: 'UCL Pre-Master's and Pre-sessional English courses', 匹配关键词: 'course')
2025-08-28 23:53:13 [program_spider] INFO: [067cd58e-056a-4233-a159-4d979a1a55cf] 爬取子链接: https://www.ucl.ac.uk/prospective-students/graduate/learning-and-living-ucl/international-students/english-language-requirements (锚文本: 'English language requirements', 匹配关键词: 'requirement')
2025-08-28 23:53:13 [program_spider] INFO: [067cd58e-056a-4233-a159-4d979a1a55cf] 爬取子链接: https://www.ucl.ac.uk/prospective-students/graduate/why-choose-ucl/careers-and-employability (锚文本: 'Read about what you'll get out of a graduate programme', 匹配关键词: 'program')
2025-08-28 23:53:13 [program_spider] INFO: [067cd58e-056a-4233-a159-4d979a1a55cf] 爬取子链接: https://www.ucl.ac.uk/careers/ (锚文本: 'UCL Careers', 匹配关键词: 'career')
2025-08-28 23:53:13 [program_spider] INFO: [067cd58e-056a-4233-a159-4d979a1a55cf] 爬取子链接: https://www.ucl.ac.uk/module-catalogue/modules/financial-aspects-of-project-engineering-CEGE0016 (锚文本: 'Financial Aspects of Project Engineering', 匹配关键词: 'financial')
2025-08-28 23:53:13 [program_spider] INFO: [067cd58e-056a-4233-a159-4d979a1a55cf] 爬取子链接: https://www.ucl.ac.uk/module-catalogue/modules/research-project-CEGE0049 (锚文本: 'Research Project', 匹配关键词: 'project')
2025-08-28 23:53:13 [program_spider] INFO: [067cd58e-056a-4233-a159-4d979a1a55cf] 爬取子链接: https://www.ucl.ac.uk/prospective-students/graduate/tuition-fees (锚文本: 'Tuition fees', 匹配关键词: 'tuition')
2025-08-28 23:53:13 [program_spider] INFO: [067cd58e-056a-4233-a159-4d979a1a55cf] 爬取子链接: https://www.ucl.ac.uk/scholarships (锚文本: 'Scholarships and Funding website', 匹配关键词: 'funding')
2025-08-28 23:53:13 [program_spider] INFO: [067cd58e-056a-4233-a159-4d979a1a55cf] 爬取子链接: https://www.ucl.ac.uk/scholarships/ucl-east-london-scholarship (锚文本: 'UCL East London Scholarship', 匹配关键词: 'scholarship')
2025-08-28 23:53:13 [program_spider] INFO: [067cd58e-056a-4233-a159-4d979a1a55cf] 爬取子链接: https://www.ucl.ac.uk/prospective-students/graduate/application-fees (锚文本: 'Application fees', 匹配关键词: 'application')
2025-08-28 23:53:13 [program_spider] INFO: [067cd58e-056a-4233-a159-4d979a1a55cf] 爬取子链接: https://www.ucl.ac.uk/prospective-students/graduate/taught-degrees/applying-graduate-taught-study-ucl (锚文本: 'Applying for Graduate Taught Study at UCL', 匹配关键词: 'apply')
2025-08-28 23:53:13 [program_spider] INFO: [067cd58e-056a-4233-a159-4d979a1a55cf] 爬取子链接: https://www.ucl.ac.uk/prospective-students/graduate/research-degrees/funded-doctoral-training-programmes (锚文本: 'Funded Doctoral Training Programmes', 匹配关键词: 'program')
2025-08-28 23:53:13 [program_spider] INFO: [067cd58e-056a-4233-a159-4d979a1a55cf] 爬取子链接: https://www.ucl.ac.uk/prospective-students/graduate/research-degrees/applying-graduate-research-study-ucl (锚文本: 'Applying for Graduate Research Study at UCL', 匹配关键词: 'apply')
2025-08-28 23:53:13 [program_spider] INFO: [067cd58e-056a-4233-a159-4d979a1a55cf] 爬取子链接: https://www.ucl.ac.uk/prospective-students/graduate/teacher-training/early-years-pgce-courses (锚文本: 'Early Years PGCE courses', 匹配关键词: 'course')
2025-08-28 23:53:13 [program_spider] INFO: [067cd58e-056a-4233-a159-4d979a1a55cf] 爬取子链接: https://www.ucl.ac.uk/prospective-students/graduate/teacher-training/primary-pgce-courses (锚文本: 'Primary PGCE courses', 匹配关键词: 'course')
2025-08-28 23:53:13 [program_spider] INFO: [067cd58e-056a-4233-a159-4d979a1a55cf] 爬取子链接: https://www.ucl.ac.uk/prospective-students/graduate/teacher-training/secondary-pgce-courses (锚文本: 'Secondary PGCE courses', 匹配关键词: 'course')
2025-08-28 23:53:13 [program_spider] INFO: [067cd58e-056a-4233-a159-4d979a1a55cf] 爬取子链接: https://www.ucl.ac.uk/prospective-students/graduate/teacher-training-programmes/further-education-pgce (锚文本: 'Further Education PGCE programme', 匹配关键词: 'program')
2025-08-28 23:53:13 [program_spider] INFO: [067cd58e-056a-4233-a159-4d979a1a55cf] 爬取子链接: https://www.ucl.ac.uk/prospective-students/graduate/teacher-training/entry-requirements (锚文本: 'Entry requirements', 匹配关键词: 'requirement')
2025-08-28 23:53:13 [program_spider] INFO: [067cd58e-056a-4233-a159-4d979a1a55cf] 爬取子链接: https://www.ucl.ac.uk/prospective-students/graduate/teacher-training/how-apply (锚文本: 'How to apply', 匹配关键词: 'apply')
2025-08-28 23:53:13 [program_spider] INFO: [067cd58e-056a-4233-a159-4d979a1a55cf] 爬取子链接: https://www.ucl.ac.uk/prospective-students/graduate/funding-your-masters (锚文本: 'Funding your Master's', 匹配关键词: 'funding')
2025-08-28 23:53:13 [program_spider] INFO: [067cd58e-056a-4233-a159-4d979a1a55cf] 提取链接完成，去重前 21 个链接，去重后 21 个新请求（去重了 0 个重复链接）
2025-08-28 23:53:13 [program_spider] INFO: [067cd58e-056a-4233-a159-4d979a1a55cf] 计数器变更: 1 -> 22, 操作: 添加21个子页面请求
2025-08-28 23:53:13 [program_spider] INFO: [067cd58e-056a-4233-a159-4d979a1a55cf] 添加 21 个新请求，当前剩余: 21
2025-08-28 23:53:14 [program_spider] INFO: [067cd58e-056a-4233-a159-4d979a1a55cf] 计数器变更: 22 -> 21, 操作: 完成页面解析
2025-08-28 23:53:14 [program_spider] INFO: [067cd58e-056a-4233-a159-4d979a1a55cf] 正在处理子页面(深度1) (已处理1个页面): https://www.ucl.ac.uk/prospective-students/graduate/taught-degrees/civil-engineering-transport-msc/2...
2025-08-28 23:53:14 [program_spider] INFO: [067cd58e-056a-4233-a159-4d979a1a55cf] 计数器变更: 21 -> 20, 操作: 完成页面解析
2025-08-28 23:53:15 [program_spider] INFO: [067cd58e-056a-4233-a159-4d979a1a55cf] 正在处理子页面(深度1) (已处理2个页面): https://www.ucl.ac.uk/prospective-students/graduate/funding-your-masters
2025-08-28 23:53:15 [program_spider] INFO: [067cd58e-056a-4233-a159-4d979a1a55cf] 计数器变更: 20 -> 19, 操作: 完成页面解析
2025-08-28 23:53:17 [program_spider] INFO: [067cd58e-056a-4233-a159-4d979a1a55cf] 正在处理子页面(深度1) (已处理3个页面): https://www.ucl.ac.uk/prospective-students/graduate/teacher-training/how-apply
2025-08-28 23:53:17 [program_spider] INFO: [067cd58e-056a-4233-a159-4d979a1a55cf] 计数器变更: 19 -> 18, 操作: 完成页面解析
2025-08-28 23:53:17 [program_spider] INFO: [067cd58e-056a-4233-a159-4d979a1a55cf] 正在处理子页面(深度1) (已处理4个页面): https://www.ucl.ac.uk/prospective-students/graduate/teacher-training/entry-requirements
2025-08-28 23:53:17 [program_spider] INFO: [067cd58e-056a-4233-a159-4d979a1a55cf] 计数器变更: 18 -> 17, 操作: 完成页面解析
2025-08-28 23:53:18 [program_spider] INFO: [067cd58e-056a-4233-a159-4d979a1a55cf] 正在处理子页面(深度1) (已处理5个页面): https://www.ucl.ac.uk/prospective-students/graduate/teacher-training-programmes/further-education-pg...
2025-08-28 23:53:18 [program_spider] INFO: [067cd58e-056a-4233-a159-4d979a1a55cf] 计数器变更: 17 -> 16, 操作: 完成页面解析
2025-08-28 23:53:19 [program_spider] INFO: [067cd58e-056a-4233-a159-4d979a1a55cf] 正在处理子页面(深度1) (已处理6个页面): https://www.ucl.ac.uk/prospective-students/graduate/teacher-training/secondary-pgce-courses
2025-08-28 23:53:19 [program_spider] INFO: [067cd58e-056a-4233-a159-4d979a1a55cf] 计数器变更: 16 -> 15, 操作: 完成页面解析
2025-08-28 23:53:20 [program_spider] INFO: [067cd58e-056a-4233-a159-4d979a1a55cf] 正在处理子页面(深度1) (已处理7个页面): https://www.ucl.ac.uk/prospective-students/graduate/teacher-training/primary-pgce-courses
2025-08-28 23:53:20 [program_spider] INFO: [067cd58e-056a-4233-a159-4d979a1a55cf] 计数器变更: 15 -> 14, 操作: 完成页面解析
2025-08-28 23:53:21 [program_spider] INFO: [067cd58e-056a-4233-a159-4d979a1a55cf] 正在处理子页面(深度1) (已处理8个页面): https://www.ucl.ac.uk/prospective-students/graduate/teacher-training/early-years-pgce-courses
2025-08-28 23:53:21 [program_spider] INFO: [067cd58e-056a-4233-a159-4d979a1a55cf] 计数器变更: 14 -> 13, 操作: 完成页面解析
2025-08-28 23:53:22 [program_spider] INFO: [067cd58e-056a-4233-a159-4d979a1a55cf] 正在处理子页面(深度1) (已处理9个页面): https://www.ucl.ac.uk/prospective-students/graduate/research-degrees/applying-graduate-research-stud...
2025-08-28 23:53:22 [program_spider] INFO: [067cd58e-056a-4233-a159-4d979a1a55cf] 计数器变更: 13 -> 12, 操作: 完成页面解析
2025-08-28 23:53:23 [program_spider] INFO: [067cd58e-056a-4233-a159-4d979a1a55cf] 正在处理子页面(深度1) (已处理10个页面): https://www.ucl.ac.uk/prospective-students/graduate/research-degrees/funded-doctoral-training-progra...
2025-08-28 23:53:23 [program_spider] INFO: [067cd58e-056a-4233-a159-4d979a1a55cf] 计数器变更: 12 -> 11, 操作: 完成页面解析
2025-08-28 23:53:24 [program_spider] INFO: [067cd58e-056a-4233-a159-4d979a1a55cf] 正在处理子页面(深度1) (已处理11个页面): https://www.ucl.ac.uk/prospective-students/graduate/taught-degrees/applying-graduate-taught-study-uc...
2025-08-28 23:53:24 [program_spider] INFO: [067cd58e-056a-4233-a159-4d979a1a55cf] 计数器变更: 11 -> 10, 操作: 完成页面解析
2025-08-28 23:53:25 [program_spider] INFO: [067cd58e-056a-4233-a159-4d979a1a55cf] 正在处理子页面(深度1) (已处理12个页面): https://www.ucl.ac.uk/prospective-students/graduate/application-fees
2025-08-28 23:53:25 [program_spider] INFO: [067cd58e-056a-4233-a159-4d979a1a55cf] 计数器变更: 10 -> 9, 操作: 完成页面解析
2025-08-28 23:53:26 [program_spider] INFO: [067cd58e-056a-4233-a159-4d979a1a55cf] 正在处理子页面(深度1) (已处理13个页面): https://www.ucl.ac.uk/scholarships/ucl-east-london-scholarship
2025-08-28 23:53:26 [program_spider] INFO: [067cd58e-056a-4233-a159-4d979a1a55cf] 计数器变更: 9 -> 8, 操作: 完成页面解析
2025-08-28 23:53:27 [program_spider] INFO: [067cd58e-056a-4233-a159-4d979a1a55cf] 正在处理子页面(深度1) (已处理14个页面): https://www.ucl.ac.uk/scholarships
2025-08-28 23:53:27 [program_spider] INFO: [067cd58e-056a-4233-a159-4d979a1a55cf] 计数器变更: 8 -> 7, 操作: 完成页面解析
2025-08-28 23:53:28 [program_spider] INFO: [067cd58e-056a-4233-a159-4d979a1a55cf] 正在处理子页面(深度1) (已处理15个页面): https://www.ucl.ac.uk/prospective-students/graduate/tuition-fees
2025-08-28 23:53:28 [program_spider] INFO: [067cd58e-056a-4233-a159-4d979a1a55cf] 计数器变更: 7 -> 6, 操作: 完成页面解析
2025-08-28 23:53:29 [program_spider] INFO: [067cd58e-056a-4233-a159-4d979a1a55cf] 正在处理子页面(深度1) (已处理16个页面): https://www.ucl.ac.uk/module-catalogue/modules/research-project-CEGE0049
2025-08-28 23:53:29 [program_spider] INFO: [067cd58e-056a-4233-a159-4d979a1a55cf] 计数器变更: 6 -> 5, 操作: 完成页面解析
2025-08-28 23:53:31 [program_spider] INFO: [067cd58e-056a-4233-a159-4d979a1a55cf] 正在处理子页面(深度1) (已处理17个页面): https://www.ucl.ac.uk/module-catalogue/modules/financial-aspects-of-project-engineering-CEGE0016
2025-08-28 23:53:31 [program_spider] INFO: [067cd58e-056a-4233-a159-4d979a1a55cf] 计数器变更: 5 -> 4, 操作: 完成页面解析
2025-08-28 23:53:31 [program_spider] INFO: [067cd58e-056a-4233-a159-4d979a1a55cf] 正在处理子页面(深度1) (已处理18个页面): https://www.ucl.ac.uk/careers/
2025-08-28 23:53:31 [program_spider] INFO: [067cd58e-056a-4233-a159-4d979a1a55cf] 计数器变更: 4 -> 3, 操作: 完成页面解析
2025-08-28 23:53:32 [program_spider] INFO: [067cd58e-056a-4233-a159-4d979a1a55cf] 正在处理子页面(深度1) (已处理19个页面): https://www.ucl.ac.uk/prospective-students/graduate/why-choose-ucl/careers-and-employability
2025-08-28 23:53:32 [program_spider] INFO: [067cd58e-056a-4233-a159-4d979a1a55cf] 计数器变更: 3 -> 2, 操作: 完成页面解析
2025-08-28 23:53:34 [program_spider] INFO: [067cd58e-056a-4233-a159-4d979a1a55cf] 正在处理子页面(深度1) (已处理20个页面): https://www.ucl.ac.uk/languages-international-education/preparation-courses
2025-08-28 23:53:34 [program_spider] INFO: [067cd58e-056a-4233-a159-4d979a1a55cf] 计数器变更: 2 -> 1, 操作: 完成页面解析
2025-08-28 23:53:35 [program_spider] INFO: [067cd58e-056a-4233-a159-4d979a1a55cf] 正在处理子页面(深度1) (已处理21个页面): https://www.ucl.ac.uk/prospective-students/graduate/english-language-requirements
2025-08-28 23:53:35 [program_spider] INFO: [067cd58e-056a-4233-a159-4d979a1a55cf] 计数器变更: 1 -> 0, 操作: 完成页面解析
2025-08-28 23:53:36 [program_spider] INFO: [067cd58e-056a-4233-a159-4d979a1a55cf] 正在完成项目
2025-08-28 23:53:36 [program_spider] INFO: 
------------------------------------------------------------
2025-08-28 23:53:36 [program_spider] INFO: [067cd58e-056a-4233-a159-4d979a1a55cf] 项目完成: 伦敦大学学院土木工程（交通）理学硕士
2025-08-28 23:53:36 [program_spider] INFO: [067cd58e-056a-4233-a159-4d979a1a55cf]   - 总页数: 22
2025-08-28 23:53:36 [program_spider] INFO: [067cd58e-056a-4233-a159-4d979a1a55cf]   - 成功页数: 22
2025-08-28 23:53:36 [program_spider] INFO: [067cd58e-056a-4233-a159-4d979a1a55cf]   - 失败页数: 0
2025-08-28 23:53:36 [program_spider] INFO: [067cd58e-056a-4233-a159-4d979a1a55cf]   - 成功率: 100.0%
2025-08-28 23:53:36 [program_spider] INFO: ------------------------------------------------------------
2025-08-28 23:53:36 [program_spider] INFO: [067cd58e-056a-4233-a159-4d979a1a55cf] 仍有 42 个项目待爬，将在爬虫空闲时继续。
2025-08-28 23:53:36 [program_spider] INFO: 成功保存项目数据: output/交通运输/伦敦大学学院土木工程交通理学硕士_交通运输.json
2025-08-28 23:53:36 [program_spider] INFO: spider_idle 触发，调度下一个项目 …
2025-08-28 23:53:36 [program_spider] INFO: 
================================================================================
2025-08-28 23:53:36 [program_spider] INFO: 开始爬取项目 [5/46]
2025-08-28 23:53:36 [program_spider] INFO: 项目名称: 伦敦大学学院运输与城市规划理学硕士
2025-08-28 23:53:36 [program_spider] INFO: 项目ID: c3044527-2bd9-4200-98f5-e0291f8a8c18
2025-08-28 23:53:36 [program_spider] INFO: 根URL: https://www.ucl.ac.uk/prospective-students/graduate/taught-degrees/transport-and-city-planning-msc
2025-08-28 23:53:36 [program_spider] INFO: 剩余项目数: 41
2025-08-28 23:53:36 [program_spider] INFO: ================================================================================
2025-08-28 23:53:36 [program_spider] INFO: [c3044527-2bd9-4200-98f5-e0291f8a8c18] 计数器变更: 0 -> 1, 操作: 启动根页面请求
2025-08-28 23:53:37 [program_spider] INFO: [c3044527-2bd9-4200-98f5-e0291f8a8c18] 正在处理根页面 (已处理0个页面): https://www.ucl.ac.uk/prospective-students/graduate/taught-degrees/transport-and-city-planning-msc
2025-08-28 23:53:37 [program_spider] INFO: [c3044527-2bd9-4200-98f5-e0291f8a8c18] 页面总链接数: 109
2025-08-28 23:53:37 [program_spider] INFO: [c3044527-2bd9-4200-98f5-e0291f8a8c18] 移除导航后链接数: 109 (移除了 0 个导航链接)
2025-08-28 23:53:37 [program_spider] INFO: [c3044527-2bd9-4200-98f5-e0291f8a8c18] 有效链接数: 107, 关键词匹配数: 28, 最终提取数: 24
2025-08-28 23:53:37 [program_spider] INFO: [c3044527-2bd9-4200-98f5-e0291f8a8c18] 页面 https://www.ucl.ac.uk/prospective-students/graduate/taught-degrees/transport-and-city-planning-msc (depth=0, is_root=True) 提取到 24 个链接
2025-08-28 23:53:37 [program_spider] INFO: [c3044527-2bd9-4200-98f5-e0291f8a8c18] 爬取子链接: https://www.ucl.ac.uk/prospective-students/graduate/taught-degrees/transport-and-city-planning-msc/2025 (锚文本: 'If you require details of the previous year's programme, Transport and City Planning MSc (2025/26), click here', 匹配关键词: 'program')
2025-08-28 23:53:37 [program_spider] INFO: [c3044527-2bd9-4200-98f5-e0291f8a8c18] 爬取子链接: https://www.ucl.ac.uk/languages-international-education/preparation-courses (锚文本: 'UCL Pre-Master's and Pre-sessional English courses', 匹配关键词: 'course')
2025-08-28 23:53:37 [program_spider] INFO: [c3044527-2bd9-4200-98f5-e0291f8a8c18] 爬取子链接: https://www.ucl.ac.uk/prospective-students/graduate/learning-and-living-ucl/international-students/english-language-requirements (锚文本: 'English language requirements', 匹配关键词: 'requirement')
2025-08-28 23:53:37 [program_spider] INFO: [c3044527-2bd9-4200-98f5-e0291f8a8c18] 爬取子链接: https://www.ucl.ac.uk/prospective-students/graduate/why-choose-ucl/careers-and-employability (锚文本: 'Read about what you'll get out of a graduate programme', 匹配关键词: 'program')
2025-08-28 23:53:37 [program_spider] INFO: [c3044527-2bd9-4200-98f5-e0291f8a8c18] 爬取子链接: https://www.ucl.ac.uk/careers/ (锚文本: 'UCL Careers', 匹配关键词: 'career')
2025-08-28 23:53:37 [program_spider] INFO: [c3044527-2bd9-4200-98f5-e0291f8a8c18] 爬取子链接: https://www.ucl.ac.uk/bartlett/planning/study/postgraduate-urban-planning-degrees/careers-support (锚文本: 'Learn more about careers support for planning students at UCL ►', 匹配关键词: 'career')
2025-08-28 23:53:37 [program_spider] INFO: [c3044527-2bd9-4200-98f5-e0291f8a8c18] 爬取子链接: https://www.ucl.ac.uk/module-catalogue/modules/sustainable-urban-development-project-BPLN0106 (锚文本: 'Sustainable Urban Development: Project', 匹配关键词: 'project')
2025-08-28 23:53:37 [program_spider] INFO: [c3044527-2bd9-4200-98f5-e0291f8a8c18] 爬取子链接: https://www.ucl.ac.uk/prospective-students/graduate/tuition-fees (锚文本: 'Tuition fees', 匹配关键词: 'tuition')
2025-08-28 23:53:37 [program_spider] INFO: [c3044527-2bd9-4200-98f5-e0291f8a8c18] 爬取子链接: https://www.ucl.ac.uk/bartlett/study/scholarships-and-funding/bartlett-promise-scholarship/bartlett-promise-masters-scholarship (锚文本: 'Master's scholarship', 匹配关键词: 'scholarship')
2025-08-28 23:53:37 [program_spider] INFO: [c3044527-2bd9-4200-98f5-e0291f8a8c18] 爬取子链接: https://www.ucl.ac.uk/bartlett/study/scholarships-and-funding/bartlett-promise-scholarship/bartlett-promise-sub-saharan-africa-masters-scholarship (锚文本: 'Sub-Saharan Africa Master's scholarship', 匹配关键词: 'scholarship')
2025-08-28 23:53:37 [program_spider] INFO: [c3044527-2bd9-4200-98f5-e0291f8a8c18] 爬取子链接: https://www.ucl.ac.uk/scholarships (锚文本: 'Scholarships and Funding website', 匹配关键词: 'funding')
2025-08-28 23:53:37 [program_spider] INFO: [c3044527-2bd9-4200-98f5-e0291f8a8c18] 爬取子链接: https://www.ucl.ac.uk/bartlett/study/funding-and-scholarships/bartlett-promise-scholarship/bartlett-promise-sub-saharan-africa
 (锚文本: 'Bartlett Promise Sub-Saharan Africa Masters Scholarship', 匹配关键词: 'scholarship')
2025-08-28 23:53:37 [program_spider] INFO: [c3044527-2bd9-4200-98f5-e0291f8a8c18] 爬取子链接: https://www.ucl.ac.uk/bartlett/study/funding-and-scholarships/bartlett-promise-scholarship/bartlett-promise-masters-scholarship
 (锚文本: 'Bartlett Promise UK Master's Scholarship', 匹配关键词: 'scholarship')
2025-08-28 23:53:37 [program_spider] INFO: [c3044527-2bd9-4200-98f5-e0291f8a8c18] 爬取子链接: https://www.ucl.ac.uk/prospective-students/graduate/application-fees (锚文本: 'Application fees', 匹配关键词: 'application')
2025-08-28 23:53:37 [program_spider] INFO: [c3044527-2bd9-4200-98f5-e0291f8a8c18] 爬取子链接: https://www.ucl.ac.uk/prospective-students/graduate/taught-degrees/applying-graduate-taught-study-ucl (锚文本: 'Applying for Graduate Taught Study at UCL', 匹配关键词: 'apply')
2025-08-28 23:53:37 [program_spider] INFO: [c3044527-2bd9-4200-98f5-e0291f8a8c18] 爬取子链接: https://www.ucl.ac.uk/prospective-students/graduate/research-degrees/funded-doctoral-training-programmes (锚文本: 'Funded Doctoral Training Programmes', 匹配关键词: 'program')
2025-08-28 23:53:37 [program_spider] INFO: [c3044527-2bd9-4200-98f5-e0291f8a8c18] 爬取子链接: https://www.ucl.ac.uk/prospective-students/graduate/research-degrees/applying-graduate-research-study-ucl (锚文本: 'Applying for Graduate Research Study at UCL', 匹配关键词: 'apply')
2025-08-28 23:53:37 [program_spider] INFO: [c3044527-2bd9-4200-98f5-e0291f8a8c18] 爬取子链接: https://www.ucl.ac.uk/prospective-students/graduate/teacher-training/early-years-pgce-courses (锚文本: 'Early Years PGCE courses', 匹配关键词: 'course')
2025-08-28 23:53:37 [program_spider] INFO: [c3044527-2bd9-4200-98f5-e0291f8a8c18] 爬取子链接: https://www.ucl.ac.uk/prospective-students/graduate/teacher-training/primary-pgce-courses (锚文本: 'Primary PGCE courses', 匹配关键词: 'course')
2025-08-28 23:53:37 [program_spider] INFO: [c3044527-2bd9-4200-98f5-e0291f8a8c18] 爬取子链接: https://www.ucl.ac.uk/prospective-students/graduate/teacher-training/secondary-pgce-courses (锚文本: 'Secondary PGCE courses', 匹配关键词: 'course')
2025-08-28 23:53:37 [program_spider] INFO: [c3044527-2bd9-4200-98f5-e0291f8a8c18] 爬取子链接: https://www.ucl.ac.uk/prospective-students/graduate/teacher-training-programmes/further-education-pgce (锚文本: 'Further Education PGCE programme', 匹配关键词: 'program')
2025-08-28 23:53:37 [program_spider] INFO: [c3044527-2bd9-4200-98f5-e0291f8a8c18] 爬取子链接: https://www.ucl.ac.uk/prospective-students/graduate/teacher-training/entry-requirements (锚文本: 'Entry requirements', 匹配关键词: 'requirement')
2025-08-28 23:53:37 [program_spider] INFO: [c3044527-2bd9-4200-98f5-e0291f8a8c18] 爬取子链接: https://www.ucl.ac.uk/prospective-students/graduate/teacher-training/how-apply (锚文本: 'How to apply', 匹配关键词: 'apply')
2025-08-28 23:53:37 [program_spider] INFO: [c3044527-2bd9-4200-98f5-e0291f8a8c18] 爬取子链接: https://www.ucl.ac.uk/prospective-students/graduate/funding-your-masters (锚文本: 'Funding your Master's', 匹配关键词: 'funding')
2025-08-28 23:53:37 [program_spider] INFO: [c3044527-2bd9-4200-98f5-e0291f8a8c18] 提取链接完成，去重前 24 个链接，去重后 24 个新请求（去重了 0 个重复链接）
2025-08-28 23:53:37 [program_spider] INFO: [c3044527-2bd9-4200-98f5-e0291f8a8c18] 计数器变更: 1 -> 25, 操作: 添加24个子页面请求
2025-08-28 23:53:37 [program_spider] INFO: [c3044527-2bd9-4200-98f5-e0291f8a8c18] 添加 24 个新请求，当前剩余: 24
2025-08-28 23:53:37 [program_spider] INFO: [c3044527-2bd9-4200-98f5-e0291f8a8c18] 计数器变更: 25 -> 24, 操作: 完成页面解析
2025-08-28 23:53:38 [program_spider] INFO: [c3044527-2bd9-4200-98f5-e0291f8a8c18] 正在处理子页面(深度1) (已处理1个页面): https://www.ucl.ac.uk/prospective-students/graduate/taught-degrees/transport-and-city-planning-msc/2...
2025-08-28 23:53:38 [program_spider] INFO: [c3044527-2bd9-4200-98f5-e0291f8a8c18] 计数器变更: 24 -> 23, 操作: 完成页面解析
2025-08-28 23:53:39 [program_spider] INFO: [c3044527-2bd9-4200-98f5-e0291f8a8c18] 正在处理子页面(深度1) (已处理2个页面): https://www.ucl.ac.uk/prospective-students/graduate/funding-your-masters
2025-08-28 23:53:39 [program_spider] INFO: [c3044527-2bd9-4200-98f5-e0291f8a8c18] 计数器变更: 23 -> 22, 操作: 完成页面解析
2025-08-28 23:53:40 [program_spider] INFO: [c3044527-2bd9-4200-98f5-e0291f8a8c18] 正在处理子页面(深度1) (已处理3个页面): https://www.ucl.ac.uk/prospective-students/graduate/teacher-training/how-apply
2025-08-28 23:53:40 [program_spider] INFO: [c3044527-2bd9-4200-98f5-e0291f8a8c18] 计数器变更: 22 -> 21, 操作: 完成页面解析
2025-08-28 23:53:41 [program_spider] INFO: [c3044527-2bd9-4200-98f5-e0291f8a8c18] 正在处理子页面(深度1) (已处理4个页面): https://www.ucl.ac.uk/prospective-students/graduate/teacher-training/entry-requirements
2025-08-28 23:53:41 [program_spider] INFO: [c3044527-2bd9-4200-98f5-e0291f8a8c18] 计数器变更: 21 -> 20, 操作: 完成页面解析
2025-08-28 23:53:42 [program_spider] INFO: [c3044527-2bd9-4200-98f5-e0291f8a8c18] 正在处理子页面(深度1) (已处理5个页面): https://www.ucl.ac.uk/prospective-students/graduate/teacher-training-programmes/further-education-pg...
2025-08-28 23:53:42 [program_spider] INFO: [c3044527-2bd9-4200-98f5-e0291f8a8c18] 计数器变更: 20 -> 19, 操作: 完成页面解析
2025-08-28 23:53:43 [program_spider] INFO: [c3044527-2bd9-4200-98f5-e0291f8a8c18] 正在处理子页面(深度1) (已处理6个页面): https://www.ucl.ac.uk/prospective-students/graduate/teacher-training/secondary-pgce-courses
2025-08-28 23:53:43 [program_spider] INFO: [c3044527-2bd9-4200-98f5-e0291f8a8c18] 计数器变更: 19 -> 18, 操作: 完成页面解析
2025-08-28 23:53:44 [program_spider] INFO: [c3044527-2bd9-4200-98f5-e0291f8a8c18] 正在处理子页面(深度1) (已处理7个页面): https://www.ucl.ac.uk/prospective-students/graduate/teacher-training/primary-pgce-courses
2025-08-28 23:53:44 [program_spider] INFO: [c3044527-2bd9-4200-98f5-e0291f8a8c18] 计数器变更: 18 -> 17, 操作: 完成页面解析
2025-08-28 23:53:45 [program_spider] INFO: [c3044527-2bd9-4200-98f5-e0291f8a8c18] 正在处理子页面(深度1) (已处理8个页面): https://www.ucl.ac.uk/prospective-students/graduate/teacher-training/early-years-pgce-courses
2025-08-28 23:53:45 [program_spider] INFO: [c3044527-2bd9-4200-98f5-e0291f8a8c18] 计数器变更: 17 -> 16, 操作: 完成页面解析
2025-08-28 23:53:46 [program_spider] INFO: [c3044527-2bd9-4200-98f5-e0291f8a8c18] 正在处理子页面(深度1) (已处理9个页面): https://www.ucl.ac.uk/prospective-students/graduate/research-degrees/applying-graduate-research-stud...
2025-08-28 23:53:46 [program_spider] INFO: [c3044527-2bd9-4200-98f5-e0291f8a8c18] 计数器变更: 16 -> 15, 操作: 完成页面解析
2025-08-28 23:53:47 [program_spider] INFO: [c3044527-2bd9-4200-98f5-e0291f8a8c18] 正在处理子页面(深度1) (已处理10个页面): https://www.ucl.ac.uk/prospective-students/graduate/research-degrees/funded-doctoral-training-progra...
2025-08-28 23:53:47 [program_spider] INFO: [c3044527-2bd9-4200-98f5-e0291f8a8c18] 计数器变更: 15 -> 14, 操作: 完成页面解析
2025-08-28 23:53:48 [program_spider] INFO: [c3044527-2bd9-4200-98f5-e0291f8a8c18] 正在处理子页面(深度1) (已处理11个页面): https://www.ucl.ac.uk/prospective-students/graduate/taught-degrees/applying-graduate-taught-study-uc...
2025-08-28 23:53:48 [program_spider] INFO: [c3044527-2bd9-4200-98f5-e0291f8a8c18] 计数器变更: 14 -> 13, 操作: 完成页面解析
2025-08-28 23:53:49 [program_spider] INFO: [c3044527-2bd9-4200-98f5-e0291f8a8c18] 正在处理子页面(深度1) (已处理12个页面): https://www.ucl.ac.uk/prospective-students/graduate/application-fees
2025-08-28 23:53:49 [program_spider] INFO: [c3044527-2bd9-4200-98f5-e0291f8a8c18] 计数器变更: 13 -> 12, 操作: 完成页面解析
2025-08-28 23:53:49 [scrapy.extensions.logstats] INFO: Crawled 60 pages (at 60 pages/min), scraped 4 items (at 4 items/min)
2025-08-28 23:53:52 [program_spider] INFO: [c3044527-2bd9-4200-98f5-e0291f8a8c18] 正在处理子页面(深度1) (已处理13个页面): https://www.ucl.ac.uk/scholarships
2025-08-28 23:53:52 [program_spider] INFO: [c3044527-2bd9-4200-98f5-e0291f8a8c18] 计数器变更: 12 -> 11, 操作: 完成页面解析
2025-08-28 23:53:53 [program_spider] INFO: [c3044527-2bd9-4200-98f5-e0291f8a8c18] 正在处理子页面(深度1) (已处理14个页面): https://www.ucl.ac.uk/bartlett/study/scholarships-and-funding/bartlett-promise-scholarship/bartlett-...
2025-08-28 23:53:53 [program_spider] INFO: [c3044527-2bd9-4200-98f5-e0291f8a8c18] 计数器变更: 11 -> 10, 操作: 完成页面解析
2025-08-28 23:53:54 [program_spider] INFO: [c3044527-2bd9-4200-98f5-e0291f8a8c18] 正在处理子页面(深度1) (已处理15个页面): https://www.ucl.ac.uk/bartlett/study/scholarships-and-funding/bartlett-promise-scholarship/bartlett-...
2025-08-28 23:53:54 [program_spider] INFO: [c3044527-2bd9-4200-98f5-e0291f8a8c18] 计数器变更: 10 -> 9, 操作: 完成页面解析
2025-08-28 23:53:55 [program_spider] INFO: [c3044527-2bd9-4200-98f5-e0291f8a8c18] 正在处理子页面(深度1) (已处理16个页面): https://www.ucl.ac.uk/prospective-students/graduate/tuition-fees
2025-08-28 23:53:55 [program_spider] INFO: [c3044527-2bd9-4200-98f5-e0291f8a8c18] 计数器变更: 9 -> 8, 操作: 完成页面解析
2025-08-28 23:53:57 [program_spider] INFO: [c3044527-2bd9-4200-98f5-e0291f8a8c18] 正在处理子页面(深度1) (已处理17个页面): https://www.ucl.ac.uk/module-catalogue/modules/sustainable-urban-development-project-BPLN0106
2025-08-28 23:53:57 [program_spider] INFO: [c3044527-2bd9-4200-98f5-e0291f8a8c18] 计数器变更: 8 -> 7, 操作: 完成页面解析
2025-08-28 23:53:58 [program_spider] INFO: [c3044527-2bd9-4200-98f5-e0291f8a8c18] 正在处理子页面(深度1) (已处理18个页面): https://www.ucl.ac.uk/careers/
2025-08-28 23:53:58 [program_spider] INFO: [c3044527-2bd9-4200-98f5-e0291f8a8c18] 计数器变更: 7 -> 6, 操作: 完成页面解析
2025-08-28 23:53:58 [program_spider] INFO: [c3044527-2bd9-4200-98f5-e0291f8a8c18] 正在处理子页面(深度1) (已处理19个页面): https://www.ucl.ac.uk/bartlett/planning/study/postgraduate-urban-planning-degrees/careers-support
2025-08-28 23:53:58 [program_spider] INFO: [c3044527-2bd9-4200-98f5-e0291f8a8c18] 计数器变更: 6 -> 5, 操作: 完成页面解析
2025-08-28 23:53:59 [program_spider] INFO: [c3044527-2bd9-4200-98f5-e0291f8a8c18] 正在处理子页面(深度1) (已处理20个页面): https://www.ucl.ac.uk/prospective-students/graduate/why-choose-ucl/careers-and-employability
2025-08-28 23:53:59 [program_spider] INFO: [c3044527-2bd9-4200-98f5-e0291f8a8c18] 计数器变更: 5 -> 4, 操作: 完成页面解析
2025-08-28 23:54:01 [program_spider] INFO: [c3044527-2bd9-4200-98f5-e0291f8a8c18] 正在处理子页面(深度1) (已处理21个页面): https://www.ucl.ac.uk/languages-international-education/preparation-courses
2025-08-28 23:54:01 [program_spider] INFO: [c3044527-2bd9-4200-98f5-e0291f8a8c18] 计数器变更: 4 -> 3, 操作: 完成页面解析
2025-08-28 23:54:02 [program_spider] INFO: [c3044527-2bd9-4200-98f5-e0291f8a8c18] 正在处理子页面(深度1) (已处理22个页面): https://www.ucl.ac.uk/bartlett/study/scholarships-and-funding/bartlett-promise-scholarship/bartlett-...
2025-08-28 23:54:02 [program_spider] INFO: [c3044527-2bd9-4200-98f5-e0291f8a8c18] 计数器变更: 3 -> 2, 操作: 完成页面解析
2025-08-28 23:54:03 [program_spider] INFO: [c3044527-2bd9-4200-98f5-e0291f8a8c18] 正在处理子页面(深度1) (已处理23个页面): https://www.ucl.ac.uk/bartlett/study/scholarships-and-funding/bartlett-promise-scholarship/bartlett-...
2025-08-28 23:54:03 [program_spider] INFO: [c3044527-2bd9-4200-98f5-e0291f8a8c18] 计数器变更: 2 -> 1, 操作: 完成页面解析
2025-08-28 23:54:04 [program_spider] INFO: [c3044527-2bd9-4200-98f5-e0291f8a8c18] 正在处理子页面(深度1) (已处理24个页面): https://www.ucl.ac.uk/prospective-students/graduate/english-language-requirements
2025-08-28 23:54:04 [program_spider] INFO: [c3044527-2bd9-4200-98f5-e0291f8a8c18] 计数器变更: 1 -> 0, 操作: 完成页面解析
2025-08-28 23:54:05 [program_spider] INFO: [c3044527-2bd9-4200-98f5-e0291f8a8c18] 正在完成项目
2025-08-28 23:54:05 [program_spider] INFO: 
------------------------------------------------------------
2025-08-28 23:54:05 [program_spider] INFO: [c3044527-2bd9-4200-98f5-e0291f8a8c18] 项目完成: 伦敦大学学院运输与城市规划理学硕士
2025-08-28 23:54:05 [program_spider] INFO: [c3044527-2bd9-4200-98f5-e0291f8a8c18]   - 总页数: 25
2025-08-28 23:54:05 [program_spider] INFO: [c3044527-2bd9-4200-98f5-e0291f8a8c18]   - 成功页数: 25
2025-08-28 23:54:05 [program_spider] INFO: [c3044527-2bd9-4200-98f5-e0291f8a8c18]   - 失败页数: 0
2025-08-28 23:54:05 [program_spider] INFO: [c3044527-2bd9-4200-98f5-e0291f8a8c18]   - 成功率: 100.0%
2025-08-28 23:54:05 [program_spider] INFO: ------------------------------------------------------------
2025-08-28 23:54:05 [program_spider] INFO: [c3044527-2bd9-4200-98f5-e0291f8a8c18] 仍有 41 个项目待爬，将在爬虫空闲时继续。
2025-08-28 23:54:05 [program_spider] INFO: 成功保存项目数据: output/交通运输/伦敦大学学院运输与城市规划理学硕士_交通运输.json
2025-08-28 23:54:05 [program_spider] INFO: spider_idle 触发，调度下一个项目 …
2025-08-28 23:54:05 [program_spider] INFO: 
================================================================================
2025-08-28 23:54:05 [program_spider] INFO: 开始爬取项目 [6/46]
2025-08-28 23:54:05 [program_spider] INFO: 项目名称: 伦敦大学学院运输与移动系统理学硕士
2025-08-28 23:54:05 [program_spider] INFO: 项目ID: 2c39ff81-b5de-4608-adbf-6ed12a96b70f
2025-08-28 23:54:05 [program_spider] INFO: 根URL: https://www.ucl.ac.uk/prospective-students/graduate/taught-degrees/transport-and-mobility-systems-msc
2025-08-28 23:54:05 [program_spider] INFO: 剩余项目数: 40
2025-08-28 23:54:05 [program_spider] INFO: ================================================================================
2025-08-28 23:54:05 [program_spider] INFO: [2c39ff81-b5de-4608-adbf-6ed12a96b70f] 计数器变更: 0 -> 1, 操作: 启动根页面请求
2025-08-28 23:54:05 [program_spider] INFO: [2c39ff81-b5de-4608-adbf-6ed12a96b70f] 正在处理根页面 (已处理0个页面): https://www.ucl.ac.uk/prospective-students/graduate/taught-degrees/transport-and-mobility-systems-ms...
2025-08-28 23:54:05 [program_spider] INFO: [2c39ff81-b5de-4608-adbf-6ed12a96b70f] 页面总链接数: 71
2025-08-28 23:54:05 [program_spider] INFO: [2c39ff81-b5de-4608-adbf-6ed12a96b70f] 移除导航后链接数: 71 (移除了 0 个导航链接)
2025-08-28 23:54:05 [program_spider] INFO: [2c39ff81-b5de-4608-adbf-6ed12a96b70f] 有效链接数: 69, 关键词匹配数: 21, 最终提取数: 20
2025-08-28 23:54:05 [program_spider] INFO: [2c39ff81-b5de-4608-adbf-6ed12a96b70f] 页面 https://www.ucl.ac.uk/prospective-students/graduate/taught-degrees/transport-and-mobility-systems-msc (depth=0, is_root=True) 提取到 20 个链接
2025-08-28 23:54:05 [program_spider] INFO: [2c39ff81-b5de-4608-adbf-6ed12a96b70f] 爬取子链接: https://www.ucl.ac.uk/prospective-students/graduate/taught-degrees/transport-and-mobility-systems-msc/2025 (锚文本: 'If you require details of the previous year's programme, Transport and Mobility Systems MSc (2025/26), click here', 匹配关键词: 'program')
2025-08-28 23:54:05 [program_spider] INFO: [2c39ff81-b5de-4608-adbf-6ed12a96b70f] 爬取子链接: https://www.ucl.ac.uk/languages-international-education/preparation-courses (锚文本: 'UCL Pre-Master's and Pre-sessional English courses', 匹配关键词: 'course')
2025-08-28 23:54:05 [program_spider] INFO: [2c39ff81-b5de-4608-adbf-6ed12a96b70f] 爬取子链接: https://www.ucl.ac.uk/prospective-students/graduate/learning-and-living-ucl/international-students/english-language-requirements (锚文本: 'English language requirements', 匹配关键词: 'requirement')
2025-08-28 23:54:05 [program_spider] INFO: [2c39ff81-b5de-4608-adbf-6ed12a96b70f] 爬取子链接: https://www.ucl.ac.uk/prospective-students/graduate/why-choose-ucl/careers-and-employability (锚文本: 'Read about what you'll get out of a graduate programme', 匹配关键词: 'program')
2025-08-28 23:54:05 [program_spider] INFO: [2c39ff81-b5de-4608-adbf-6ed12a96b70f] 爬取子链接: https://www.ucl.ac.uk/careers (锚文本: 'UCL Careers', 匹配关键词: 'career')
2025-08-28 23:54:05 [program_spider] INFO: [2c39ff81-b5de-4608-adbf-6ed12a96b70f] 爬取子链接: https://www.ucl.ac.uk/module-catalogue/modules/research-project-CEGE0049 (锚文本: 'Research Project', 匹配关键词: 'project')
2025-08-28 23:54:05 [program_spider] INFO: [2c39ff81-b5de-4608-adbf-6ed12a96b70f] 爬取子链接: https://www.ucl.ac.uk/prospective-students/graduate/tuition-fees (锚文本: 'Tuition fees', 匹配关键词: 'tuition')
2025-08-28 23:54:05 [program_spider] INFO: [2c39ff81-b5de-4608-adbf-6ed12a96b70f] 爬取子链接: https://www.ucl.ac.uk/scholarships (锚文本: 'Scholarships and Funding website', 匹配关键词: 'funding')
2025-08-28 23:54:05 [program_spider] INFO: [2c39ff81-b5de-4608-adbf-6ed12a96b70f] 爬取子链接: https://www.ucl.ac.uk/scholarships/ucl-east-london-scholarship (锚文本: 'UCL East London Scholarship', 匹配关键词: 'scholarship')
2025-08-28 23:54:05 [program_spider] INFO: [2c39ff81-b5de-4608-adbf-6ed12a96b70f] 爬取子链接: https://www.ucl.ac.uk/prospective-students/graduate/application-fees (锚文本: 'Application fees', 匹配关键词: 'application')
2025-08-28 23:54:05 [program_spider] INFO: [2c39ff81-b5de-4608-adbf-6ed12a96b70f] 爬取子链接: https://www.ucl.ac.uk/prospective-students/graduate/taught-degrees/applying-graduate-taught-study-ucl (锚文本: 'Applying for Graduate Taught Study at UCL', 匹配关键词: 'apply')
2025-08-28 23:54:05 [program_spider] INFO: [2c39ff81-b5de-4608-adbf-6ed12a96b70f] 爬取子链接: https://www.ucl.ac.uk/prospective-students/graduate/research-degrees/funded-doctoral-training-programmes (锚文本: 'Funded Doctoral Training Programmes', 匹配关键词: 'program')
2025-08-28 23:54:05 [program_spider] INFO: [2c39ff81-b5de-4608-adbf-6ed12a96b70f] 爬取子链接: https://www.ucl.ac.uk/prospective-students/graduate/research-degrees/applying-graduate-research-study-ucl (锚文本: 'Applying for Graduate Research Study at UCL', 匹配关键词: 'apply')
2025-08-28 23:54:05 [program_spider] INFO: [2c39ff81-b5de-4608-adbf-6ed12a96b70f] 爬取子链接: https://www.ucl.ac.uk/prospective-students/graduate/teacher-training/early-years-pgce-courses (锚文本: 'Early Years PGCE courses', 匹配关键词: 'course')
2025-08-28 23:54:05 [program_spider] INFO: [2c39ff81-b5de-4608-adbf-6ed12a96b70f] 爬取子链接: https://www.ucl.ac.uk/prospective-students/graduate/teacher-training/primary-pgce-courses (锚文本: 'Primary PGCE courses', 匹配关键词: 'course')
2025-08-28 23:54:05 [program_spider] INFO: [2c39ff81-b5de-4608-adbf-6ed12a96b70f] 爬取子链接: https://www.ucl.ac.uk/prospective-students/graduate/teacher-training/secondary-pgce-courses (锚文本: 'Secondary PGCE courses', 匹配关键词: 'course')
2025-08-28 23:54:05 [program_spider] INFO: [2c39ff81-b5de-4608-adbf-6ed12a96b70f] 爬取子链接: https://www.ucl.ac.uk/prospective-students/graduate/teacher-training-programmes/further-education-pgce (锚文本: 'Further Education PGCE programme', 匹配关键词: 'program')
2025-08-28 23:54:05 [program_spider] INFO: [2c39ff81-b5de-4608-adbf-6ed12a96b70f] 爬取子链接: https://www.ucl.ac.uk/prospective-students/graduate/teacher-training/entry-requirements (锚文本: 'Entry requirements', 匹配关键词: 'requirement')
2025-08-28 23:54:05 [program_spider] INFO: [2c39ff81-b5de-4608-adbf-6ed12a96b70f] 爬取子链接: https://www.ucl.ac.uk/prospective-students/graduate/teacher-training/how-apply (锚文本: 'How to apply', 匹配关键词: 'apply')
2025-08-28 23:54:05 [program_spider] INFO: [2c39ff81-b5de-4608-adbf-6ed12a96b70f] 爬取子链接: https://www.ucl.ac.uk/prospective-students/graduate/funding-your-masters (锚文本: 'Funding your Master's', 匹配关键词: 'funding')
2025-08-28 23:54:05 [program_spider] INFO: [2c39ff81-b5de-4608-adbf-6ed12a96b70f] 提取链接完成，去重前 20 个链接，去重后 20 个新请求（去重了 0 个重复链接）
2025-08-28 23:54:05 [program_spider] INFO: [2c39ff81-b5de-4608-adbf-6ed12a96b70f] 计数器变更: 1 -> 21, 操作: 添加20个子页面请求
2025-08-28 23:54:05 [program_spider] INFO: [2c39ff81-b5de-4608-adbf-6ed12a96b70f] 添加 20 个新请求，当前剩余: 20
2025-08-28 23:54:05 [program_spider] INFO: [2c39ff81-b5de-4608-adbf-6ed12a96b70f] 计数器变更: 21 -> 20, 操作: 完成页面解析
2025-08-28 23:54:06 [program_spider] INFO: [2c39ff81-b5de-4608-adbf-6ed12a96b70f] 正在处理子页面(深度1) (已处理1个页面): https://www.ucl.ac.uk/prospective-students/graduate/taught-degrees/transport-and-mobility-systems-ms...
2025-08-28 23:54:06 [program_spider] INFO: [2c39ff81-b5de-4608-adbf-6ed12a96b70f] 计数器变更: 20 -> 19, 操作: 完成页面解析
2025-08-28 23:54:07 [program_spider] INFO: [2c39ff81-b5de-4608-adbf-6ed12a96b70f] 正在处理子页面(深度1) (已处理2个页面): https://www.ucl.ac.uk/prospective-students/graduate/funding-your-masters
2025-08-28 23:54:07 [program_spider] INFO: [2c39ff81-b5de-4608-adbf-6ed12a96b70f] 计数器变更: 19 -> 18, 操作: 完成页面解析
2025-08-28 23:54:08 [program_spider] INFO: [2c39ff81-b5de-4608-adbf-6ed12a96b70f] 正在处理子页面(深度1) (已处理3个页面): https://www.ucl.ac.uk/prospective-students/graduate/teacher-training/how-apply
2025-08-28 23:54:08 [program_spider] INFO: [2c39ff81-b5de-4608-adbf-6ed12a96b70f] 计数器变更: 18 -> 17, 操作: 完成页面解析
2025-08-28 23:54:09 [program_spider] INFO: [2c39ff81-b5de-4608-adbf-6ed12a96b70f] 正在处理子页面(深度1) (已处理4个页面): https://www.ucl.ac.uk/prospective-students/graduate/teacher-training/entry-requirements
2025-08-28 23:54:09 [program_spider] INFO: [2c39ff81-b5de-4608-adbf-6ed12a96b70f] 计数器变更: 17 -> 16, 操作: 完成页面解析
2025-08-28 23:54:10 [program_spider] INFO: [2c39ff81-b5de-4608-adbf-6ed12a96b70f] 正在处理子页面(深度1) (已处理5个页面): https://www.ucl.ac.uk/prospective-students/graduate/teacher-training-programmes/further-education-pg...
2025-08-28 23:54:10 [program_spider] INFO: [2c39ff81-b5de-4608-adbf-6ed12a96b70f] 计数器变更: 16 -> 15, 操作: 完成页面解析
2025-08-28 23:54:11 [program_spider] INFO: [2c39ff81-b5de-4608-adbf-6ed12a96b70f] 正在处理子页面(深度1) (已处理6个页面): https://www.ucl.ac.uk/prospective-students/graduate/teacher-training/secondary-pgce-courses
2025-08-28 23:54:11 [program_spider] INFO: [2c39ff81-b5de-4608-adbf-6ed12a96b70f] 计数器变更: 15 -> 14, 操作: 完成页面解析
2025-08-28 23:54:12 [program_spider] INFO: [2c39ff81-b5de-4608-adbf-6ed12a96b70f] 正在处理子页面(深度1) (已处理7个页面): https://www.ucl.ac.uk/prospective-students/graduate/teacher-training/primary-pgce-courses
2025-08-28 23:54:12 [program_spider] INFO: [2c39ff81-b5de-4608-adbf-6ed12a96b70f] 计数器变更: 14 -> 13, 操作: 完成页面解析
2025-08-28 23:54:13 [program_spider] INFO: [2c39ff81-b5de-4608-adbf-6ed12a96b70f] 正在处理子页面(深度1) (已处理8个页面): https://www.ucl.ac.uk/prospective-students/graduate/teacher-training/early-years-pgce-courses
2025-08-28 23:54:13 [program_spider] INFO: [2c39ff81-b5de-4608-adbf-6ed12a96b70f] 计数器变更: 13 -> 12, 操作: 完成页面解析
2025-08-28 23:54:14 [program_spider] INFO: [2c39ff81-b5de-4608-adbf-6ed12a96b70f] 正在处理子页面(深度1) (已处理9个页面): https://www.ucl.ac.uk/prospective-students/graduate/research-degrees/applying-graduate-research-stud...
2025-08-28 23:54:14 [program_spider] INFO: [2c39ff81-b5de-4608-adbf-6ed12a96b70f] 计数器变更: 12 -> 11, 操作: 完成页面解析
2025-08-28 23:54:15 [program_spider] INFO: [2c39ff81-b5de-4608-adbf-6ed12a96b70f] 正在处理子页面(深度1) (已处理10个页面): https://www.ucl.ac.uk/prospective-students/graduate/research-degrees/funded-doctoral-training-progra...
2025-08-28 23:54:15 [program_spider] INFO: [2c39ff81-b5de-4608-adbf-6ed12a96b70f] 计数器变更: 11 -> 10, 操作: 完成页面解析
2025-08-28 23:54:16 [program_spider] INFO: [2c39ff81-b5de-4608-adbf-6ed12a96b70f] 正在处理子页面(深度1) (已处理11个页面): https://www.ucl.ac.uk/prospective-students/graduate/taught-degrees/applying-graduate-taught-study-uc...
2025-08-28 23:54:16 [program_spider] INFO: [2c39ff81-b5de-4608-adbf-6ed12a96b70f] 计数器变更: 10 -> 9, 操作: 完成页面解析
2025-08-28 23:54:17 [program_spider] INFO: [2c39ff81-b5de-4608-adbf-6ed12a96b70f] 正在处理子页面(深度1) (已处理12个页面): https://www.ucl.ac.uk/prospective-students/graduate/application-fees
2025-08-28 23:54:17 [program_spider] INFO: [2c39ff81-b5de-4608-adbf-6ed12a96b70f] 计数器变更: 9 -> 8, 操作: 完成页面解析
2025-08-28 23:54:18 [program_spider] INFO: [2c39ff81-b5de-4608-adbf-6ed12a96b70f] 正在处理子页面(深度1) (已处理13个页面): https://www.ucl.ac.uk/scholarships/ucl-east-london-scholarship
2025-08-28 23:54:18 [program_spider] INFO: [2c39ff81-b5de-4608-adbf-6ed12a96b70f] 计数器变更: 8 -> 7, 操作: 完成页面解析
