2025-08-28 23:52:47 [scrapy.utils.log] INFO: Scrapy 2.13.3 started (bot: program_crawler)
2025-08-28 23:52:47 [scrapy.utils.log] INFO: Versions:
{'lxml': '6.0.0',
 'libxml2': '2.14.4',
 'cssselect': '1.3.0',
 'parsel': '1.10.0',
 'w3lib': '2.3.1',
 'Twisted': '25.5.0',
 'Python': '3.9.23 (main, Jun  5 2025, 13:40:20) - [GCC 11.2.0]',
 'pyOpenSSL': '25.1.0 (OpenSSL 3.5.1 1 Jul 2025)',
 'cryptography': '45.0.5',
 'Platform': 'Linux-5.15.0-144-generic-x86_64-with-glibc2.35'}
2025-08-28 23:52:47 [program_spider] INFO: 尝试加载CSV文件: /net/scratch/jingyang/GradPilot_DataBase/Crawl/urls_subject/市场营销/市场营销_2.csv
2025-08-28 23:52:47 [program_spider] INFO: 文件是否存在: True
2025-08-28 23:52:47 [program_spider] INFO: 
================================================================================
2025-08-28 23:52:47 [program_spider] INFO: 原始总项目数: 6
2025-08-28 23:52:47 [program_spider] INFO: 将要爬取 6 个项目
2025-08-28 23:52:47 [program_spider] INFO: 允许的域名: ['www.henley.ac.uk', 'www.reading.ac.uk', 'www.qub.ac.uk']
2025-08-28 23:52:47 [program_spider] INFO: 将按顺序逐个项目进行爬取
2025-08-28 23:52:47 [program_spider] INFO: ================================================================================
2025-08-28 23:52:47 [scrapy.addons] INFO: Enabled addons:
[]
2025-08-28 23:52:48 [scrapy.middleware] INFO: Enabled extensions:
['scrapy.extensions.corestats.CoreStats',
 'scrapy.extensions.memusage.MemoryUsage',
 'scrapy.extensions.logstats.LogStats',
 'scrapy.extensions.throttle.AutoThrottle']
2025-08-28 23:52:48 [scrapy.crawler] INFO: Overridden settings:
{'AUTOTHROTTLE_ENABLED': True,
 'AUTOTHROTTLE_MAX_DELAY': 6,
 'AUTOTHROTTLE_START_DELAY': 1,
 'AUTOTHROTTLE_TARGET_CONCURRENCY': 2.0,
 'BOT_NAME': 'program_crawler',
 'CONCURRENT_REQUESTS': 32,
 'DEPTH_LIMIT': 2,
 'DOWNLOAD_DELAY': 1,
 'DOWNLOAD_TIMEOUT': 30,
 'LOG_FILE': 'log/市场营销/市场营销_2_20250828_235247.log',
 'LOG_LEVEL': 'INFO',
 'NEWSPIDER_MODULE': 'program_crawler.spiders',
 'RANDOMIZE_DOWNLOAD_DELAY': 0.5,
 'RETRY_TIMES': 3,
 'SPIDER_MODULES': ['program_crawler.spiders'],
 'TELNETCONSOLE_ENABLED': False}
2025-08-28 23:52:48 [scrapy.middleware] INFO: Enabled downloader middlewares:
['scrapy.downloadermiddlewares.offsite.OffsiteMiddleware',
 'scrapy.downloadermiddlewares.httpauth.HttpAuthMiddleware',
 'scrapy.downloadermiddlewares.downloadtimeout.DownloadTimeoutMiddleware',
 'scrapy.downloadermiddlewares.defaultheaders.DefaultHeadersMiddleware',
 'program_crawler.middlewares.RandomUserAgentMiddleware',
 'program_crawler.middlewares.BrowserHeadersMiddleware',
 'scrapy.downloadermiddlewares.retry.RetryMiddleware',
 'scrapy.downloadermiddlewares.redirect.MetaRefreshMiddleware',
 'scrapy.downloadermiddlewares.httpcompression.HttpCompressionMiddleware',
 'scrapy.downloadermiddlewares.redirect.RedirectMiddleware',
 'scrapy.downloadermiddlewares.cookies.CookiesMiddleware',
 'scrapy.downloadermiddlewares.httpproxy.HttpProxyMiddleware',
 'scrapy.downloadermiddlewares.stats.DownloaderStats']
2025-08-28 23:52:48 [scrapy.middleware] INFO: Enabled spider middlewares:
['scrapy.spidermiddlewares.start.StartSpiderMiddleware',
 'scrapy.spidermiddlewares.httperror.HttpErrorMiddleware',
 'scrapy.spidermiddlewares.referer.RefererMiddleware',
 'scrapy.spidermiddlewares.urllength.UrlLengthMiddleware',
 'scrapy.spidermiddlewares.depth.DepthMiddleware']
2025-08-28 23:52:49 [scrapy.middleware] INFO: Enabled item pipelines:
['program_crawler.pipelines.JsonWriterPipeline']
2025-08-28 23:52:49 [scrapy.core.engine] INFO: Spider opened
2025-08-28 23:52:49 [py.warnings] WARNING: /home/jingyang22/.conda/envs/gp/lib/python3.9/site-packages/scrapy/core/spidermw.py:433: ScrapyDeprecationWarning: program_crawler.spiders.program_spider.ProgramSpider defines the deprecated start_requests() method. start_requests() has been deprecated in favor of a new method, start(), to support asynchronous code execution. start_requests() will stop being called in a future version of Scrapy. If you use Scrapy 2.13 or higher only, replace start_requests() with start(); note that start() is a coroutine (async def). If you need to maintain compatibility with lower Scrapy versions, when overriding start_requests() in a spider class, override start() as well; you can use super() to reuse the inherited start() implementation without copy-pasting. See the release notes of Scrapy 2.13 for details: https://docs.scrapy.org/en/2.13/news.html
  warn(

2025-08-28 23:52:49 [scrapy.extensions.logstats] INFO: Crawled 0 pages (at 0 pages/min), scraped 0 items (at 0 items/min)
2025-08-28 23:52:49 [program_spider] INFO: 
================================================================================
2025-08-28 23:52:49 [program_spider] INFO: 开始爬取项目 [1/6]
2025-08-28 23:52:49 [program_spider] INFO: 项目名称: 雷丁大学市场营销（国际营销）理学硕士
2025-08-28 23:52:49 [program_spider] INFO: 项目ID: 445316e7-abc9-452d-b366-4a2652bfd8ee
2025-08-28 23:52:49 [program_spider] INFO: 根URL: https://www.henley.ac.uk/study/masters/msc-in-marketing-international-marketing
2025-08-28 23:52:49 [program_spider] INFO: 剩余项目数: 5
2025-08-28 23:52:49 [program_spider] INFO: ================================================================================
2025-08-28 23:52:49 [program_spider] INFO: [445316e7-abc9-452d-b366-4a2652bfd8ee] 计数器变更: 0 -> 1, 操作: 启动根页面请求
2025-08-28 23:52:51 [program_spider] INFO: [445316e7-abc9-452d-b366-4a2652bfd8ee] 正在处理根页面 (已处理0个页面): https://www.henley.ac.uk/study/masters/msc-in-marketing-international-marketing
2025-08-28 23:52:52 [program_spider] INFO: [445316e7-abc9-452d-b366-4a2652bfd8ee] 页面总链接数: 90
2025-08-28 23:52:52 [program_spider] INFO: [445316e7-abc9-452d-b366-4a2652bfd8ee] 移除导航后链接数: 90 (移除了 0 个导航链接)
2025-08-28 23:52:52 [program_spider] INFO: [445316e7-abc9-452d-b366-4a2652bfd8ee] 有效链接数: 75, 关键词匹配数: 18, 最终提取数: 9
2025-08-28 23:52:52 [program_spider] INFO: [445316e7-abc9-452d-b366-4a2652bfd8ee] 页面 https://www.henley.ac.uk/study/masters/msc-in-marketing-international-marketing (depth=0, is_root=True) 提取到 9 个链接
2025-08-28 23:52:52 [program_spider] INFO: [445316e7-abc9-452d-b366-4a2652bfd8ee] 爬取子链接: https://www.henley.ac.uk/study/masters/careers-outcomes (锚文本: 'Launch your global career, click to see graduate outcomes', 匹配关键词: 'career')
2025-08-28 23:52:52 [program_spider] INFO: [445316e7-abc9-452d-b366-4a2652bfd8ee] 爬取子链接: https://www.risisweb.reading.ac.uk/si/sits.urd/run/siw_ipp_lgn.login?process=siw_ipp_app&code1=P_ADM&code2=0001 (锚文本: 'Apply now', 匹配关键词: 'apply')
2025-08-28 23:52:52 [program_spider] INFO: [445316e7-abc9-452d-b366-4a2652bfd8ee] 爬取子链接: https://www.henley.ac.uk/study/masters/scholarships-funding (锚文本: 'View our Scholarships', 匹配关键词: 'scholarship')
2025-08-28 23:52:52 [program_spider] INFO: [445316e7-abc9-452d-b366-4a2652bfd8ee] 爬取子链接: https://www.henley.ac.uk/careers (锚文本: 'please see our Careers page.', 匹配关键词: 'career')
2025-08-28 23:52:52 [program_spider] INFO: [445316e7-abc9-452d-b366-4a2652bfd8ee] 爬取子链接: https://www.henley.ac.uk/study/masters/scholarships/henley-masters-scholarship (锚文本: 'Henley Business School Excellence Scholarships', 匹配关键词: 'scholarship')
2025-08-28 23:52:52 [program_spider] INFO: [445316e7-abc9-452d-b366-4a2652bfd8ee] 爬取子链接: https://www.reading.ac.uk/ready-to-study/international-and-eu/country-specific-information (锚文本: 'See country and region-specific information and entry requirements for International applicants or please contact us with any questions', 匹配关键词: 'requirement')
2025-08-28 23:52:52 [program_spider] INFO: [445316e7-abc9-452d-b366-4a2652bfd8ee] 爬取子链接: https://www.reading.ac.uk/isli/pre-sessional-english (锚文本: 'Find out about our comprehensive range of Pre-Sessional English courses', 匹配关键词: 'course')
2025-08-28 23:52:52 [program_spider] INFO: [445316e7-abc9-452d-b366-4a2652bfd8ee] 爬取子链接: http://www.reading.ac.uk/ad-EnglishTests.aspx (锚文本: 'English requirement equivalent page.', 匹配关键词: 'requirement')
2025-08-28 23:52:52 [program_spider] INFO: [445316e7-abc9-452d-b366-4a2652bfd8ee] 爬取子链接: https://www.henley.ac.uk/study/masters/msc-marketing-sustainable-marketing (锚文本: 'MSc Marketing (Sustainable Marketing)

Marketing
·
Full-time



                            Become a leader in sustainable marketing with this Masters programme, one of two MSc Marketing pathways.', 匹配关键词: 'program')
2025-08-28 23:52:52 [program_spider] INFO: [445316e7-abc9-452d-b366-4a2652bfd8ee] 提取链接完成，去重前 9 个链接，去重后 9 个新请求（去重了 0 个重复链接）
2025-08-28 23:52:52 [program_spider] INFO: [445316e7-abc9-452d-b366-4a2652bfd8ee] 计数器变更: 1 -> 10, 操作: 添加9个子页面请求
2025-08-28 23:52:52 [program_spider] INFO: [445316e7-abc9-452d-b366-4a2652bfd8ee] 添加 9 个新请求，当前剩余: 9
2025-08-28 23:52:52 [program_spider] INFO: [445316e7-abc9-452d-b366-4a2652bfd8ee] 计数器变更: 10 -> 9, 操作: 完成页面解析
2025-08-28 23:52:53 [program_spider] INFO: [445316e7-abc9-452d-b366-4a2652bfd8ee] 正在处理子页面(深度1) (已处理1个页面): https://www.henley.ac.uk/study/masters/careers-outcomes
2025-08-28 23:52:53 [program_spider] INFO: [445316e7-abc9-452d-b366-4a2652bfd8ee] 计数器变更: 9 -> 8, 操作: 完成页面解析
2025-08-28 23:52:53 [program_spider] INFO: [445316e7-abc9-452d-b366-4a2652bfd8ee] 正在处理子页面(深度1) (已处理2个页面): https://www.reading.ac.uk/isli/pre-sessional-english
2025-08-28 23:52:53 [program_spider] INFO: [445316e7-abc9-452d-b366-4a2652bfd8ee] 计数器变更: 8 -> 7, 操作: 完成页面解析
2025-08-28 23:52:53 [program_spider] INFO: [445316e7-abc9-452d-b366-4a2652bfd8ee] 正在处理子页面(深度1) (已处理3个页面): https://risis.reading.ac.uk/urd/sits.urd/run/siw_ipp_lgn.login?process=siw_ipp_app&code1=P_ADM&code2...
2025-08-28 23:52:53 [program_spider] INFO: [445316e7-abc9-452d-b366-4a2652bfd8ee] 计数器变更: 7 -> 6, 操作: 完成页面解析
2025-08-28 23:52:54 [program_spider] INFO: [445316e7-abc9-452d-b366-4a2652bfd8ee] 正在处理子页面(深度1) (已处理4个页面): https://www.reading.ac.uk/ready-to-study/international-and-eu/country-specific-information
2025-08-28 23:52:55 [program_spider] INFO: [445316e7-abc9-452d-b366-4a2652bfd8ee] 计数器变更: 6 -> 5, 操作: 完成页面解析
2025-08-28 23:52:55 [program_spider] INFO: [445316e7-abc9-452d-b366-4a2652bfd8ee] 正在处理子页面(深度1) (已处理5个页面): https://www.henley.ac.uk/study/masters/msc-marketing-sustainable-marketing
2025-08-28 23:52:55 [program_spider] INFO: [445316e7-abc9-452d-b366-4a2652bfd8ee] 计数器变更: 5 -> 4, 操作: 完成页面解析
2025-08-28 23:52:55 [program_spider] INFO: [445316e7-abc9-452d-b366-4a2652bfd8ee] 正在处理子页面(深度1) (已处理6个页面): https://www.henley.ac.uk/study/masters/scholarships/henley-masters-scholarship
2025-08-28 23:52:55 [program_spider] INFO: [445316e7-abc9-452d-b366-4a2652bfd8ee] 计数器变更: 4 -> 3, 操作: 完成页面解析
2025-08-28 23:52:56 [program_spider] INFO: [445316e7-abc9-452d-b366-4a2652bfd8ee] 正在处理子页面(深度1) (已处理7个页面): https://www.reading.ac.uk/admissions/acceptable-english-language-proficiency-tests
2025-08-28 23:52:56 [program_spider] INFO: [445316e7-abc9-452d-b366-4a2652bfd8ee] 计数器变更: 3 -> 2, 操作: 完成页面解析
2025-08-28 23:52:57 [program_spider] INFO: [445316e7-abc9-452d-b366-4a2652bfd8ee] 正在处理子页面(深度1) (已处理8个页面): https://www.henley.ac.uk/study/masters/scholarships-funding
2025-08-28 23:52:57 [program_spider] INFO: [445316e7-abc9-452d-b366-4a2652bfd8ee] 计数器变更: 2 -> 1, 操作: 完成页面解析
2025-08-28 23:52:58 [program_spider] INFO: [445316e7-abc9-452d-b366-4a2652bfd8ee] 正在处理子页面(深度1) (已处理9个页面): https://www.henley.ac.uk/why/careers
2025-08-28 23:52:58 [program_spider] INFO: [445316e7-abc9-452d-b366-4a2652bfd8ee] 计数器变更: 1 -> 0, 操作: 完成页面解析
2025-08-28 23:52:59 [program_spider] INFO: [445316e7-abc9-452d-b366-4a2652bfd8ee] 正在完成项目
2025-08-28 23:52:59 [program_spider] INFO: 
------------------------------------------------------------
2025-08-28 23:52:59 [program_spider] INFO: [445316e7-abc9-452d-b366-4a2652bfd8ee] 项目完成: 雷丁大学市场营销（国际营销）理学硕士
2025-08-28 23:52:59 [program_spider] INFO: [445316e7-abc9-452d-b366-4a2652bfd8ee]   - 总页数: 10
2025-08-28 23:52:59 [program_spider] INFO: [445316e7-abc9-452d-b366-4a2652bfd8ee]   - 成功页数: 10
2025-08-28 23:52:59 [program_spider] INFO: [445316e7-abc9-452d-b366-4a2652bfd8ee]   - 失败页数: 0
2025-08-28 23:52:59 [program_spider] INFO: [445316e7-abc9-452d-b366-4a2652bfd8ee]   - 成功率: 100.0%
2025-08-28 23:52:59 [program_spider] INFO: ------------------------------------------------------------
2025-08-28 23:52:59 [program_spider] INFO: [445316e7-abc9-452d-b366-4a2652bfd8ee] 仍有 5 个项目待爬，将在爬虫空闲时继续。
2025-08-28 23:52:59 [program_spider] INFO: 成功保存项目数据: output/市场营销/雷丁大学市场营销国际营销理学硕士_市场营销.json
2025-08-28 23:52:59 [program_spider] INFO: spider_idle 触发，调度下一个项目 …
2025-08-28 23:52:59 [program_spider] INFO: 
================================================================================
2025-08-28 23:52:59 [program_spider] INFO: 开始爬取项目 [2/6]
2025-08-28 23:52:59 [program_spider] INFO: 项目名称: 雷丁大学食品经济学与营销理学硕士
2025-08-28 23:52:59 [program_spider] INFO: 项目ID: 49cab414-acd7-4022-9815-4fa86bb24613
2025-08-28 23:52:59 [program_spider] INFO: 根URL: https://www.reading.ac.uk/ready-to-study/study/subject-area/international-development-and-applied-economics-pg/msc-food-economics-and-marketing
2025-08-28 23:52:59 [program_spider] INFO: 剩余项目数: 4
2025-08-28 23:52:59 [program_spider] INFO: ================================================================================
2025-08-28 23:52:59 [program_spider] INFO: [49cab414-acd7-4022-9815-4fa86bb24613] 计数器变更: 0 -> 1, 操作: 启动根页面请求
2025-08-28 23:53:00 [program_spider] INFO: [49cab414-acd7-4022-9815-4fa86bb24613] 正在处理根页面 (已处理0个页面): https://www.reading.ac.uk/ready-to-study/study/subject-area/international-development-and-applied-ec...
2025-08-28 23:53:00 [program_spider] INFO: [49cab414-acd7-4022-9815-4fa86bb24613] 页面总链接数: 295
2025-08-28 23:53:00 [program_spider] INFO: [49cab414-acd7-4022-9815-4fa86bb24613] 移除导航后链接数: 295 (移除了 0 个导航链接)
2025-08-28 23:53:00 [program_spider] INFO: [49cab414-acd7-4022-9815-4fa86bb24613] 有效链接数: 286, 关键词匹配数: 16, 最终提取数: 13
2025-08-28 23:53:00 [program_spider] INFO: [49cab414-acd7-4022-9815-4fa86bb24613] 页面 https://www.reading.ac.uk/ready-to-study/study/subject-area/international-development-and-applied-economics-pg/msc-food-economics-and-marketing (depth=0, is_root=True) 提取到 13 个链接
2025-08-28 23:53:00 [program_spider] INFO: [49cab414-acd7-4022-9815-4fa86bb24613] 爬取子链接: https://www.reading.ac.uk/ready-to-study/study/2025/foundation-programmes-ug (锚文本: 'Foundation programmes', 匹配关键词: 'program')
2025-08-28 23:53:00 [program_spider] INFO: [49cab414-acd7-4022-9815-4fa86bb24613] 爬取子链接: https://www.reading.ac.uk/ready-to-study/study/2025/international-foundation-programme-ifp-ug (锚文本: 'International Foundation Programme (IFP)', 匹配关键词: 'program')
2025-08-28 23:53:00 [program_spider] INFO: [49cab414-acd7-4022-9815-4fa86bb24613] 爬取子链接: https://www.reading.ac.uk/ready-to-study/study/2025/project-management-pg (锚文本: 'Project Management', 匹配关键词: 'project')
2025-08-28 23:53:00 [program_spider] INFO: [49cab414-acd7-4022-9815-4fa86bb24613] 爬取子链接: https://www.reading.ac.uk/ready-to-study/study/subject-area/foundation-programmes-ug (锚文本: 'Foundation programmes', 匹配关键词: 'program')
2025-08-28 23:53:00 [program_spider] INFO: [49cab414-acd7-4022-9815-4fa86bb24613] 爬取子链接: https://www.reading.ac.uk/ready-to-study/study/subject-area/international-foundation-programme-ifp-ug (锚文本: 'International Foundation Programme (IFP)', 匹配关键词: 'program')
2025-08-28 23:53:00 [program_spider] INFO: [49cab414-acd7-4022-9815-4fa86bb24613] 爬取子链接: https://www.reading.ac.uk/ready-to-study/study/subject-area/project-management-pg (锚文本: 'Project Management', 匹配关键词: 'project')
2025-08-28 23:53:00 [program_spider] INFO: [49cab414-acd7-4022-9815-4fa86bb24613] 爬取子链接: https://www.reading.ac.uk/ready-to-study/study/2025/international-development-and-applied-economics-pg/msc-food-economics-and-marketing (锚文本: 'See 2025/26 entry', 匹配关键词: 'entry')
2025-08-28 23:53:00 [program_spider] INFO: [49cab414-acd7-4022-9815-4fa86bb24613] 爬取子链接: https://www.reading.ac.uk/apd/giidae/scholarships (锚文本: 'scholarships webpage', 匹配关键词: 'scholarship')
2025-08-28 23:53:00 [program_spider] INFO: [49cab414-acd7-4022-9815-4fa86bb24613] 爬取子链接: https://sites.google.com/view/cherrylaw/msc-food-economics-marketing (锚文本: 'some preliminary economics courses', 匹配关键词: 'course')
2025-08-28 23:53:00 [program_spider] INFO: [49cab414-acd7-4022-9815-4fa86bb24613] 爬取子链接: https://www.reading.ac.uk/fees-and-funding (锚文本: 'our dedicated fees and funding page', 匹配关键词: 'funding')
2025-08-28 23:53:00 [program_spider] INFO: [49cab414-acd7-4022-9815-4fa86bb24613] 爬取子链接: https://www.reading.ac.uk/ready-to-study/study/fees-and-funding/fees-and-funding-pg.aspx (锚文本: 'our fees and funding information', 匹配关键词: 'funding')
2025-08-28 23:53:00 [program_spider] INFO: [49cab414-acd7-4022-9815-4fa86bb24613] 爬取子链接: https://risis.reading.ac.uk/urd/sits.urd/run/siw_ipp_lgn.login?process=siw_ipp_app&code1=P_ADM&code2=0001 (锚文本: 'Apply now', 匹配关键词: 'apply')
2025-08-28 23:53:00 [program_spider] INFO: [49cab414-acd7-4022-9815-4fa86bb24613] 爬取子链接: https://www.reading.ac.uk/ready-to-study/study/postgraduate-study/masters-how-to-apply (锚文本: 'How to apply', 匹配关键词: 'apply')
2025-08-28 23:53:00 [program_spider] INFO: [49cab414-acd7-4022-9815-4fa86bb24613] 提取链接完成，去重前 13 个链接，去重后 13 个新请求（去重了 0 个重复链接）
2025-08-28 23:53:00 [program_spider] INFO: [49cab414-acd7-4022-9815-4fa86bb24613] 计数器变更: 1 -> 14, 操作: 添加13个子页面请求
2025-08-28 23:53:00 [program_spider] INFO: [49cab414-acd7-4022-9815-4fa86bb24613] 添加 13 个新请求，当前剩余: 13
2025-08-28 23:53:00 [program_spider] INFO: [49cab414-acd7-4022-9815-4fa86bb24613] 计数器变更: 14 -> 13, 操作: 完成页面解析
2025-08-28 23:53:01 [program_spider] INFO: [49cab414-acd7-4022-9815-4fa86bb24613] 正在处理子页面(深度1) (已处理1个页面): https://sites.google.com/view/cherrylaw/msc-food-economics-marketing
2025-08-28 23:53:01 [program_spider] INFO: [49cab414-acd7-4022-9815-4fa86bb24613] 计数器变更: 13 -> 12, 操作: 完成页面解析
2025-08-28 23:53:01 [program_spider] INFO: [49cab414-acd7-4022-9815-4fa86bb24613] 正在处理子页面(深度1) (已处理2个页面): https://risis.reading.ac.uk/urd/sits.urd/run/siw_ipp_lgn.login?process=siw_ipp_app&code1=P_ADM&code2...
2025-08-28 23:53:01 [program_spider] INFO: [49cab414-acd7-4022-9815-4fa86bb24613] 计数器变更: 12 -> 11, 操作: 完成页面解析
2025-08-28 23:53:01 [program_spider] INFO: [49cab414-acd7-4022-9815-4fa86bb24613] 正在处理子页面(深度1) (已处理3个页面): https://www.reading.ac.uk/ready-to-study/study/2025/foundation-programmes-ug
2025-08-28 23:53:01 [program_spider] INFO: [49cab414-acd7-4022-9815-4fa86bb24613] 计数器变更: 11 -> 10, 操作: 完成页面解析
2025-08-28 23:53:05 [program_spider] INFO: [49cab414-acd7-4022-9815-4fa86bb24613] 正在处理子页面(深度1) (已处理4个页面): https://www.reading.ac.uk/apd/giidae/scholarships
2025-08-28 23:53:05 [program_spider] INFO: [49cab414-acd7-4022-9815-4fa86bb24613] 计数器变更: 10 -> 9, 操作: 完成页面解析
2025-08-28 23:53:06 [program_spider] INFO: [49cab414-acd7-4022-9815-4fa86bb24613] 正在处理子页面(深度1) (已处理5个页面): https://www.reading.ac.uk/ready-to-study/study/2025/international-development-and-applied-economics-...
2025-08-28 23:53:06 [program_spider] INFO: [49cab414-acd7-4022-9815-4fa86bb24613] 计数器变更: 9 -> 8, 操作: 完成页面解析
2025-08-28 23:53:07 [program_spider] INFO: [49cab414-acd7-4022-9815-4fa86bb24613] 正在处理子页面(深度1) (已处理6个页面): https://www.reading.ac.uk/ready-to-study/study/subject-area/project-management-pg
2025-08-28 23:53:07 [program_spider] INFO: [49cab414-acd7-4022-9815-4fa86bb24613] 计数器变更: 8 -> 7, 操作: 完成页面解析
2025-08-28 23:53:08 [program_spider] INFO: [49cab414-acd7-4022-9815-4fa86bb24613] 正在处理子页面(深度1) (已处理7个页面): https://www.reading.ac.uk/ready-to-study/study/subject-area/international-foundation-programme-ifp-u...
2025-08-28 23:53:08 [program_spider] INFO: [49cab414-acd7-4022-9815-4fa86bb24613] 计数器变更: 7 -> 6, 操作: 完成页面解析
2025-08-28 23:53:09 [program_spider] INFO: [49cab414-acd7-4022-9815-4fa86bb24613] 正在处理子页面(深度1) (已处理8个页面): https://www.reading.ac.uk/ready-to-study/study/subject-area/foundation-programmes-ug
2025-08-28 23:53:09 [program_spider] INFO: [49cab414-acd7-4022-9815-4fa86bb24613] 计数器变更: 6 -> 5, 操作: 完成页面解析
2025-08-28 23:53:10 [program_spider] INFO: [49cab414-acd7-4022-9815-4fa86bb24613] 正在处理子页面(深度1) (已处理9个页面): https://www.reading.ac.uk/ready-to-study/study/2025/project-management-pg
2025-08-28 23:53:10 [program_spider] INFO: [49cab414-acd7-4022-9815-4fa86bb24613] 计数器变更: 5 -> 4, 操作: 完成页面解析
2025-08-28 23:53:11 [program_spider] INFO: [49cab414-acd7-4022-9815-4fa86bb24613] 正在处理子页面(深度1) (已处理10个页面): https://www.reading.ac.uk/ready-to-study/study/2025/international-foundation-programme-ifp-ug
2025-08-28 23:53:11 [program_spider] INFO: [49cab414-acd7-4022-9815-4fa86bb24613] 计数器变更: 4 -> 3, 操作: 完成页面解析
2025-08-28 23:53:12 [program_spider] INFO: [49cab414-acd7-4022-9815-4fa86bb24613] 正在处理子页面(深度1) (已处理11个页面): https://www.reading.ac.uk/ready-to-study/study/how-to-apply/masters-how-to-apply
2025-08-28 23:53:12 [program_spider] INFO: [49cab414-acd7-4022-9815-4fa86bb24613] 计数器变更: 3 -> 2, 操作: 完成页面解析
2025-08-28 23:53:13 [program_spider] INFO: [49cab414-acd7-4022-9815-4fa86bb24613] 正在处理子页面(深度1) (已处理12个页面): https://www.reading.ac.uk/ready-to-study/study/fees-and-funding/fees-and-funding-pg
2025-08-28 23:53:13 [program_spider] INFO: [49cab414-acd7-4022-9815-4fa86bb24613] 计数器变更: 2 -> 1, 操作: 完成页面解析
2025-08-28 23:53:15 [program_spider] INFO: [49cab414-acd7-4022-9815-4fa86bb24613] 正在处理子页面(深度1) (已处理13个页面): https://www.reading.ac.uk/ready-to-study/study/fees-and-funding
2025-08-28 23:53:15 [program_spider] INFO: [49cab414-acd7-4022-9815-4fa86bb24613] 计数器变更: 1 -> 0, 操作: 完成页面解析
2025-08-28 23:53:16 [program_spider] INFO: [49cab414-acd7-4022-9815-4fa86bb24613] 正在完成项目
2025-08-28 23:53:16 [program_spider] INFO: 
------------------------------------------------------------
2025-08-28 23:53:16 [program_spider] INFO: [49cab414-acd7-4022-9815-4fa86bb24613] 项目完成: 雷丁大学食品经济学与营销理学硕士
2025-08-28 23:53:16 [program_spider] INFO: [49cab414-acd7-4022-9815-4fa86bb24613]   - 总页数: 14
2025-08-28 23:53:16 [program_spider] INFO: [49cab414-acd7-4022-9815-4fa86bb24613]   - 成功页数: 14
2025-08-28 23:53:16 [program_spider] INFO: [49cab414-acd7-4022-9815-4fa86bb24613]   - 失败页数: 0
2025-08-28 23:53:16 [program_spider] INFO: [49cab414-acd7-4022-9815-4fa86bb24613]   - 成功率: 100.0%
2025-08-28 23:53:16 [program_spider] INFO: ------------------------------------------------------------
2025-08-28 23:53:16 [program_spider] INFO: [49cab414-acd7-4022-9815-4fa86bb24613] 仍有 4 个项目待爬，将在爬虫空闲时继续。
2025-08-28 23:53:16 [program_spider] INFO: 成功保存项目数据: output/市场营销/雷丁大学食品经济学与营销理学硕士_市场营销.json
2025-08-28 23:53:16 [program_spider] INFO: spider_idle 触发，调度下一个项目 …
2025-08-28 23:53:16 [program_spider] INFO: 
================================================================================
2025-08-28 23:53:16 [program_spider] INFO: 开始爬取项目 [3/6]
2025-08-28 23:53:16 [program_spider] INFO: 项目名称: 雷丁大学消费者行为理学硕士
2025-08-28 23:53:16 [program_spider] INFO: 项目ID: 7342d5f1-37ee-4373-a41b-585cc840691b
2025-08-28 23:53:16 [program_spider] INFO: 根URL: https://www.reading.ac.uk/ready-to-study/study/subject-area/international-development-and-applied-economics-pg/msc-consumer-behaviour
2025-08-28 23:53:16 [program_spider] INFO: 剩余项目数: 3
2025-08-28 23:53:16 [program_spider] INFO: ================================================================================
2025-08-28 23:53:16 [program_spider] INFO: [7342d5f1-37ee-4373-a41b-585cc840691b] 计数器变更: 0 -> 1, 操作: 启动根页面请求
2025-08-28 23:53:17 [program_spider] INFO: [7342d5f1-37ee-4373-a41b-585cc840691b] 正在处理根页面 (已处理0个页面): https://www.reading.ac.uk/ready-to-study/study/subject-area/international-development-and-applied-ec...
2025-08-28 23:53:17 [program_spider] INFO: [7342d5f1-37ee-4373-a41b-585cc840691b] 页面总链接数: 294
2025-08-28 23:53:17 [program_spider] INFO: [7342d5f1-37ee-4373-a41b-585cc840691b] 移除导航后链接数: 294 (移除了 0 个导航链接)
2025-08-28 23:53:17 [program_spider] INFO: [7342d5f1-37ee-4373-a41b-585cc840691b] 有效链接数: 285, 关键词匹配数: 15, 最终提取数: 12
2025-08-28 23:53:17 [program_spider] INFO: [7342d5f1-37ee-4373-a41b-585cc840691b] 页面 https://www.reading.ac.uk/ready-to-study/study/subject-area/international-development-and-applied-economics-pg/msc-consumer-behaviour (depth=0, is_root=True) 提取到 12 个链接
2025-08-28 23:53:17 [program_spider] INFO: [7342d5f1-37ee-4373-a41b-585cc840691b] 爬取子链接: https://www.reading.ac.uk/ready-to-study/study/2025/foundation-programmes-ug (锚文本: 'Foundation programmes', 匹配关键词: 'program')
2025-08-28 23:53:17 [program_spider] INFO: [7342d5f1-37ee-4373-a41b-585cc840691b] 爬取子链接: https://www.reading.ac.uk/ready-to-study/study/2025/international-foundation-programme-ifp-ug (锚文本: 'International Foundation Programme (IFP)', 匹配关键词: 'program')
2025-08-28 23:53:17 [program_spider] INFO: [7342d5f1-37ee-4373-a41b-585cc840691b] 爬取子链接: https://www.reading.ac.uk/ready-to-study/study/2025/project-management-pg (锚文本: 'Project Management', 匹配关键词: 'project')
2025-08-28 23:53:17 [program_spider] INFO: [7342d5f1-37ee-4373-a41b-585cc840691b] 爬取子链接: https://www.reading.ac.uk/ready-to-study/study/subject-area/foundation-programmes-ug (锚文本: 'Foundation programmes', 匹配关键词: 'program')
2025-08-28 23:53:17 [program_spider] INFO: [7342d5f1-37ee-4373-a41b-585cc840691b] 爬取子链接: https://www.reading.ac.uk/ready-to-study/study/subject-area/international-foundation-programme-ifp-ug (锚文本: 'International Foundation Programme (IFP)', 匹配关键词: 'program')
2025-08-28 23:53:17 [program_spider] INFO: [7342d5f1-37ee-4373-a41b-585cc840691b] 爬取子链接: https://www.reading.ac.uk/ready-to-study/study/subject-area/project-management-pg (锚文本: 'Project Management', 匹配关键词: 'project')
2025-08-28 23:53:17 [program_spider] INFO: [7342d5f1-37ee-4373-a41b-585cc840691b] 爬取子链接: https://www.reading.ac.uk/ready-to-study/study/2025/international-development-and-applied-economics-pg/msc-consumer-behaviour (锚文本: 'See 2025/26 entry', 匹配关键词: 'entry')
2025-08-28 23:53:17 [program_spider] INFO: [7342d5f1-37ee-4373-a41b-585cc840691b] 爬取子链接: https://www.reading.ac.uk/apd/giidae/scholarships (锚文本: 'scholarships webpage', 匹配关键词: 'scholarship')
2025-08-28 23:53:17 [program_spider] INFO: [7342d5f1-37ee-4373-a41b-585cc840691b] 爬取子链接: https://www.reading.ac.uk/fees-and-funding (锚文本: 'our dedicated fees and funding page', 匹配关键词: 'funding')
2025-08-28 23:53:17 [program_spider] INFO: [7342d5f1-37ee-4373-a41b-585cc840691b] 爬取子链接: https://www.reading.ac.uk/ready-to-study/study/fees-and-funding/fees-and-funding-pg.aspx (锚文本: 'our fees and funding information', 匹配关键词: 'funding')
2025-08-28 23:53:17 [program_spider] INFO: [7342d5f1-37ee-4373-a41b-585cc840691b] 爬取子链接: https://risis.reading.ac.uk/urd/sits.urd/run/siw_ipp_lgn.login?process=siw_ipp_app&code1=P_ADM&code2=0001 (锚文本: 'Apply now', 匹配关键词: 'apply')
2025-08-28 23:53:17 [program_spider] INFO: [7342d5f1-37ee-4373-a41b-585cc840691b] 爬取子链接: https://www.reading.ac.uk/ready-to-study/study/postgraduate-study/masters-how-to-apply (锚文本: 'How to apply', 匹配关键词: 'apply')
2025-08-28 23:53:17 [program_spider] INFO: [7342d5f1-37ee-4373-a41b-585cc840691b] 提取链接完成，去重前 12 个链接，去重后 12 个新请求（去重了 0 个重复链接）
2025-08-28 23:53:17 [program_spider] INFO: [7342d5f1-37ee-4373-a41b-585cc840691b] 计数器变更: 1 -> 13, 操作: 添加12个子页面请求
2025-08-28 23:53:17 [program_spider] INFO: [7342d5f1-37ee-4373-a41b-585cc840691b] 添加 12 个新请求，当前剩余: 12
2025-08-28 23:53:17 [program_spider] INFO: [7342d5f1-37ee-4373-a41b-585cc840691b] 计数器变更: 13 -> 12, 操作: 完成页面解析
2025-08-28 23:53:18 [program_spider] INFO: [7342d5f1-37ee-4373-a41b-585cc840691b] 正在处理子页面(深度1) (已处理1个页面): https://risis.reading.ac.uk/urd/sits.urd/run/siw_ipp_lgn.login?process=siw_ipp_app&code1=P_ADM&code2...
2025-08-28 23:53:18 [program_spider] INFO: [7342d5f1-37ee-4373-a41b-585cc840691b] 计数器变更: 12 -> 11, 操作: 完成页面解析
2025-08-28 23:53:18 [program_spider] INFO: [7342d5f1-37ee-4373-a41b-585cc840691b] 正在处理子页面(深度1) (已处理2个页面): https://www.reading.ac.uk/ready-to-study/study/2025/foundation-programmes-ug
2025-08-28 23:53:18 [program_spider] INFO: [7342d5f1-37ee-4373-a41b-585cc840691b] 计数器变更: 11 -> 10, 操作: 完成页面解析
2025-08-28 23:53:22 [program_spider] INFO: [7342d5f1-37ee-4373-a41b-585cc840691b] 正在处理子页面(深度1) (已处理3个页面): https://www.reading.ac.uk/apd/giidae/scholarships
2025-08-28 23:53:22 [program_spider] INFO: [7342d5f1-37ee-4373-a41b-585cc840691b] 计数器变更: 10 -> 9, 操作: 完成页面解析
2025-08-28 23:53:23 [program_spider] INFO: [7342d5f1-37ee-4373-a41b-585cc840691b] 正在处理子页面(深度1) (已处理4个页面): https://www.reading.ac.uk/ready-to-study/study/2025/international-development-and-applied-economics-...
2025-08-28 23:53:24 [program_spider] INFO: [7342d5f1-37ee-4373-a41b-585cc840691b] 计数器变更: 9 -> 8, 操作: 完成页面解析
2025-08-28 23:53:24 [program_spider] INFO: [7342d5f1-37ee-4373-a41b-585cc840691b] 正在处理子页面(深度1) (已处理5个页面): https://www.reading.ac.uk/ready-to-study/study/subject-area/project-management-pg
2025-08-28 23:53:24 [program_spider] INFO: [7342d5f1-37ee-4373-a41b-585cc840691b] 计数器变更: 8 -> 7, 操作: 完成页面解析
2025-08-28 23:53:25 [program_spider] INFO: [7342d5f1-37ee-4373-a41b-585cc840691b] 正在处理子页面(深度1) (已处理6个页面): https://www.reading.ac.uk/ready-to-study/study/subject-area/international-foundation-programme-ifp-u...
2025-08-28 23:53:25 [program_spider] INFO: [7342d5f1-37ee-4373-a41b-585cc840691b] 计数器变更: 7 -> 6, 操作: 完成页面解析
2025-08-28 23:53:26 [program_spider] INFO: [7342d5f1-37ee-4373-a41b-585cc840691b] 正在处理子页面(深度1) (已处理7个页面): https://www.reading.ac.uk/ready-to-study/study/subject-area/foundation-programmes-ug
2025-08-28 23:53:26 [program_spider] INFO: [7342d5f1-37ee-4373-a41b-585cc840691b] 计数器变更: 6 -> 5, 操作: 完成页面解析
2025-08-28 23:53:27 [program_spider] INFO: [7342d5f1-37ee-4373-a41b-585cc840691b] 正在处理子页面(深度1) (已处理8个页面): https://www.reading.ac.uk/ready-to-study/study/2025/project-management-pg
2025-08-28 23:53:27 [program_spider] INFO: [7342d5f1-37ee-4373-a41b-585cc840691b] 计数器变更: 5 -> 4, 操作: 完成页面解析
2025-08-28 23:53:28 [program_spider] INFO: [7342d5f1-37ee-4373-a41b-585cc840691b] 正在处理子页面(深度1) (已处理9个页面): https://www.reading.ac.uk/ready-to-study/study/2025/international-foundation-programme-ifp-ug
2025-08-28 23:53:28 [program_spider] INFO: [7342d5f1-37ee-4373-a41b-585cc840691b] 计数器变更: 4 -> 3, 操作: 完成页面解析
2025-08-28 23:53:29 [program_spider] INFO: [7342d5f1-37ee-4373-a41b-585cc840691b] 正在处理子页面(深度1) (已处理10个页面): https://www.reading.ac.uk/ready-to-study/study/how-to-apply/masters-how-to-apply
2025-08-28 23:53:29 [program_spider] INFO: [7342d5f1-37ee-4373-a41b-585cc840691b] 计数器变更: 3 -> 2, 操作: 完成页面解析
2025-08-28 23:53:30 [program_spider] INFO: [7342d5f1-37ee-4373-a41b-585cc840691b] 正在处理子页面(深度1) (已处理11个页面): https://www.reading.ac.uk/ready-to-study/study/fees-and-funding/fees-and-funding-pg
2025-08-28 23:53:30 [program_spider] INFO: [7342d5f1-37ee-4373-a41b-585cc840691b] 计数器变更: 2 -> 1, 操作: 完成页面解析
2025-08-28 23:53:32 [program_spider] INFO: [7342d5f1-37ee-4373-a41b-585cc840691b] 正在处理子页面(深度1) (已处理12个页面): https://www.reading.ac.uk/ready-to-study/study/fees-and-funding
2025-08-28 23:53:32 [program_spider] INFO: [7342d5f1-37ee-4373-a41b-585cc840691b] 计数器变更: 1 -> 0, 操作: 完成页面解析
2025-08-28 23:53:33 [program_spider] INFO: [7342d5f1-37ee-4373-a41b-585cc840691b] 正在完成项目
2025-08-28 23:53:33 [program_spider] INFO: 
------------------------------------------------------------
2025-08-28 23:53:33 [program_spider] INFO: [7342d5f1-37ee-4373-a41b-585cc840691b] 项目完成: 雷丁大学消费者行为理学硕士
2025-08-28 23:53:33 [program_spider] INFO: [7342d5f1-37ee-4373-a41b-585cc840691b]   - 总页数: 13
2025-08-28 23:53:33 [program_spider] INFO: [7342d5f1-37ee-4373-a41b-585cc840691b]   - 成功页数: 13
2025-08-28 23:53:33 [program_spider] INFO: [7342d5f1-37ee-4373-a41b-585cc840691b]   - 失败页数: 0
2025-08-28 23:53:33 [program_spider] INFO: [7342d5f1-37ee-4373-a41b-585cc840691b]   - 成功率: 100.0%
2025-08-28 23:53:33 [program_spider] INFO: ------------------------------------------------------------
2025-08-28 23:53:33 [program_spider] INFO: [7342d5f1-37ee-4373-a41b-585cc840691b] 仍有 3 个项目待爬，将在爬虫空闲时继续。
2025-08-28 23:53:33 [program_spider] INFO: 成功保存项目数据: output/市场营销/雷丁大学消费者行为理学硕士_市场营销.json
2025-08-28 23:53:34 [program_spider] INFO: spider_idle 触发，调度下一个项目 …
2025-08-28 23:53:34 [program_spider] INFO: 
================================================================================
2025-08-28 23:53:34 [program_spider] INFO: 开始爬取项目 [4/6]
2025-08-28 23:53:34 [program_spider] INFO: 项目名称: 雷丁大学市场营销（可持续营销）理学硕士
2025-08-28 23:53:34 [program_spider] INFO: 项目ID: 83f43b71-6937-4435-b592-8336673845b3
2025-08-28 23:53:34 [program_spider] INFO: 根URL: https://www.reading.ac.uk/ready-to-study/study/subject-area/business-pre-experience-pg/msc-sustainable-marketing
2025-08-28 23:53:34 [program_spider] INFO: 剩余项目数: 2
2025-08-28 23:53:34 [program_spider] INFO: ================================================================================
2025-08-28 23:53:34 [program_spider] INFO: [83f43b71-6937-4435-b592-8336673845b3] 计数器变更: 0 -> 1, 操作: 启动根页面请求
2025-08-28 23:53:37 [program_spider] INFO: [83f43b71-6937-4435-b592-8336673845b3] 正在处理根页面 (已处理0个页面): https://www.henley.ac.uk/study/masters/msc-marketing-sustainable-marketing
2025-08-28 23:53:37 [program_spider] INFO: [83f43b71-6937-4435-b592-8336673845b3] 页面总链接数: 89
2025-08-28 23:53:37 [program_spider] INFO: [83f43b71-6937-4435-b592-8336673845b3] 移除导航后链接数: 89 (移除了 0 个导航链接)
2025-08-28 23:53:37 [program_spider] INFO: [83f43b71-6937-4435-b592-8336673845b3] 有效链接数: 74, 关键词匹配数: 18, 最终提取数: 9
2025-08-28 23:53:37 [program_spider] INFO: [83f43b71-6937-4435-b592-8336673845b3] 页面 https://www.henley.ac.uk/study/masters/msc-marketing-sustainable-marketing (depth=0, is_root=True) 提取到 9 个链接
2025-08-28 23:53:37 [program_spider] INFO: [83f43b71-6937-4435-b592-8336673845b3] 爬取子链接: https://www.henley.ac.uk/study/masters/careers-outcomes (锚文本: 'Launch your global career, click to see graduate outcomes', 匹配关键词: 'career')
2025-08-28 23:53:37 [program_spider] INFO: [83f43b71-6937-4435-b592-8336673845b3] 爬取子链接: https://www.risisweb.reading.ac.uk/si/sits.urd/run/siw_ipp_lgn.login?process=siw_ipp_app&code1=P_ADM&code2=0001 (锚文本: 'Apply now', 匹配关键词: 'apply')
2025-08-28 23:53:37 [program_spider] INFO: [83f43b71-6937-4435-b592-8336673845b3] 爬取子链接: https://www.henley.ac.uk/study/masters/scholarships-funding (锚文本: 'View our Scholarships', 匹配关键词: 'scholarship')
2025-08-28 23:53:37 [program_spider] INFO: [83f43b71-6937-4435-b592-8336673845b3] 爬取子链接: https://www.henley.ac.uk/careers (锚文本: 'please see our Careers page.', 匹配关键词: 'career')
2025-08-28 23:53:37 [program_spider] INFO: [83f43b71-6937-4435-b592-8336673845b3] 爬取子链接: https://www.henley.ac.uk/study/masters/scholarships/henley-masters-scholarship (锚文本: 'Henley Business School Excellence Scholarships', 匹配关键词: 'scholarship')
2025-08-28 23:53:37 [program_spider] INFO: [83f43b71-6937-4435-b592-8336673845b3] 爬取子链接: https://www.reading.ac.uk/ready-to-study/international-and-eu/country-specific-information (锚文本: 'See country and region-specific information and entry requirements for International applicants or please contact us with any questions', 匹配关键词: 'requirement')
2025-08-28 23:53:37 [program_spider] INFO: [83f43b71-6937-4435-b592-8336673845b3] 爬取子链接: https://www.reading.ac.uk/isli/pre-sessional-english (锚文本: 'Find out about our comprehensive range of Pre-Sessional English courses', 匹配关键词: 'course')
2025-08-28 23:53:37 [program_spider] INFO: [83f43b71-6937-4435-b592-8336673845b3] 爬取子链接: http://www.reading.ac.uk/ad-EnglishTests.aspx (锚文本: 'English requirement equivalent page.', 匹配关键词: 'requirement')
2025-08-28 23:53:37 [program_spider] INFO: [83f43b71-6937-4435-b592-8336673845b3] 爬取子链接: https://www.henley.ac.uk/study/masters/msc-in-marketing-international-marketing (锚文本: 'MSc Marketing (International Marketing)

Marketing
·
Full-time



                            This Masters programme provides students with an understanding of marketing strategies and practices around the world.', 匹配关键词: 'program')
2025-08-28 23:53:37 [program_spider] INFO: [83f43b71-6937-4435-b592-8336673845b3] 提取链接完成，去重前 9 个链接，去重后 9 个新请求（去重了 0 个重复链接）
2025-08-28 23:53:37 [program_spider] INFO: [83f43b71-6937-4435-b592-8336673845b3] 计数器变更: 1 -> 10, 操作: 添加9个子页面请求
2025-08-28 23:53:37 [program_spider] INFO: [83f43b71-6937-4435-b592-8336673845b3] 添加 9 个新请求，当前剩余: 9
2025-08-28 23:53:37 [program_spider] INFO: [83f43b71-6937-4435-b592-8336673845b3] 计数器变更: 10 -> 9, 操作: 完成页面解析
2025-08-28 23:53:38 [program_spider] INFO: [83f43b71-6937-4435-b592-8336673845b3] 正在处理子页面(深度1) (已处理1个页面): https://www.henley.ac.uk/study/masters/careers-outcomes
2025-08-28 23:53:38 [program_spider] INFO: [83f43b71-6937-4435-b592-8336673845b3] 计数器变更: 9 -> 8, 操作: 完成页面解析
2025-08-28 23:53:38 [program_spider] INFO: [83f43b71-6937-4435-b592-8336673845b3] 正在处理子页面(深度1) (已处理2个页面): https://risis.reading.ac.uk/urd/sits.urd/run/siw_ipp_lgn.login?process=siw_ipp_app&code1=P_ADM&code2...
2025-08-28 23:53:38 [program_spider] INFO: [83f43b71-6937-4435-b592-8336673845b3] 计数器变更: 8 -> 7, 操作: 完成页面解析
2025-08-28 23:53:38 [program_spider] INFO: [83f43b71-6937-4435-b592-8336673845b3] 正在处理子页面(深度1) (已处理3个页面): https://www.reading.ac.uk/isli/pre-sessional-english
2025-08-28 23:53:39 [program_spider] INFO: [83f43b71-6937-4435-b592-8336673845b3] 计数器变更: 7 -> 6, 操作: 完成页面解析
2025-08-28 23:53:40 [program_spider] INFO: [83f43b71-6937-4435-b592-8336673845b3] 正在处理子页面(深度1) (已处理4个页面): https://www.reading.ac.uk/ready-to-study/international-and-eu/country-specific-information
2025-08-28 23:53:40 [program_spider] INFO: [83f43b71-6937-4435-b592-8336673845b3] 计数器变更: 6 -> 5, 操作: 完成页面解析
2025-08-28 23:53:40 [program_spider] INFO: [83f43b71-6937-4435-b592-8336673845b3] 正在处理子页面(深度1) (已处理5个页面): https://www.henley.ac.uk/study/masters/msc-in-marketing-international-marketing
2025-08-28 23:53:40 [program_spider] INFO: [83f43b71-6937-4435-b592-8336673845b3] 计数器变更: 5 -> 4, 操作: 完成页面解析
2025-08-28 23:53:40 [program_spider] INFO: [83f43b71-6937-4435-b592-8336673845b3] 正在处理子页面(深度1) (已处理6个页面): https://www.henley.ac.uk/study/masters/scholarships/henley-masters-scholarship
2025-08-28 23:53:40 [program_spider] INFO: [83f43b71-6937-4435-b592-8336673845b3] 计数器变更: 4 -> 3, 操作: 完成页面解析
2025-08-28 23:53:42 [program_spider] INFO: [83f43b71-6937-4435-b592-8336673845b3] 正在处理子页面(深度1) (已处理7个页面): https://www.reading.ac.uk/admissions/acceptable-english-language-proficiency-tests
2025-08-28 23:53:42 [program_spider] INFO: [83f43b71-6937-4435-b592-8336673845b3] 计数器变更: 3 -> 2, 操作: 完成页面解析
2025-08-28 23:53:42 [program_spider] INFO: [83f43b71-6937-4435-b592-8336673845b3] 正在处理子页面(深度1) (已处理8个页面): https://www.henley.ac.uk/study/masters/scholarships-funding
2025-08-28 23:53:42 [program_spider] INFO: [83f43b71-6937-4435-b592-8336673845b3] 计数器变更: 2 -> 1, 操作: 完成页面解析
2025-08-28 23:53:43 [program_spider] INFO: [83f43b71-6937-4435-b592-8336673845b3] 正在处理子页面(深度1) (已处理9个页面): https://www.henley.ac.uk/why/careers
2025-08-28 23:53:43 [program_spider] INFO: [83f43b71-6937-4435-b592-8336673845b3] 计数器变更: 1 -> 0, 操作: 完成页面解析
2025-08-28 23:53:44 [program_spider] INFO: [83f43b71-6937-4435-b592-8336673845b3] 正在完成项目
2025-08-28 23:53:44 [program_spider] INFO: 
------------------------------------------------------------
2025-08-28 23:53:44 [program_spider] INFO: [83f43b71-6937-4435-b592-8336673845b3] 项目完成: 雷丁大学市场营销（可持续营销）理学硕士
2025-08-28 23:53:44 [program_spider] INFO: [83f43b71-6937-4435-b592-8336673845b3]   - 总页数: 10
2025-08-28 23:53:44 [program_spider] INFO: [83f43b71-6937-4435-b592-8336673845b3]   - 成功页数: 10
2025-08-28 23:53:44 [program_spider] INFO: [83f43b71-6937-4435-b592-8336673845b3]   - 失败页数: 0
2025-08-28 23:53:44 [program_spider] INFO: [83f43b71-6937-4435-b592-8336673845b3]   - 成功率: 100.0%
2025-08-28 23:53:44 [program_spider] INFO: ------------------------------------------------------------
2025-08-28 23:53:44 [program_spider] INFO: [83f43b71-6937-4435-b592-8336673845b3] 仍有 2 个项目待爬，将在爬虫空闲时继续。
2025-08-28 23:53:44 [program_spider] INFO: 成功保存项目数据: output/市场营销/雷丁大学市场营销可持续营销理学硕士_市场营销.json
2025-08-28 23:53:44 [program_spider] INFO: spider_idle 触发，调度下一个项目 …
2025-08-28 23:53:44 [program_spider] INFO: 
================================================================================
2025-08-28 23:53:44 [program_spider] INFO: 开始爬取项目 [5/6]
2025-08-28 23:53:44 [program_spider] INFO: 项目名称: 雷丁大学数字营销理学硕士
2025-08-28 23:53:44 [program_spider] INFO: 项目ID: c4e959f9-22a6-44a4-85a3-5760dbf429e0
2025-08-28 23:53:44 [program_spider] INFO: 根URL: https://www.henley.ac.uk/study/masters/msc-in-digital-marketing
2025-08-28 23:53:44 [program_spider] INFO: 剩余项目数: 1
2025-08-28 23:53:44 [program_spider] INFO: ================================================================================
2025-08-28 23:53:44 [program_spider] INFO: [c4e959f9-22a6-44a4-85a3-5760dbf429e0] 计数器变更: 0 -> 1, 操作: 启动根页面请求
2025-08-28 23:53:46 [program_spider] INFO: [c4e959f9-22a6-44a4-85a3-5760dbf429e0] 正在处理根页面 (已处理0个页面): https://www.henley.ac.uk/study/masters/msc-in-digital-marketing
2025-08-28 23:53:46 [program_spider] INFO: [c4e959f9-22a6-44a4-85a3-5760dbf429e0] 页面总链接数: 81
2025-08-28 23:53:46 [program_spider] INFO: [c4e959f9-22a6-44a4-85a3-5760dbf429e0] 移除导航后链接数: 81 (移除了 0 个导航链接)
2025-08-28 23:53:46 [program_spider] INFO: [c4e959f9-22a6-44a4-85a3-5760dbf429e0] 有效链接数: 67, 关键词匹配数: 18, 最终提取数: 9
2025-08-28 23:53:46 [program_spider] INFO: [c4e959f9-22a6-44a4-85a3-5760dbf429e0] 页面 https://www.henley.ac.uk/study/masters/msc-in-digital-marketing (depth=0, is_root=True) 提取到 9 个链接
2025-08-28 23:53:46 [program_spider] INFO: [c4e959f9-22a6-44a4-85a3-5760dbf429e0] 爬取子链接: https://www.henley.ac.uk/study/masters/careers-outcomes (锚文本: 'Launch your global career, click to see graduate outcomes', 匹配关键词: 'career')
2025-08-28 23:53:46 [program_spider] INFO: [c4e959f9-22a6-44a4-85a3-5760dbf429e0] 爬取子链接: https://www.risisweb.reading.ac.uk/si/sits.urd/run/siw_ipp_lgn.login?process=siw_ipp_app&code1=P_ADM&code2=0001 (锚文本: 'Apply now', 匹配关键词: 'apply')
2025-08-28 23:53:46 [program_spider] INFO: [c4e959f9-22a6-44a4-85a3-5760dbf429e0] 爬取子链接: https://www.henley.ac.uk/study/masters/scholarships-funding (锚文本: 'View our Scholarships', 匹配关键词: 'scholarship')
2025-08-28 23:53:46 [program_spider] INFO: [c4e959f9-22a6-44a4-85a3-5760dbf429e0] 爬取子链接: https://www.henley.ac.uk/careers (锚文本: 'please see our Careers page.', 匹配关键词: 'career')
2025-08-28 23:53:46 [program_spider] INFO: [c4e959f9-22a6-44a4-85a3-5760dbf429e0] 爬取子链接: https://www.reading.ac.uk/ready-to-study/international-and-eu/country-specific-information (锚文本: 'See country and region-specific information and entry requirements for International applicants or please contact us with any questions', 匹配关键词: 'requirement')
2025-08-28 23:53:46 [program_spider] INFO: [c4e959f9-22a6-44a4-85a3-5760dbf429e0] 爬取子链接: https://www.reading.ac.uk/isli/pre-sessional-english (锚文本: 'Find out about our comprehensive range of Pre-Sessional English courses', 匹配关键词: 'course')
2025-08-28 23:53:46 [program_spider] INFO: [c4e959f9-22a6-44a4-85a3-5760dbf429e0] 爬取子链接: http://www.reading.ac.uk/ad-EnglishTests.aspx (锚文本: 'English requirement equivalent page.', 匹配关键词: 'requirement')
2025-08-28 23:53:46 [program_spider] INFO: [c4e959f9-22a6-44a4-85a3-5760dbf429e0] 爬取子链接: https://www.henley.ac.uk/study/masters/msc-marketing-sustainable-marketing (锚文本: 'MSc Marketing (Sustainable Marketing)

Marketing
·
Full-time



                            Become a leader in sustainable marketing with this Masters programme, one of two MSc Marketing pathways.', 匹配关键词: 'program')
2025-08-28 23:53:46 [program_spider] INFO: [c4e959f9-22a6-44a4-85a3-5760dbf429e0] 爬取子链接: https://www.henley.ac.uk/study/masters/msc-in-marketing-international-marketing (锚文本: 'MSc Marketing (International Marketing)

Marketing
·
Full-time



                            This Masters programme provides students with an understanding of marketing strategies and practices around the world.', 匹配关键词: 'program')
2025-08-28 23:53:46 [program_spider] INFO: [c4e959f9-22a6-44a4-85a3-5760dbf429e0] 提取链接完成，去重前 9 个链接，去重后 9 个新请求（去重了 0 个重复链接）
2025-08-28 23:53:46 [program_spider] INFO: [c4e959f9-22a6-44a4-85a3-5760dbf429e0] 计数器变更: 1 -> 10, 操作: 添加9个子页面请求
2025-08-28 23:53:46 [program_spider] INFO: [c4e959f9-22a6-44a4-85a3-5760dbf429e0] 添加 9 个新请求，当前剩余: 9
2025-08-28 23:53:46 [program_spider] INFO: [c4e959f9-22a6-44a4-85a3-5760dbf429e0] 计数器变更: 10 -> 9, 操作: 完成页面解析
2025-08-28 23:53:48 [program_spider] INFO: [c4e959f9-22a6-44a4-85a3-5760dbf429e0] 正在处理子页面(深度1) (已处理1个页面): https://www.henley.ac.uk/study/masters/careers-outcomes
2025-08-28 23:53:48 [program_spider] INFO: [c4e959f9-22a6-44a4-85a3-5760dbf429e0] 计数器变更: 9 -> 8, 操作: 完成页面解析
2025-08-28 23:53:48 [program_spider] INFO: [c4e959f9-22a6-44a4-85a3-5760dbf429e0] 正在处理子页面(深度1) (已处理2个页面): https://risis.reading.ac.uk/urd/sits.urd/run/siw_ipp_lgn.login?process=siw_ipp_app&code1=P_ADM&code2...
2025-08-28 23:53:48 [program_spider] INFO: [c4e959f9-22a6-44a4-85a3-5760dbf429e0] 计数器变更: 8 -> 7, 操作: 完成页面解析
2025-08-28 23:53:48 [program_spider] INFO: [c4e959f9-22a6-44a4-85a3-5760dbf429e0] 正在处理子页面(深度1) (已处理3个页面): https://www.reading.ac.uk/isli/pre-sessional-english
2025-08-28 23:53:48 [program_spider] INFO: [c4e959f9-22a6-44a4-85a3-5760dbf429e0] 计数器变更: 7 -> 6, 操作: 完成页面解析
2025-08-28 23:53:49 [scrapy.extensions.logstats] INFO: Crawled 51 pages (at 51 pages/min), scraped 4 items (at 4 items/min)
2025-08-28 23:53:49 [program_spider] INFO: [c4e959f9-22a6-44a4-85a3-5760dbf429e0] 正在处理子页面(深度1) (已处理4个页面): https://www.reading.ac.uk/ready-to-study/international-and-eu/country-specific-information
2025-08-28 23:53:49 [program_spider] INFO: [c4e959f9-22a6-44a4-85a3-5760dbf429e0] 计数器变更: 6 -> 5, 操作: 完成页面解析
2025-08-28 23:53:49 [program_spider] INFO: [c4e959f9-22a6-44a4-85a3-5760dbf429e0] 正在处理子页面(深度1) (已处理5个页面): https://www.henley.ac.uk/study/masters/msc-in-marketing-international-marketing
2025-08-28 23:53:49 [program_spider] INFO: [c4e959f9-22a6-44a4-85a3-5760dbf429e0] 计数器变更: 5 -> 4, 操作: 完成页面解析
2025-08-28 23:53:50 [program_spider] INFO: [c4e959f9-22a6-44a4-85a3-5760dbf429e0] 正在处理子页面(深度1) (已处理6个页面): https://www.henley.ac.uk/study/masters/msc-marketing-sustainable-marketing
2025-08-28 23:53:51 [program_spider] INFO: [c4e959f9-22a6-44a4-85a3-5760dbf429e0] 计数器变更: 4 -> 3, 操作: 完成页面解析
2025-08-28 23:53:51 [program_spider] INFO: [c4e959f9-22a6-44a4-85a3-5760dbf429e0] 正在处理子页面(深度1) (已处理7个页面): https://www.reading.ac.uk/admissions/acceptable-english-language-proficiency-tests
2025-08-28 23:53:51 [program_spider] INFO: [c4e959f9-22a6-44a4-85a3-5760dbf429e0] 计数器变更: 3 -> 2, 操作: 完成页面解析
2025-08-28 23:53:52 [program_spider] INFO: [c4e959f9-22a6-44a4-85a3-5760dbf429e0] 正在处理子页面(深度1) (已处理8个页面): https://www.henley.ac.uk/study/masters/scholarships-funding
2025-08-28 23:53:52 [program_spider] INFO: [c4e959f9-22a6-44a4-85a3-5760dbf429e0] 计数器变更: 2 -> 1, 操作: 完成页面解析
2025-08-28 23:53:53 [program_spider] INFO: [c4e959f9-22a6-44a4-85a3-5760dbf429e0] 正在处理子页面(深度1) (已处理9个页面): https://www.henley.ac.uk/why/careers
2025-08-28 23:53:53 [program_spider] INFO: [c4e959f9-22a6-44a4-85a3-5760dbf429e0] 计数器变更: 1 -> 0, 操作: 完成页面解析
2025-08-28 23:53:54 [program_spider] INFO: [c4e959f9-22a6-44a4-85a3-5760dbf429e0] 正在完成项目
2025-08-28 23:53:54 [program_spider] INFO: 
------------------------------------------------------------
2025-08-28 23:53:54 [program_spider] INFO: [c4e959f9-22a6-44a4-85a3-5760dbf429e0] 项目完成: 雷丁大学数字营销理学硕士
2025-08-28 23:53:54 [program_spider] INFO: [c4e959f9-22a6-44a4-85a3-5760dbf429e0]   - 总页数: 10
2025-08-28 23:53:54 [program_spider] INFO: [c4e959f9-22a6-44a4-85a3-5760dbf429e0]   - 成功页数: 10
2025-08-28 23:53:54 [program_spider] INFO: [c4e959f9-22a6-44a4-85a3-5760dbf429e0]   - 失败页数: 0
2025-08-28 23:53:54 [program_spider] INFO: [c4e959f9-22a6-44a4-85a3-5760dbf429e0]   - 成功率: 100.0%
2025-08-28 23:53:54 [program_spider] INFO: ------------------------------------------------------------
2025-08-28 23:53:54 [program_spider] INFO: [c4e959f9-22a6-44a4-85a3-5760dbf429e0] 仍有 1 个项目待爬，将在爬虫空闲时继续。
2025-08-28 23:53:54 [program_spider] INFO: 成功保存项目数据: output/市场营销/雷丁大学数字营销理学硕士_市场营销.json
2025-08-28 23:53:54 [program_spider] INFO: spider_idle 触发，调度下一个项目 …
2025-08-28 23:53:54 [program_spider] INFO: 
================================================================================
2025-08-28 23:53:54 [program_spider] INFO: 开始爬取项目 [6/6]
2025-08-28 23:53:54 [program_spider] INFO: 项目名称: 贝尔法斯特女王大学市场营销理学硕士
2025-08-28 23:53:54 [program_spider] INFO: 项目ID: 917bced8-b0dc-438b-8ad2-f22f37c8f015
2025-08-28 23:53:54 [program_spider] INFO: 根URL: https://www.qub.ac.uk/courses/postgraduate-taught/marketing-msc/
2025-08-28 23:53:54 [program_spider] INFO: 剩余项目数: 0
2025-08-28 23:53:54 [program_spider] INFO: ================================================================================
2025-08-28 23:53:54 [program_spider] INFO: [917bced8-b0dc-438b-8ad2-f22f37c8f015] 计数器变更: 0 -> 1, 操作: 启动根页面请求
2025-08-28 23:53:55 [program_spider] INFO: [917bced8-b0dc-438b-8ad2-f22f37c8f015] 正在处理根页面 (已处理0个页面): https://www.qub.ac.uk/courses/postgraduate-taught/marketing-msc/
2025-08-28 23:53:55 [program_spider] INFO: [917bced8-b0dc-438b-8ad2-f22f37c8f015] 页面总链接数: 261
2025-08-28 23:53:55 [program_spider] INFO: [917bced8-b0dc-438b-8ad2-f22f37c8f015] 移除导航后链接数: 57 (移除了 0 个导航链接)
2025-08-28 23:53:55 [program_spider] INFO: [917bced8-b0dc-438b-8ad2-f22f37c8f015] 有效链接数: 33, 关键词匹配数: 11, 最终提取数: 10
2025-08-28 23:53:55 [program_spider] INFO: [917bced8-b0dc-438b-8ad2-f22f37c8f015] 页面 https://www.qub.ac.uk/courses/postgraduate-taught/marketing-msc/ (depth=0, is_root=True) 提取到 10 个链接
2025-08-28 23:53:55 [program_spider] INFO: [917bced8-b0dc-438b-8ad2-f22f37c8f015] 爬取子链接: https://go.qub.ac.uk/pgapply (锚文本: 'Apply now', 匹配关键词: 'apply')
2025-08-28 23:53:55 [program_spider] INFO: [917bced8-b0dc-438b-8ad2-f22f37c8f015] 爬取子链接: https://www.qub.ac.uk/directorates/AcademicStudentAffairs/AcademicAffairs/ProgrammeSpecifications/ (锚文本: 'Programme Specifications', 匹配关键词: 'program')
2025-08-28 23:53:55 [program_spider] INFO: [917bced8-b0dc-438b-8ad2-f22f37c8f015] 爬取子链接: https://www.qub.ac.uk/directorates/sgc/careers/ (锚文本: 'https://www.qub.ac.uk/directorates/sgc/careers/', 匹配关键词: 'career')
2025-08-28 23:53:55 [program_spider] INFO: [917bced8-b0dc-438b-8ad2-f22f37c8f015] 爬取子链接: http://www.qub.ac.uk/Study/PostgraduateStudy/TuitionFees/ (锚文本: 'More information on postgraduate tuition fees', 匹配关键词: 'tuition')
2025-08-28 23:53:55 [program_spider] INFO: [917bced8-b0dc-438b-8ad2-f22f37c8f015] 爬取子链接: https://www.qub.ac.uk/Study/postgraduate/tuition-fees/deposit-refunds-policy/ (锚文本: 'https://www.qub.ac.uk/Study/postgraduate/tuition-fees/deposit-refunds-policy/', 匹配关键词: 'tuition')
2025-08-28 23:53:55 [program_spider] INFO: [917bced8-b0dc-438b-8ad2-f22f37c8f015] 爬取子链接: https://www.qub.ac.uk/Study/PostgraduateStudy/FundingandScholarships/postgraduate-loans-northern-ireland (锚文本: 'Tuition fee loan information', 匹配关键词: 'tuition')
2025-08-28 23:53:55 [program_spider] INFO: [917bced8-b0dc-438b-8ad2-f22f37c8f015] 爬取子链接: https://www.qub.ac.uk/Study/PostgraduateStudy/FundingandScholarships/ (锚文本: 'More information on  funding options and financial assistance', 匹配关键词: 'financial')
2025-08-28 23:53:55 [program_spider] INFO: [917bced8-b0dc-438b-8ad2-f22f37c8f015] 爬取子链接: https://www.qub.ac.uk/Study/international-students/international-scholarships/ (锚文本: 'www.qub.ac.uk/Study/international-students/international-scholarships', 匹配关键词: 'scholarship')
2025-08-28 23:53:55 [program_spider] INFO: [917bced8-b0dc-438b-8ad2-f22f37c8f015] 爬取子链接: https://www.qub.ac.uk/Study/PostgraduateStudy/How-to-apply/ (锚文本: 'how to apply', 匹配关键词: 'apply')
2025-08-28 23:53:55 [program_spider] INFO: [917bced8-b0dc-438b-8ad2-f22f37c8f015] 爬取子链接: https://www.qub.ac.uk/campaign/ahss/pgt/qbs-scholarships/ (锚文本: '£6,000 International Scholarship (Automatic)
Queen's Business School Scholarship', 匹配关键词: 'scholarship')
2025-08-28 23:53:55 [program_spider] INFO: [917bced8-b0dc-438b-8ad2-f22f37c8f015] 提取链接完成，去重前 10 个链接，去重后 10 个新请求（去重了 0 个重复链接）
2025-08-28 23:53:55 [program_spider] INFO: [917bced8-b0dc-438b-8ad2-f22f37c8f015] 计数器变更: 1 -> 11, 操作: 添加10个子页面请求
2025-08-28 23:53:55 [program_spider] INFO: [917bced8-b0dc-438b-8ad2-f22f37c8f015] 添加 10 个新请求，当前剩余: 10
2025-08-28 23:53:55 [program_spider] INFO: [917bced8-b0dc-438b-8ad2-f22f37c8f015] 计数器变更: 11 -> 10, 操作: 完成页面解析
2025-08-28 23:53:55 [program_spider] INFO: [917bced8-b0dc-438b-8ad2-f22f37c8f015] 正在处理子页面(深度1) (已处理1个页面): https://www.qub.ac.uk/campaign/ahss/pgt/qbs-scholarships/
2025-08-28 23:53:55 [program_spider] INFO: [917bced8-b0dc-438b-8ad2-f22f37c8f015] 计数器变更: 10 -> 9, 操作: 完成页面解析
2025-08-28 23:53:57 [program_spider] INFO: [917bced8-b0dc-438b-8ad2-f22f37c8f015] 正在处理子页面(深度1) (已处理2个页面): https://myportal.qub.ac.uk/SignIn?ReturnUrl=%2Fpg-admission-application-list%2F
2025-08-28 23:53:57 [program_spider] INFO: [917bced8-b0dc-438b-8ad2-f22f37c8f015] 计数器变更: 9 -> 8, 操作: 完成页面解析
2025-08-28 23:53:57 [program_spider] INFO: [917bced8-b0dc-438b-8ad2-f22f37c8f015] 正在处理子页面(深度1) (已处理3个页面): https://www.qub.ac.uk/Study/international-students/international-scholarships/
2025-08-28 23:53:58 [program_spider] INFO: [917bced8-b0dc-438b-8ad2-f22f37c8f015] 计数器变更: 8 -> 7, 操作: 完成页面解析
2025-08-28 23:54:00 [program_spider] INFO: [917bced8-b0dc-438b-8ad2-f22f37c8f015] 正在处理子页面(深度1) (已处理4个页面): https://www.qub.ac.uk/Study/postgraduate/tuition-fees/deposit-refunds-policy/
2025-08-28 23:54:01 [program_spider] INFO: [917bced8-b0dc-438b-8ad2-f22f37c8f015] 计数器变更: 7 -> 6, 操作: 完成页面解析
2025-08-28 23:54:02 [program_spider] INFO: [917bced8-b0dc-438b-8ad2-f22f37c8f015] 正在处理子页面(深度1) (已处理5个页面): https://www.qub.ac.uk/directorates/sgc/careers/
2025-08-28 23:54:03 [program_spider] INFO: [917bced8-b0dc-438b-8ad2-f22f37c8f015] 计数器变更: 6 -> 5, 操作: 完成页面解析
2025-08-28 23:54:03 [program_spider] INFO: [917bced8-b0dc-438b-8ad2-f22f37c8f015] 正在处理子页面(深度1) (已处理6个页面): https://www.qub.ac.uk/directorates/AcademicStudentAffairs/AcademicAffairs/ProgrammeSpecifications/
2025-08-28 23:54:04 [program_spider] INFO: [917bced8-b0dc-438b-8ad2-f22f37c8f015] 计数器变更: 5 -> 4, 操作: 完成页面解析
2025-08-28 23:54:04 [program_spider] INFO: [917bced8-b0dc-438b-8ad2-f22f37c8f015] 正在处理子页面(深度1) (已处理7个页面): https://www.qub.ac.uk/Study/postgraduate/masters-degrees/applying/
2025-08-28 23:54:05 [program_spider] INFO: [917bced8-b0dc-438b-8ad2-f22f37c8f015] 计数器变更: 4 -> 3, 操作: 完成页面解析
2025-08-28 23:54:05 [program_spider] INFO: [917bced8-b0dc-438b-8ad2-f22f37c8f015] 正在处理子页面(深度1) (已处理8个页面): https://www.qub.ac.uk/Study/postgraduate/funding-scholarships/
2025-08-28 23:54:06 [program_spider] INFO: [917bced8-b0dc-438b-8ad2-f22f37c8f015] 计数器变更: 3 -> 2, 操作: 完成页面解析
2025-08-28 23:54:08 [program_spider] INFO: [917bced8-b0dc-438b-8ad2-f22f37c8f015] 正在处理子页面(深度1) (已处理9个页面): https://www.qub.ac.uk/Study/postgraduate/funding-scholarships/postgraduate-loans-northern-ireland/
2025-08-28 23:54:09 [program_spider] INFO: [917bced8-b0dc-438b-8ad2-f22f37c8f015] 计数器变更: 2 -> 1, 操作: 完成页面解析
2025-08-28 23:54:09 [program_spider] INFO: [917bced8-b0dc-438b-8ad2-f22f37c8f015] 正在处理子页面(深度1) (已处理10个页面): https://www.qub.ac.uk/Study/postgraduate/tuition-fees/
2025-08-28 23:54:10 [program_spider] INFO: [917bced8-b0dc-438b-8ad2-f22f37c8f015] 计数器变更: 1 -> 0, 操作: 完成页面解析
2025-08-28 23:54:11 [program_spider] INFO: [917bced8-b0dc-438b-8ad2-f22f37c8f015] 正在完成项目
2025-08-28 23:54:11 [program_spider] INFO: 
------------------------------------------------------------
2025-08-28 23:54:11 [program_spider] INFO: [917bced8-b0dc-438b-8ad2-f22f37c8f015] 项目完成: 贝尔法斯特女王大学市场营销理学硕士
2025-08-28 23:54:11 [program_spider] INFO: [917bced8-b0dc-438b-8ad2-f22f37c8f015]   - 总页数: 11
2025-08-28 23:54:11 [program_spider] INFO: [917bced8-b0dc-438b-8ad2-f22f37c8f015]   - 成功页数: 11
2025-08-28 23:54:11 [program_spider] INFO: [917bced8-b0dc-438b-8ad2-f22f37c8f015]   - 失败页数: 0
2025-08-28 23:54:11 [program_spider] INFO: [917bced8-b0dc-438b-8ad2-f22f37c8f015]   - 成功率: 100.0%
2025-08-28 23:54:11 [program_spider] INFO: ------------------------------------------------------------
2025-08-28 23:54:11 [program_spider] INFO: 
==================================================
2025-08-28 23:54:11 [program_spider] INFO: 所有项目已完成
2025-08-28 23:54:11 [program_spider] INFO: 完成率: 6/6 (100%)
2025-08-28 23:54:11 [program_spider] INFO: ==================================================
2025-08-28 23:54:11 [program_spider] INFO: 成功保存项目数据: output/市场营销/贝尔法斯特女王大学市场营销理学硕士_市场营销.json
2025-08-28 23:54:11 [scrapy.core.engine] INFO: Closing spider (finished)
2025-08-28 23:54:11 [program_spider] INFO: === 爬虫完成统计 ===
2025-08-28 23:54:11 [program_spider] INFO: 总项目数: 6
2025-08-28 23:54:11 [program_spider] INFO: 完成项目数: 6
2025-08-28 23:54:11 [program_spider] INFO: 失败项目数: 0
2025-08-28 23:54:11 [program_spider] INFO: 关闭原因: finished
2025-08-28 23:54:11 [scrapy.statscollectors] INFO: Dumping Scrapy stats:
{'downloader/request_bytes': 94402,
 'downloader/request_count': 96,
 'downloader/request_method_count/GET': 96,
 'downloader/response_bytes': 6366145,
 'downloader/response_count': 96,
 'downloader/response_status_count/200': 68,
 'downloader/response_status_count/301': 23,
 'downloader/response_status_count/302': 5,
 'elapsed_time_seconds': 81.835791,
 'finish_reason': 'finished',
 'finish_time': datetime.datetime(2025, 8, 29, 4, 54, 11, 59793, tzinfo=datetime.timezone.utc),
 'httpcompression/response_bytes': 7746783,
 'httpcompression/response_count': 30,
 'item_scraped_count': 6,
 'items_per_minute': 4.444444444444444,
 'log_count/INFO': 370,
 'log_count/WARNING': 1,
 'memusage/max': 89120768,
 'memusage/startup': 64790528,
 'request_depth_max': 1,
 'response_received_count': 68,
 'responses_per_minute': 50.37037037037037,
 'scheduler/dequeued': 96,
 'scheduler/dequeued/memory': 96,
 'scheduler/enqueued': 96,
 'scheduler/enqueued/memory': 96,
 'start_time': datetime.datetime(2025, 8, 29, 4, 52, 49, 224002, tzinfo=datetime.timezone.utc)}
2025-08-28 23:54:11 [scrapy.core.engine] INFO: Spider closed (finished)
